Archive member included because of file (symbol)

c:/program files (x86)/microchip/mplab c32 suite/bin/../lib/gcc/pic32mx/4.5.1/size\libgcc.a(_udivdi3.o)
                              Objects - TCPIP PIC32 ETH Demo App-C32\TCPPerformanceTest.o (__udivdi3)
c:/program files (x86)/microchip/mplab c32 suite/bin/../lib/gcc/pic32mx/4.5.1/../../../../pic32mx/lib/size\libc.a(memcmp.o)
                              Objects - TCPIP PIC32 ETH Demo App-C32\CustomHTTPApp.o (memcmp)
c:/program files (x86)/microchip/mplab c32 suite/bin/../lib/gcc/pic32mx/4.5.1/../../../../pic32mx/lib/size\libc.a(memcpy.o)
                              Objects - TCPIP PIC32 ETH Demo App-C32\MainDemo.o (memcpy)
c:/program files (x86)/microchip/mplab c32 suite/bin/../lib/gcc/pic32mx/4.5.1/../../../../pic32mx/lib/size\libc.a(memset.o)
                              Objects - TCPIP PIC32 ETH Demo App-C32\DHCP.o (memset)
c:/program files (x86)/microchip/mplab c32 suite/bin/../lib/gcc/pic32mx/4.5.1/../../../../pic32mx/lib/size\libc.a(strcmp.o)
                              Objects - TCPIP PIC32 ETH Demo App-C32\CustomHTTPApp.o (strcmp)
c:/program files (x86)/microchip/mplab c32 suite/bin/../lib/gcc/pic32mx/4.5.1/../../../../pic32mx/lib/size\libc.a(strlen.o)
                              Objects - TCPIP PIC32 ETH Demo App-C32\CustomHTTPApp.o (strlen)
c:/program files (x86)/microchip/mplab c32 suite/bin/../lib/gcc/pic32mx/4.5.1/../../../../pic32mx/lib/size\libc.a(general-exception.o)
                              c:/program files (x86)/microchip/mplab c32 suite/bin/../lib/gcc/pic32mx/4.5.1/../../../../pic32mx/lib/size/crt0.o (_general_exception_context)
c:/program files (x86)/microchip/mplab c32 suite/bin/../lib/gcc/pic32mx/4.5.1/../../../../pic32mx/lib/size\libc.a(atoi.o)
                              Objects - TCPIP PIC32 ETH Demo App-C32\SMTP.o (atoi)
c:/program files (x86)/microchip/mplab c32 suite/bin/../lib/gcc/pic32mx/4.5.1/../../../../pic32mx/lib/size\libc.a(atol.o)
                              Objects - TCPIP PIC32 ETH Demo App-C32\CustomHTTPApp.o (atol)
c:/program files (x86)/microchip/mplab c32 suite/bin/../lib/gcc/pic32mx/4.5.1/../../../../pic32mx/lib/size\libc.a(calloc.o)
                              Objects - TCPIP PIC32 ETH Demo App-C32\ETHPIC32IntMac.o (calloc)
c:/program files (x86)/microchip/mplab c32 suite/bin/../lib/gcc/pic32mx/4.5.1/../../../../pic32mx/lib/size\libc.a(ctype.o)
                              c:/program files (x86)/microchip/mplab c32 suite/bin/../lib/gcc/pic32mx/4.5.1/../../../../pic32mx/lib/size\libc.a(atoi.o) (_ctype)
c:/program files (x86)/microchip/mplab c32 suite/bin/../lib/gcc/pic32mx/4.5.1/../../../../pic32mx/lib/size\libc.a(ltoa.o)
                              Objects - TCPIP PIC32 ETH Demo App-C32\TCPPerformanceTest.o (ultoa)
c:/program files (x86)/microchip/mplab c32 suite/bin/../lib/gcc/pic32mx/4.5.1/../../../../pic32mx/lib/size\libc.a(malloc.o)
                              c:/program files (x86)/microchip/mplab c32 suite/bin/../lib/gcc/pic32mx/4.5.1/../../../../pic32mx/lib/size\libc.a(calloc.o) (malloc)
c:/program files (x86)/microchip/mplab c32 suite/bin/../lib/gcc/pic32mx/4.5.1/../../../../pic32mx/lib/size\libc.a(strchr.o)
                              Objects - TCPIP PIC32 ETH Demo App-C32\SMTP.o (strchr)
c:/program files (x86)/microchip/mplab c32 suite/bin/../lib/gcc/pic32mx/4.5.1/../../../../pic32mx/lib/size\libc.a(strncpy.o)
                              Objects - TCPIP PIC32 ETH Demo App-C32\Helpers.o (strncpy)
c:/program files (x86)/microchip/mplab c32 suite/bin/../lib/gcc/pic32mx/4.5.1/../../../../pic32mx/lib/size\libc.a(strstr.o)
                              Objects - TCPIP PIC32 ETH Demo App-C32\SMTP.o (strstr)
c:/program files (x86)/microchip/mplab c32 suite/bin/../lib/gcc/pic32mx/4.5.1/../../../../pic32mx/lib/size\libc.a(sbrk.o)
                              c:/program files (x86)/microchip/mplab c32 suite/bin/../lib/gcc/pic32mx/4.5.1/../../../../pic32mx/lib/size\libc.a(malloc.o) (sbrk)
c:/program files (x86)/microchip/mplab c32 suite/bin/../lib/gcc/pic32mx/4.5.1/../../../../pic32mx/lib/size\libc.a(default-bootstrap-exception-handler.o)
                              c:/program files (x86)/microchip/mplab c32 suite/bin/../lib/gcc/pic32mx/4.5.1/../../../../pic32mx/lib/size/crt0.o (_bootstrap_exception_handler)
c:/program files (x86)/microchip/mplab c32 suite/bin/../lib/gcc/pic32mx/4.5.1/../../../../pic32mx/lib/size\libc.a(default-on-reset.o)
                              c:/program files (x86)/microchip/mplab c32 suite/bin/../lib/gcc/pic32mx/4.5.1/../../../../pic32mx/lib/size/crt0.o (_on_reset)
c:/program files (x86)/microchip/mplab c32 suite/bin/../lib/gcc/pic32mx/4.5.1/../../../../pic32mx/lib/size\libc.a(default-on-bootstrap.o)
                              c:/program files (x86)/microchip/mplab c32 suite/bin/../lib/gcc/pic32mx/4.5.1/../../../../pic32mx/lib/size/crt0.o (_on_bootstrap)
[...]
Memory Configuration

Name             Origin             Length             Attributes
kseg0_program_mem 0x9d000000         0x00080000         xr
kseg0_boot_mem   0x9fc00490         0x00000970
exception_mem    0x9fc01000         0x00001000
kseg1_boot_mem   0xbfc00000         0x00000490
debug_exec_mem   0xbfc02000         0x00000ff0
config3          0xbfc02ff0         0x00000004
config2          0xbfc02ff4         0x00000004
config1          0xbfc02ff8         0x00000004
config0          0xbfc02ffc         0x00000004
kseg1_data_mem   0xa0000000         0x00020000         w !x
sfrs             0xbf800000         0x00100000
configsfrs       0xbfc02ff0         0x00000010
*default*        0x00000000         0xffffffff

Linker script and memory map

LOAD c:/program files (x86)/microchip/mplab c32 suite/bin/../lib/gcc/pic32mx/4.5.1/../../../../pic32mx/lib/size/crt0.o
                0x00000001                _DEBUGGER = 0x1
LOAD Objects - TCPIP PIC32 ETH Demo App-C32\MainDemo.o
LOAD Objects - TCPIP PIC32 ETH Demo App-C32\CustomHTTPApp.o
LOAD Objects - TCPIP PIC32 ETH Demo App-C32\UDPPerformanceTest.o
LOAD Objects - TCPIP PIC32 ETH Demo App-C32\Announce.o
LOAD Objects - TCPIP PIC32 ETH Demo App-C32\ARP.o
LOAD Objects - TCPIP PIC32 ETH Demo App-C32\Delay.o
LOAD Objects - TCPIP PIC32 ETH Demo App-C32\DHCP.o
LOAD Objects - TCPIP PIC32 ETH Demo App-C32\DHCPs.o
LOAD Objects - TCPIP PIC32 ETH Demo App-C32\DNS.o
LOAD Objects - TCPIP PIC32 ETH Demo App-C32\DynDNS.o
LOAD Objects - TCPIP PIC32 ETH Demo App-C32\ENC28J60.o
LOAD Objects - TCPIP PIC32 ETH Demo App-C32\FTP.o
LOAD Objects - TCPIP PIC32 ETH Demo App-C32\Hashes.o
LOAD Objects - TCPIP PIC32 ETH Demo App-C32\Helpers.o
LOAD Objects - TCPIP PIC32 ETH Demo App-C32\HTTP2.o
LOAD Objects - TCPIP PIC32 ETH Demo App-C32\HTTP.o
LOAD Objects - TCPIP PIC32 ETH Demo App-C32\ICMP.o
LOAD Objects - TCPIP PIC32 ETH Demo App-C32\IP.o
LOAD Objects - TCPIP PIC32 ETH Demo App-C32\LCDBlocking.o
LOAD Objects - TCPIP PIC32 ETH Demo App-C32\MPFS2.o
LOAD Objects - TCPIP PIC32 ETH Demo App-C32\MPFS.o
LOAD Objects - TCPIP PIC32 ETH Demo App-C32\NBNS.o
LOAD Objects - TCPIP PIC32 ETH Demo App-C32\Reboot.o
LOAD Objects - TCPIP PIC32 ETH Demo App-C32\SMTP.o
LOAD Objects - TCPIP PIC32 ETH Demo App-C32\SNMP.o
LOAD Objects - TCPIP PIC32 ETH Demo App-C32\SNTP.o
LOAD Objects - TCPIP PIC32 ETH Demo App-C32\SPIEEPROM.o
LOAD Objects - TCPIP PIC32 ETH Demo App-C32\SPIFlash.o
LOAD Objects - TCPIP PIC32 ETH Demo App-C32\SPIRAM.o
LOAD Objects - TCPIP PIC32 ETH Demo App-C32\StackTsk.o
LOAD Objects - TCPIP PIC32 ETH Demo App-C32\TCP.o
LOAD Objects - TCPIP PIC32 ETH Demo App-C32\TCPPerformanceTest.o
LOAD Objects - TCPIP PIC32 ETH Demo App-C32\Telnet.o
LOAD Objects - TCPIP PIC32 ETH Demo App-C32\TFTPc.o
LOAD Objects - TCPIP PIC32 ETH Demo App-C32\Tick.o
LOAD Objects - TCPIP PIC32 ETH Demo App-C32\UART2TCPBridge.o
LOAD Objects - TCPIP PIC32 ETH Demo App-C32\UDP.o
LOAD Objects - TCPIP PIC32 ETH Demo App-C32\CustomSNMPApp.o
LOAD Objects - TCPIP PIC32 ETH Demo App-C32\UARTConfig.o
LOAD Objects - TCPIP PIC32 ETH Demo App-C32\GenericTCPClient.o
LOAD Objects - TCPIP PIC32 ETH Demo App-C32\GenericTCPServer.o
LOAD Objects - TCPIP PIC32 ETH Demo App-C32\LegacyHTTPApp.o
LOAD Objects - TCPIP PIC32 ETH Demo App-C32\PingDemo.o
LOAD Objects - TCPIP PIC32 ETH Demo App-C32\SMTPDemo.o
LOAD Objects - TCPIP PIC32 ETH Demo App-C32\BerkeleyAPI.o
LOAD Objects - TCPIP PIC32 ETH Demo App-C32\BerkeleyUDPClientDemo.o
LOAD Objects - TCPIP PIC32 ETH Demo App-C32\BerkeleyTCPClientDemo.o
LOAD Objects - TCPIP PIC32 ETH Demo App-C32\BerkeleyTCPServerDemo.o
LOAD Objects - TCPIP PIC32 ETH Demo App-C32\ENCX24J600.o
LOAD Objects - TCPIP PIC32 ETH Demo App-C32\MPFSImg2.o
LOAD Objects - TCPIP PIC32 ETH Demo App-C32\Random.o
LOAD Objects - TCPIP PIC32 ETH Demo App-C32\RSA.o
LOAD Objects - TCPIP PIC32 ETH Demo App-C32\SSL.o
LOAD Objects - TCPIP PIC32 ETH Demo App-C32\ARCFOUR.o
LOAD Objects - TCPIP PIC32 ETH Demo App-C32\BigInt.o
LOAD Objects - TCPIP PIC32 ETH Demo App-C32\BigInt_helper_C32.o
LOAD Objects - TCPIP PIC32 ETH Demo App-C32\CustomSSLCert.o
LOAD Objects - TCPIP PIC32 ETH Demo App-C32\AutoIP.o
LOAD Objects - TCPIP PIC32 ETH Demo App-C32\ETHPIC32IntMac.o
LOAD Objects - TCPIP PIC32 ETH Demo App-C32\ETHPIC32ExtPhy.o
LOAD Objects - TCPIP PIC32 ETH Demo App-C32\ETHPIC32ExtPhyDP83848.o
LOAD Objects - TCPIP PIC32 ETH Demo App-C32\UART.o
                0x00000001                __MPLAB_BUILD = 0x1
                0x00000001                __MPLAB_DEBUG = 0x1
                0x00000001                __MPLAB_DEBUGGER_REAL_ICE = 0x1
                0x00000001                __ICD2RAM = 0x1
                0x00003e80                _min_heap_size = 0x3e80
                0x00000800                _min_stack_size = 0x800
LOAD c:/program files (x86)/microchip/mplab c32 suite/bin/../lib/gcc/pic32mx/4.5.1/size\libgcc.a
START GROUP
LOAD c:/program files (x86)/microchip/mplab c32 suite/bin/../lib/gcc/pic32mx/4.5.1/../../../../pic32mx/lib/size\libdebug.a
LOAD c:/program files (x86)/microchip/mplab c32 suite/bin/../lib/gcc/pic32mx/4.5.1/../../../../pic32mx/lib/size\libc.a
LOAD c:/program files (x86)/microchip/mplab c32 suite/bin/../lib/gcc/pic32mx/4.5.1/../../../../pic32mx/lib/size\libm.a
LOAD c:/program files (x86)/microchip/mplab c32 suite/bin/../lib/gcc/pic32mx/4.5.1/../../../../pic32mx/lib/size\libe.a
LOAD c:/program files (x86)/microchip/mplab c32 suite/bin/../lib/gcc/pic32mx/4.5.1/../../../../pic32mx/lib/size\libdsp.a
LOAD c:/program files (x86)/microchip/mplab c32 suite/bin/../lib/gcc/pic32mx/4.5.1/../../../../pic32mx/lib/size\libmchp_peripheral.a
LOAD c:/program files (x86)/microchip/mplab c32 suite/bin/../lib/gcc/pic32mx/4.5.1/../../../../pic32mx/lib/size\libmchp_peripheral_32MX795F512L.a
END GROUP
LOAD c:/program files (x86)/microchip/mplab c32 suite/bin/../lib/gcc/pic32mx/4.5.1/size\libgcc.a
                0x00000400                PROVIDE (_min_stack_size, 0x400)
                0x00000000                PROVIDE (_min_heap_size, 0x0)
LOAD c:/program files (x86)/microchip/mplab c32 suite/bin/../lib/gcc/pic32mx/4.5.1/../../../../pic32mx/lib/./proc/32MX795F512L\processor.o
                0x00000001                PROVIDE (_vector_spacing, 0x1)
                0x9fc01000                _ebase_address = 0x9fc01000
                0xbfc00000                _RESET_ADDR = 0xbfc00000
                0xbfc00380                _BEV_EXCPT_ADDR = 0xbfc00380
                0xbfc00480                _DBG_EXCPT_ADDR = 0xbfc00480
                0xbfc02000                _DBG_CODE_ADDR = 0xbfc02000
                0x00000ff0                _DBG_CODE_SIZE = 0xff0
                0x9fc01180                _GEN_EXCPT_ADDR = (_ebase_address + 0x180)

.config_BFC02FF0
                0xbfc02ff0        0x4
 *(.config_BFC02FF0)
 .config_BFC02FF0
                0xbfc02ff0        0x4 Objects - TCPIP PIC32 ETH Demo App-C32\MainDemo.o

.config_BFC02FF4
                0xbfc02ff4        0x4
 *(.config_BFC02FF4)
 .config_BFC02FF4
                0xbfc02ff4        0x4 Objects - TCPIP PIC32 ETH Demo App-C32\MainDemo.o

.config_BFC02FF8
                0xbfc02ff8        0x4
 *(.config_BFC02FF8)
 .config_BFC02FF8
                0xbfc02ff8        0x4 Objects - TCPIP PIC32 ETH Demo App-C32\MainDemo.o

.config_BFC02FFC
                0xbfc02ffc        0x4
 *(.config_BFC02FFC)
 .config_BFC02FFC
                0xbfc02ffc        0x4 Objects - TCPIP PIC32 ETH Demo App-C32\MainDemo.o
                0xbfc02000                PROVIDE (_DBG_CODE_ADDR, 0xbfc02000)
                0x00000ff0                PROVIDE (_DBG_CODE_SIZE, 0xff0)

.reset          0xbfc00000      0x1f4
 *(.reset)
 .reset         0xbfc00000       0x10 c:/program files (x86)/microchip/mplab c32 suite/bin/../lib/gcc/pic32mx/4.5.1/../../../../pic32mx/lib/size/crt0.o
                0xbfc00000                _reset
 *(.reset.startup)
 .reset.startup
                0xbfc00010      0x1e4 c:/program files (x86)/microchip/mplab c32 suite/bin/../lib/gcc/pic32mx/4.5.1/../../../../pic32mx/lib/size/crt0.o

.bev_excpt      0xbfc00380       0x10
 *(.bev_handler)
 .bev_handler   0xbfc00380       0x10 c:/program files (x86)/microchip/mplab c32 suite/bin/../lib/gcc/pic32mx/4.5.1/../../../../pic32mx/lib/size/crt0.o

.dbg_excpt      0xbfc00480        0x8
                0xbfc00480                . = (. + DEFINED (_DEBUGGER)?0x8:0x0)
 *fill*         0xbfc00480        0x8 00

.dbg_code       0xbfc02000      0xff0
                0xbfc02000                . = (. + DEFINED (_DEBUGGER)?_DBG_CODE_SIZE:0x0)
 *fill*         0xbfc02000      0xff0 00

.app_excpt      0x9fc01180       0x10
 *(.gen_handler)
 .gen_handler   0x9fc01180       0x10 c:/program files (x86)/microchip/mplab c32 suite/bin/../lib/gcc/pic32mx/4.5.1/../../../../pic32mx/lib/size/crt0.o

.vector_0       0x9fc01200        0x0
 *(.vector_0)
                0x00000001                ASSERT (((_vector_spacing == 0x0) || (SIZEOF (.vector_0) <= (_vector_spacing << 0x5))), function at exception vector 0 too large)

.vector_1       0x9fc01220        0x0
 *(.vector_1)
                0x00000001                ASSERT (((_vector_spacing == 0x0) || (SIZEOF (.vector_1) <= (_vector_spacing << 0x5))), function at exception vector 1 too large)

.vector_2       0x9fc01240        0x0
 *(.vector_2)
                0x00000001                ASSERT (((_vector_spacing == 0x0) || (SIZEOF (.vector_2) <= (_vector_spacing << 0x5))), function at exception vector 2 too large)

.vector_3       0x9fc01260        0x0
 *(.vector_3)
                0x00000001                ASSERT (((_vector_spacing == 0x0) || (SIZEOF (.vector_3) <= (_vector_spacing << 0x5))), function at exception vector 3 too large)

.vector_4       0x9fc01280        0x0
 *(.vector_4)
                0x00000001                ASSERT (((_vector_spacing == 0x0) || (SIZEOF (.vector_4) <= (_vector_spacing << 0x5))), function at exception vector 4 too large)

.vector_5       0x9fc012a0        0x0
 *(.vector_5)
                0x00000001                ASSERT (((_vector_spacing == 0x0) || (SIZEOF (.vector_5) <= (_vector_spacing << 0x5))), function at exception vector 5 too large)

.vector_6       0x9fc012c0        0x0
 *(.vector_6)
                0x00000001                ASSERT (((_vector_spacing == 0x0) || (SIZEOF (.vector_6) <= (_vector_spacing << 0x5))), function at exception vector 6 too large)

.vector_7       0x9fc012e0        0x0
 *(.vector_7)
                0x00000001                ASSERT (((_vector_spacing == 0x0) || (SIZEOF (.vector_7) <= (_vector_spacing << 0x5))), function at exception vector 7 too large)

.vector_8       0x9fc01300        0x8
 *(.vector_8)
 .vector_8      0x9fc01300        0x8 Objects - TCPIP PIC32 ETH Demo App-C32\Tick.o
                0x00000001                ASSERT (((_vector_spacing == 0x0) || (SIZEOF (.vector_8) <= (_vector_spacing << 0x5))), function at exception vector 8 too large)

.vector_9       0x9fc01320        0x0
 *(.vector_9)
                0x00000001                ASSERT (((_vector_spacing == 0x0) || (SIZEOF (.vector_9) <= (_vector_spacing << 0x5))), function at exception vector 9 too large)

.vector_10      0x9fc01340        0x0
 *(.vector_10)
                0x00000001                ASSERT (((_vector_spacing == 0x0) || (SIZEOF (.vector_10) <= (_vector_spacing << 0x5))), function at exception vector 10 too large)

.vector_11      0x9fc01360        0x0
 *(.vector_11)
                0x00000001                ASSERT (((_vector_spacing == 0x0) || (SIZEOF (.vector_11) <= (_vector_spacing << 0x5))), function at exception vector 11 too large)

.vector_12      0x9fc01380        0x0
 *(.vector_12)
                0x00000001                ASSERT (((_vector_spacing == 0x0) || (SIZEOF (.vector_12) <= (_vector_spacing << 0x5))), function at exception vector 12 too large)

.vector_13      0x9fc013a0        0x0
 *(.vector_13)
                0x00000001                ASSERT (((_vector_spacing == 0x0) || (SIZEOF (.vector_13) <= (_vector_spacing << 0x5))), function at exception vector 13 too large)

.vector_14      0x9fc013c0        0x0
 *(.vector_14)
                0x00000001                ASSERT (((_vector_spacing == 0x0) || (SIZEOF (.vector_14) <= (_vector_spacing << 0x5))), function at exception vector 14 too large)

.vector_15      0x9fc013e0        0x0
 *(.vector_15)
                0x00000001                ASSERT (((_vector_spacing == 0x0) || (SIZEOF (.vector_15) <= (_vector_spacing << 0x5))), function at exception vector 15 too large)

.vector_16      0x9fc01400        0x0
 *(.vector_16)
                0x00000001                ASSERT (((_vector_spacing == 0x0) || (SIZEOF (.vector_16) <= (_vector_spacing << 0x5))), function at exception vector 16 too large)

.vector_17      0x9fc01420        0x0
 *(.vector_17)
                0x00000001                ASSERT (((_vector_spacing == 0x0) || (SIZEOF (.vector_17) <= (_vector_spacing << 0x5))), function at exception vector 17 too large)

.vector_18      0x9fc01440        0x0
 *(.vector_18)
                0x00000001                ASSERT (((_vector_spacing == 0x0) || (SIZEOF (.vector_18) <= (_vector_spacing << 0x5))), function at exception vector 18 too large)

.vector_19      0x9fc01460        0x0
 *(.vector_19)
                0x00000001                ASSERT (((_vector_spacing == 0x0) || (SIZEOF (.vector_19) <= (_vector_spacing << 0x5))), function at exception vector 19 too large)

.vector_20      0x9fc01480        0x0
 *(.vector_20)
                0x00000001                ASSERT (((_vector_spacing == 0x0) || (SIZEOF (.vector_20) <= (_vector_spacing << 0x5))), function at exception vector 20 too large)

.vector_21      0x9fc014a0        0x0
 *(.vector_21)
                0x00000001                ASSERT (((_vector_spacing == 0x0) || (SIZEOF (.vector_21) <= (_vector_spacing << 0x5))), function at exception vector 21 too large)

.vector_22      0x9fc014c0        0x0
 *(.vector_22)
                0x00000001                ASSERT (((_vector_spacing == 0x0) || (SIZEOF (.vector_22) <= (_vector_spacing << 0x5))), function at exception vector 22 too large)

.vector_23      0x9fc014e0        0x0
 *(.vector_23)
                0x00000001                ASSERT (((_vector_spacing == 0x0) || (SIZEOF (.vector_23) <= (_vector_spacing << 0x5))), function at exception vector 23 too large)

.vector_24      0x9fc01500        0x0
 *(.vector_24)
                0x00000001                ASSERT (((_vector_spacing == 0x0) || (SIZEOF (.vector_24) <= (_vector_spacing << 0x5))), function at exception vector 24 too large)

.vector_25      0x9fc01520        0x0
 *(.vector_25)
                0x00000001                ASSERT (((_vector_spacing == 0x0) || (SIZEOF (.vector_25) <= (_vector_spacing << 0x5))), function at exception vector 25 too large)

.vector_26      0x9fc01540        0x0
 *(.vector_26)
                0x00000001                ASSERT (((_vector_spacing == 0x0) || (SIZEOF (.vector_26) <= (_vector_spacing << 0x5))), function at exception vector 26 too large)

.vector_27      0x9fc01560        0x0
 *(.vector_27)
                0x00000001                ASSERT (((_vector_spacing == 0x0) || (SIZEOF (.vector_27) <= (_vector_spacing << 0x5))), function at exception vector 27 too large)

.vector_28      0x9fc01580        0x0
 *(.vector_28)
                0x00000001                ASSERT (((_vector_spacing == 0x0) || (SIZEOF (.vector_28) <= (_vector_spacing << 0x5))), function at exception vector 28 too large)

.vector_29      0x9fc015a0        0x0
 *(.vector_29)
                0x00000001                ASSERT (((_vector_spacing == 0x0) || (SIZEOF (.vector_29) <= (_vector_spacing << 0x5))), function at exception vector 29 too large)

.vector_30      0x9fc015c0        0x0
 *(.vector_30)
                0x00000001                ASSERT (((_vector_spacing == 0x0) || (SIZEOF (.vector_30) <= (_vector_spacing << 0x5))), function at exception vector 30 too large)

.vector_31      0x9fc015e0        0x0
 *(.vector_31)
                0x00000001                ASSERT (((_vector_spacing == 0x0) || (SIZEOF (.vector_31) <= (_vector_spacing << 0x5))), function at exception vector 31 too large)

.vector_32      0x9fc01600        0x0
 *(.vector_32)
                0x00000001                ASSERT (((_vector_spacing == 0x0) || (SIZEOF (.vector_32) <= (_vector_spacing << 0x5))), function at exception vector 32 too large)

.vector_33      0x9fc01620        0x0
 *(.vector_33)
                0x00000001                ASSERT (((_vector_spacing == 0x0) || (SIZEOF (.vector_33) <= (_vector_spacing << 0x5))), function at exception vector 33 too large)

.vector_34      0x9fc01640        0x0
 *(.vector_34)
                0x00000001                ASSERT (((_vector_spacing == 0x0) || (SIZEOF (.vector_34) <= (_vector_spacing << 0x5))), function at exception vector 34 too large)

.vector_35      0x9fc01660        0x0
 *(.vector_35)
                0x00000001                ASSERT (((_vector_spacing == 0x0) || (SIZEOF (.vector_35) <= (_vector_spacing << 0x5))), function at exception vector 35 too large)

.vector_36      0x9fc01680        0x0
 *(.vector_36)
                0x00000001                ASSERT (((_vector_spacing == 0x0) || (SIZEOF (.vector_36) <= (_vector_spacing << 0x5))), function at exception vector 36 too large)

.vector_37      0x9fc016a0        0x0
 *(.vector_37)
                0x00000001                ASSERT (((_vector_spacing == 0x0) || (SIZEOF (.vector_37) <= (_vector_spacing << 0x5))), function at exception vector 37 too large)

.vector_38      0x9fc016c0        0x0
 *(.vector_38)
                0x00000001                ASSERT (((_vector_spacing == 0x0) || (SIZEOF (.vector_38) <= (_vector_spacing << 0x5))), function at exception vector 38 too large)

.vector_39      0x9fc016e0        0x0
 *(.vector_39)
                0x00000001                ASSERT (((_vector_spacing == 0x0) || (SIZEOF (.vector_39) <= (_vector_spacing << 0x5))), function at exception vector 39 too large)

.vector_40      0x9fc01700        0x0
 *(.vector_40)
                0x00000001                ASSERT (((_vector_spacing == 0x0) || (SIZEOF (.vector_40) <= (_vector_spacing << 0x5))), function at exception vector 40 too large)

.vector_41      0x9fc01720        0x0
 *(.vector_41)
                0x00000001                ASSERT (((_vector_spacing == 0x0) || (SIZEOF (.vector_41) <= (_vector_spacing << 0x5))), function at exception vector 41 too large)

.vector_42      0x9fc01740        0x0
 *(.vector_42)
                0x00000001                ASSERT (((_vector_spacing == 0x0) || (SIZEOF (.vector_42) <= (_vector_spacing << 0x5))), function at exception vector 42 too large)

.vector_43      0x9fc01760        0x0
 *(.vector_43)
                0x00000001                ASSERT (((_vector_spacing == 0x0) || (SIZEOF (.vector_43) <= (_vector_spacing << 0x5))), function at exception vector 43 too large)

.vector_44      0x9fc01780        0x0
 *(.vector_44)
                0x00000001                ASSERT (((_vector_spacing == 0x0) || (SIZEOF (.vector_44) <= (_vector_spacing << 0x5))), function at exception vector 44 too large)

.vector_45      0x9fc017a0        0x0
 *(.vector_45)
                0x00000001                ASSERT (((_vector_spacing == 0x0) || (SIZEOF (.vector_45) <= (_vector_spacing << 0x5))), function at exception vector 45 too large)

.vector_46      0x9fc017c0        0x0
 *(.vector_46)
                0x00000001                ASSERT (((_vector_spacing == 0x0) || (SIZEOF (.vector_46) <= (_vector_spacing << 0x5))), function at exception vector 46 too large)

.vector_47      0x9fc017e0        0x0
 *(.vector_47)
                0x00000001                ASSERT (((_vector_spacing == 0x0) || (SIZEOF (.vector_47) <= (_vector_spacing << 0x5))), function at exception vector 47 too large)

.vector_48      0x9fc01800        0x0
 *(.vector_48)
                0x00000001                ASSERT (((_vector_spacing == 0x0) || (SIZEOF (.vector_48) <= (_vector_spacing << 0x5))), function at exception vector 48 too large)

.vector_49      0x9fc01820        0x0
 *(.vector_49)
                0x00000001                ASSERT (((_vector_spacing == 0x0) || (SIZEOF (.vector_49) <= (_vector_spacing << 0x5))), function at exception vector 49 too large)

.vector_50      0x9fc01840        0x0
 *(.vector_50)
                0x00000001                ASSERT (((_vector_spacing == 0x0) || (SIZEOF (.vector_50) <= (_vector_spacing << 0x5))), function at exception vector 50 too large)

.vector_51      0x9fc01860        0x0
 *(.vector_51)
                0x00000001                ASSERT (((_vector_spacing == 0x0) || (SIZEOF (.vector_51) <= (_vector_spacing << 0x5))), function at exception vector 51 too large)

.vector_52      0x9fc01880        0x0
 *(.vector_52)
                0x00000001                ASSERT (((_vector_spacing == 0x0) || (SIZEOF (.vector_52) <= (_vector_spacing << 0x5))), function at exception vector 52 too large)

.vector_53      0x9fc018a0        0x0
 *(.vector_53)
                0x00000001                ASSERT (((_vector_spacing == 0x0) || (SIZEOF (.vector_53) <= (_vector_spacing << 0x5))), function at exception vector 53 too large)

.vector_54      0x9fc018c0        0x0
 *(.vector_54)
                0x00000001                ASSERT (((_vector_spacing == 0x0) || (SIZEOF (.vector_54) <= (_vector_spacing << 0x5))), function at exception vector 54 too large)

.vector_55      0x9fc018e0        0x0
 *(.vector_55)
                0x00000001                ASSERT (((_vector_spacing == 0x0) || (SIZEOF (.vector_55) <= (_vector_spacing << 0x5))), function at exception vector 55 too large)

.vector_56      0x9fc01900        0x0
 *(.vector_56)
                0x00000001                ASSERT (((_vector_spacing == 0x0) || (SIZEOF (.vector_56) <= (_vector_spacing << 0x5))), function at exception vector 56 too large)

.vector_57      0x9fc01920        0x0
 *(.vector_57)
                0x00000001                ASSERT (((_vector_spacing == 0x0) || (SIZEOF (.vector_57) <= (_vector_spacing << 0x5))), function at exception vector 57 too large)

.vector_58      0x9fc01940        0x0
 *(.vector_58)
                0x00000001                ASSERT (((_vector_spacing == 0x0) || (SIZEOF (.vector_58) <= (_vector_spacing << 0x5))), function at exception vector 58 too large)

.vector_59      0x9fc01960        0x0
 *(.vector_59)
                0x00000001                ASSERT (((_vector_spacing == 0x0) || (SIZEOF (.vector_59) <= (_vector_spacing << 0x5))), function at exception vector 59 too large)

.vector_60      0x9fc01980        0x0
 *(.vector_60)
                0x00000001                ASSERT (((_vector_spacing == 0x0) || (SIZEOF (.vector_60) <= (_vector_spacing << 0x5))), function at exception vector 60 too large)

.vector_61      0x9fc019a0        0x0
 *(.vector_61)
                0x00000001                ASSERT (((_vector_spacing == 0x0) || (SIZEOF (.vector_61) <= (_vector_spacing << 0x5))), function at exception vector 61 too large)

.vector_62      0x9fc019c0        0x0
 *(.vector_62)
                0x00000001                ASSERT (((_vector_spacing == 0x0) || (SIZEOF (.vector_62) <= (_vector_spacing << 0x5))), function at exception vector 62 too large)

.vector_63      0x9fc019e0        0x0
 *(.vector_63)
                0x00000001                ASSERT (((_vector_spacing == 0x0) || (SIZEOF (.vector_63) <= (_vector_spacing << 0x5))), function at exception vector 63 too large)

.startup
 *(.startup)

.text
 *(.stub .gnu.linkonce.t.*)
 *(.text.*personality*)
 *(.mips16.fn.*)
 *(.mips16.call.*)
 *(.gnu.warning)

.rodata         0x9d000000        0x0
 *(.rodata.* .gnu.linkonce.r.*)
 *(.rodata1)
                0x9d000000                . = ALIGN (0x4)

.sdata2         0x9fc00490        0x0
 *(.sdata2 .sdata2.* .gnu.linkonce.s2.*)
                0x9fc00490                . = ALIGN (0x4)

.sbss2          0x9fc00490        0x0
 *(.sbss2 .sbss2.* .gnu.linkonce.sb2.*)
                0x9fc00490                . = ALIGN (0x4)

.eh_frame_hdr
 *(.eh_frame_hdr)

.eh_frame
 *(.eh_frame)

.dbg_data       0xa0000000      0x200
                0xa0000000                . = (. + DEFINED (_DEBUGGER)?0x200:0x0)
 *fill*         0xa0000000      0x200 00

.persist        0xa0000200        0x0
                0xa0000200                _persist_begin = .
 *(.persist .persist.*)
                0xa0000200                . = ALIGN (0x4)
                0xa0000200                _persist_end = .

.eh_frame       0xa0000200       0x28
 *(.eh_frame)
 .eh_frame      0xa0000200       0x28 c:/program files (x86)/microchip/mplab c32 suite/bin/../lib/gcc/pic32mx/4.5.1/size\libgcc.a(_udivdi3.o)
                0xa0000228                . = .
                0xa0008220                _gp = (ALIGN (0x10) + 0x7ff0)

.got
 *(.got.plt)
 *(.got)

.sdata          0xa0000228       0x34
                0xa0000228                _sdata_begin = .
 *(.sdata .sdata.* .gnu.linkonce.s.*)
 .sdata         0xa0000228        0x4 Objects - TCPIP PIC32 ETH Demo App-C32\DHCPs.o
                0xa0000228                bDHCPServerEnabled
 .sdata         0xa000022c        0x8 Objects - TCPIP PIC32 ETH Demo App-C32\DNS.o
 .sdata         0xa0000234        0x1 Objects - TCPIP PIC32 ETH Demo App-C32\DynDNS.o
 *fill*         0xa0000235        0x3 00
 .sdata         0xa0000238        0x4 Objects - TCPIP PIC32 ETH Demo App-C32\Helpers.o
 .sdata         0xa000023c        0x1 Objects - TCPIP PIC32 ETH Demo App-C32\Reboot.o
 .sdata         0xa000023d        0x1 Objects - TCPIP PIC32 ETH Demo App-C32\SMTP.o
 .sdata         0xa000023e        0x1 Objects - TCPIP PIC32 ETH Demo App-C32\SNTP.o
 .sdata         0xa000023f        0x2 Objects - TCPIP PIC32 ETH Demo App-C32\TCP.o
 .sdata         0xa0000241        0x2 Objects - TCPIP PIC32 ETH Demo App-C32\TCPPerformanceTest.o
 .sdata         0xa0000243        0x2 Objects - TCPIP PIC32 ETH Demo App-C32\UDP.o
 *fill*         0xa0000245        0x3 00
 .sdata         0xa0000248        0xc Objects - TCPIP PIC32 ETH Demo App-C32\GenericTCPClient.o
 .sdata         0xa0000254        0x2 Objects - TCPIP PIC32 ETH Demo App-C32\BerkeleyAPI.o
 *fill*         0xa0000256        0x2 00
 .sdata         0xa0000258        0x4 Objects - TCPIP PIC32 ETH Demo App-C32\BerkeleyTCPClientDemo.o
                0xa000025c                _sdata_end = .

.lit8
 *(.lit8)

.lit4
 *(.lit4)
                0xa000025c                . = ALIGN (0x4)
                0xa000025c                _data_end = .
                0xa000025c                _bss_begin = .

.sbss           0xa000025c      0x1e0
                0xa000025c                _sbss_begin = .
 *(.dynsbss)
 *(.sbss .sbss.* .gnu.linkonce.sb.*)
 .sbss          0xa000025c        0x8 Objects - TCPIP PIC32 ETH Demo App-C32\MainDemo.o
 .sbss          0xa0000264       0x14 Objects - TCPIP PIC32 ETH Demo App-C32\CustomHTTPApp.o
 .sbss          0xa0000278        0x8 Objects - TCPIP PIC32 ETH Demo App-C32\Announce.o
 .sbss          0xa0000280        0x4 Objects - TCPIP PIC32 ETH Demo App-C32\ARP.o
 .sbss          0xa0000284        0x4 Objects - TCPIP PIC32 ETH Demo App-C32\DHCP.o
                0xa0000284                DHCPClientInitializedOnce
 .sbss          0xa0000288        0xc Objects - TCPIP PIC32 ETH Demo App-C32\DHCPs.o
 .sbss          0xa0000294       0x14 Objects - TCPIP PIC32 ETH Demo App-C32\DNS.o
 .sbss          0xa00002a8       0x24 Objects - TCPIP PIC32 ETH Demo App-C32\DynDNS.o
 .sbss          0xa00002cc       0x10 Objects - TCPIP PIC32 ETH Demo App-C32\ICMP.o
 .sbss          0xa00002dc        0x4 Objects - TCPIP PIC32 ETH Demo App-C32\IP.o
 .sbss          0xa00002e0        0x8 Objects - TCPIP PIC32 ETH Demo App-C32\MPFS2.o
 .sbss          0xa00002e8        0x8 Objects - TCPIP PIC32 ETH Demo App-C32\NBNS.o
 .sbss          0xa00002f0       0x34 Objects - TCPIP PIC32 ETH Demo App-C32\SMTP.o
 .sbss          0xa0000324       0x10 Objects - TCPIP PIC32 ETH Demo App-C32\SNTP.o
 .sbss          0xa0000334        0xc Objects - TCPIP PIC32 ETH Demo App-C32\StackTsk.o
 .sbss          0xa0000340       0x14 Objects - TCPIP PIC32 ETH Demo App-C32\TCPPerformanceTest.o
 .sbss          0xa0000354       0x10 Objects - TCPIP PIC32 ETH Demo App-C32\Telnet.o
 .sbss          0xa0000364        0xc Objects - TCPIP PIC32 ETH Demo App-C32\Tick.o
 .sbss          0xa0000370        0x8 Objects - TCPIP PIC32 ETH Demo App-C32\UDP.o
 .sbss          0xa0000378        0x4 Objects - TCPIP PIC32 ETH Demo App-C32\GenericTCPClient.o
 .sbss          0xa000037c        0x8 Objects - TCPIP PIC32 ETH Demo App-C32\GenericTCPServer.o
 .sbss          0xa0000384        0x8 Objects - TCPIP PIC32 ETH Demo App-C32\PingDemo.o
 .sbss          0xa000038c        0x8 Objects - TCPIP PIC32 ETH Demo App-C32\SMTPDemo.o
 .sbss          0xa0000394        0x4 Objects - TCPIP PIC32 ETH Demo App-C32\BerkeleyAPI.o
 .sbss          0xa0000398       0x18 Objects - TCPIP PIC32 ETH Demo App-C32\BerkeleyUDPClientDemo.o
 .sbss          0xa00003b0        0x1 Objects - TCPIP PIC32 ETH Demo App-C32\BerkeleyTCPClientDemo.o
 *fill*         0xa00003b1        0x3 00
 .sbss          0xa00003b4        0x8 Objects - TCPIP PIC32 ETH Demo App-C32\BerkeleyTCPServerDemo.o
 .sbss          0xa00003bc       0x40 Objects - TCPIP PIC32 ETH Demo App-C32\ETHPIC32IntMac.o
                0xa00003e8                _stackMgrRxOkPkts
                0xa00003ec                _stackMgrRxBadPkts
                0xa00003f0                _stackMgrInGetHdr
                0xa00003f4                _stackMgrRxDiscarded
                0xa00003f8                _stackMgrTxNotReady
 .sbss          0xa00003fc        0x8 c:/program files (x86)/microchip/mplab c32 suite/bin/../lib/gcc/pic32mx/4.5.1/../../../../pic32mx/lib/size\libc.a(sbrk.o)
                0xa00003fc                _minbrk
                0xa0000400                _maxbrk
 .sbss          0xa0000404        0x4 c:/program files (x86)/microchip/mplab c32 suite/bin/../lib/gcc/pic32mx/4.5.1/../../../../pic32mx/lib/size\libc.a(errno.o)
                0xa0000404                errno
 .sbss          0xa0000408       0x20 c:/program files (x86)/microchip/mplab c32 suite/bin/../lib/gcc/pic32mx/4.5.1/../../../../pic32mx/lib/size\libmchp_peripheral_32MX795F512L.a(eth_descriptors_add_lib.o)
                0xa0000408                _EthTxFreeList
                0xa0000410                _EthTxBusyList
                0xa0000418                _EthRxFreeList
                0xa0000420                _EthRxBusyList
 *(.scommon)
 .scommon       0xa0000428        0x8 Objects - TCPIP PIC32 ETH Demo App-C32\MainDemo.o
                0xa0000428                AN0String
 .scommon       0xa0000430        0x1 Objects - TCPIP PIC32 ETH Demo App-C32\HTTP2.o
                0xa0000430                curHTTPID
 *fill*         0xa0000431        0x1 00
 .scommon       0xa0000432        0x6 Objects - TCPIP PIC32 ETH Demo App-C32\UDP.o
                0xa0000432                activeUDPSocket
                0xa0000434                UDPTxCount
                0xa0000436                UDPRxCount
 .scommon       0xa0000438        0x4 Objects - TCPIP PIC32 ETH Demo App-C32\ETHPIC32ExtPhy.o
                0xa0000438                _PhyAdd
                0xa000043c                _sbss_end = .

.bss            0xa000043c      0x280
 *(.dynbss)
 *(COMMON)
 COMMON         0xa000043c       0x33 Objects - TCPIP PIC32 ETH Demo App-C32\MainDemo.o
                0xa000043c                AppConfig
 *fill*         0xa000046f        0x1 00
 COMMON         0xa0000470       0x20 Objects - TCPIP PIC32 ETH Demo App-C32\DynDNS.o
                0xa0000470                DDNSClient
 COMMON         0xa0000490       0x40 Objects - TCPIP PIC32 ETH Demo App-C32\Hashes.o
                0xa0000490                lastBlock
 COMMON         0xa00004d0       0x9c Objects - TCPIP PIC32 ETH Demo App-C32\HTTP2.o
                0xa00004d0                curHTTP
                0xa000055c                httpStubs
 COMMON         0xa000056c       0x2c Objects - TCPIP PIC32 ETH Demo App-C32\SMTP.o
                0xa000056c                SMTPClient
 COMMON         0xa0000598        0xa Objects - TCPIP PIC32 ETH Demo App-C32\StackTsk.o
                0xa0000598                remoteNode
 *fill*         0xa00005a2        0x2 00
 COMMON         0xa00005a4      0x118 Objects - TCPIP PIC32 ETH Demo App-C32\UDP.o
                0xa00005a4                UDPSocketInfo
                0xa00006bc                . = ALIGN (0x4)
                0xa00006bc                . = ALIGN (0x4)
                0xa00006bc                _end = .
                0xa00006bc                _bss_end = .
                0x00020000                _bmxdudba_address = 0x20000
                0x00020000                _bmxdupba_address = 0x20000

/DISCARD/
 *(.pdr)
 *(.reginfo)
 *(.rel.dyn)
 *(.note.GNU-stack)
 *(.note.GNU-stack)
 *(.gnu_debuglink)
 *(.gnu.lto_*)
 *(.discard)

.stab
 *(.stab)

.stabstr
 *(.stabstr)

.stab.excl
 *(.stab.excl)

.stab.exclstr
 *(.stab.exclstr)

.stab.index
 *(.stab.index)

.stab.indexstr
 *(.stab.indexstr)

.comment        0x00000000      0x28f
 *(.comment)
 .comment       0x00000000       0x51 Objects - TCPIP PIC32 ETH Demo App-C32\MainDemo.o
                                 0x52 (size before relaxing)
 .comment       0x00000000       0x52 Objects - TCPIP PIC32 ETH Demo App-C32\CustomHTTPApp.o
 .comment       0x00000000       0x52 Objects - TCPIP PIC32 ETH Demo App-C32\UDPPerformanceTest.o
 .comment       0x00000000       0x52 Objects - TCPIP PIC32 ETH Demo App-C32\Announce.o
 .comment       0x00000000       0x52 Objects - TCPIP PIC32 ETH Demo App-C32\ARP.o
 .comment       0x00000000       0x52 Objects - TCPIP PIC32 ETH Demo App-C32\Delay.o
 .comment       0x00000000       0x52 Objects - TCPIP PIC32 ETH Demo App-C32\DHCP.o
 .comment       0x00000000       0x52 Objects - TCPIP PIC32 ETH Demo App-C32\DHCPs.o
 .comment       0x00000000       0x52 Objects - TCPIP PIC32 ETH Demo App-C32\DNS.o
 .comment       0x00000000       0x52 Objects - TCPIP PIC32 ETH Demo App-C32\DynDNS.o
 .comment       0x00000000       0x52 Objects - TCPIP PIC32 ETH Demo App-C32\ENC28J60.o
 .comment       0x00000000       0x52 Objects - TCPIP PIC32 ETH Demo App-C32\FTP.o
 .comment       0x00000000       0x52 Objects - TCPIP PIC32 ETH Demo App-C32\Hashes.o
 .comment       0x00000000       0x52 Objects - TCPIP PIC32 ETH Demo App-C32\Helpers.o
 .comment       0x00000000       0x52 Objects - TCPIP PIC32 ETH Demo App-C32\HTTP2.o
 .comment       0x00000000       0x52 Objects - TCPIP PIC32 ETH Demo App-C32\HTTP.o
 .comment       0x00000000       0x52 Objects - TCPIP PIC32 ETH Demo App-C32\ICMP.o
 .comment       0x00000000       0x52 Objects - TCPIP PIC32 ETH Demo App-C32\IP.o
 .comment       0x00000000       0x52 Objects - TCPIP PIC32 ETH Demo App-C32\LCDBlocking.o
 .comment       0x00000000       0x52 Objects - TCPIP PIC32 ETH Demo App-C32\MPFS2.o
 .comment       0x00000000       0x52 Objects - TCPIP PIC32 ETH Demo App-C32\MPFS.o
 .comment       0x00000000       0x52 Objects - TCPIP PIC32 ETH Demo App-C32\NBNS.o
 .comment       0x00000000       0x52 Objects - TCPIP PIC32 ETH Demo App-C32\Reboot.o
 .comment       0x00000000       0x52 Objects - TCPIP PIC32 ETH Demo App-C32\SMTP.o
 .comment       0x00000000       0x52 Objects - TCPIP PIC32 ETH Demo App-C32\SNMP.o
 .comment       0x00000000       0x52 Objects - TCPIP PIC32 ETH Demo App-C32\SNTP.o
 .comment       0x00000000       0x52 Objects - TCPIP PIC32 ETH Demo App-C32\SPIEEPROM.o
 .comment       0x00000000       0x52 Objects - TCPIP PIC32 ETH Demo App-C32\SPIFlash.o
 .comment       0x00000000       0x52 Objects - TCPIP PIC32 ETH Demo App-C32\SPIRAM.o
 .comment       0x00000000       0x52 Objects - TCPIP PIC32 ETH Demo App-C32\StackTsk.o
 .comment       0x00000000       0x52 Objects - TCPIP PIC32 ETH Demo App-C32\TCP.o
 .comment       0x00000000       0x52 Objects - TCPIP PIC32 ETH Demo App-C32\TCPPerformanceTest.o
 .comment       0x00000000       0x52 Objects - TCPIP PIC32 ETH Demo App-C32\Telnet.o
 .comment       0x00000000       0x52 Objects - TCPIP PIC32 ETH Demo App-C32\TFTPc.o
 .comment       0x00000000       0x52 Objects - TCPIP PIC32 ETH Demo App-C32\Tick.o
 .comment       0x00000000       0x52 Objects - TCPIP PIC32 ETH Demo App-C32\UART2TCPBridge.o
 .comment       0x00000000       0x52 Objects - TCPIP PIC32 ETH Demo App-C32\UDP.o
 .comment       0x00000000       0x52 Objects - TCPIP PIC32 ETH Demo App-C32\CustomSNMPApp.o
 .comment       0x00000000       0x52 Objects - TCPIP PIC32 ETH Demo App-C32\UARTConfig.o
 .comment       0x00000000       0x52 Objects - TCPIP PIC32 ETH Demo App-C32\GenericTCPClient.o
 .comment       0x00000000       0x52 Objects - TCPIP PIC32 ETH Demo App-C32\GenericTCPServer.o
 .comment       0x00000000       0x52 Objects - TCPIP PIC32 ETH Demo App-C32\LegacyHTTPApp.o
 .comment       0x00000000       0x52 Objects - TCPIP PIC32 ETH Demo App-C32\PingDemo.o
 .comment       0x00000000       0x52 Objects - TCPIP PIC32 ETH Demo App-C32\SMTPDemo.o
 .comment       0x00000000       0x52 Objects - TCPIP PIC32 ETH Demo App-C32\BerkeleyAPI.o
 .comment       0x00000000       0x52 Objects - TCPIP PIC32 ETH Demo App-C32\BerkeleyUDPClientDemo.o
 .comment       0x00000000       0x52 Objects - TCPIP PIC32 ETH Demo App-C32\BerkeleyTCPClientDemo.o
 .comment       0x00000000       0x52 Objects - TCPIP PIC32 ETH Demo App-C32\BerkeleyTCPServerDemo.o
 .comment       0x00000000       0x52 Objects - TCPIP PIC32 ETH Demo App-C32\ENCX24J600.o
 .comment       0x00000000       0x52 Objects - TCPIP PIC32 ETH Demo App-C32\MPFSImg2.o
 .comment       0x00000000       0x52 Objects - TCPIP PIC32 ETH Demo App-C32\Random.o
 .comment       0x00000000       0x52 Objects - TCPIP PIC32 ETH Demo App-C32\RSA.o
 .comment       0x00000000       0x52 Objects - TCPIP PIC32 ETH Demo App-C32\SSL.o
 .comment       0x00000000       0x52 Objects - TCPIP PIC32 ETH Demo App-C32\ARCFOUR.o
 .comment       0x00000000       0x52 Objects - TCPIP PIC32 ETH Demo App-C32\BigInt.o
 .comment       0x00000000       0x52 Objects - TCPIP PIC32 ETH Demo App-C32\CustomSSLCert.o
 .comment       0x00000000       0x52 Objects - TCPIP PIC32 ETH Demo App-C32\AutoIP.o
 .comment       0x00000000       0x52 Objects - TCPIP PIC32 ETH Demo App-C32\ETHPIC32IntMac.o
 .comment       0x00000000       0x52 Objects - TCPIP PIC32 ETH Demo App-C32\ETHPIC32ExtPhy.o
 .comment       0x00000000       0x52 Objects - TCPIP PIC32 ETH Demo App-C32\ETHPIC32ExtPhyDP83848.o
 .comment       0x00000000       0x52 Objects - TCPIP PIC32 ETH Demo App-C32\UART.o
 .comment       0x00000000       0x52 c:/program files (x86)/microchip/mplab c32 suite/bin/../lib/gcc/pic32mx/4.5.1/size\libgcc.a(_udivdi3.o)
 .comment       0x00000051       0x55 c:/program files (x86)/microchip/mplab c32 suite/bin/../lib/gcc/pic32mx/4.5.1/../../../../pic32mx/lib/size\libc.a(memcmp.o)
                                 0x56 (size before relaxing)
 .comment       0x000000a6       0x55 c:/program files (x86)/microchip/mplab c32 suite/bin/../lib/gcc/pic32mx/4.5.1/../../../../pic32mx/lib/size\libc.a(memset.o)
                                 0x56 (size before relaxing)
 .comment       0x000000fb       0x55 c:/program files (x86)/microchip/mplab c32 suite/bin/../lib/gcc/pic32mx/4.5.1/../../../../pic32mx/lib/size\libc.a(strcmp.o)
                                 0x56 (size before relaxing)
 .comment       0x00000150       0x55 c:/program files (x86)/microchip/mplab c32 suite/bin/../lib/gcc/pic32mx/4.5.1/../../../../pic32mx/lib/size\libc.a(strlen.o)
                                 0x56 (size before relaxing)
 .comment       0x00000000       0x52 c:/program files (x86)/microchip/mplab c32 suite/bin/../lib/gcc/pic32mx/4.5.1/../../../../pic32mx/lib/size\libc.a(atoi.o)
 .comment       0x00000000       0x52 c:/program files (x86)/microchip/mplab c32 suite/bin/../lib/gcc/pic32mx/4.5.1/../../../../pic32mx/lib/size\libc.a(atol.o)
 .comment       0x00000000       0x52 c:/program files (x86)/microchip/mplab c32 suite/bin/../lib/gcc/pic32mx/4.5.1/../../../../pic32mx/lib/size\libc.a(calloc.o)
 .comment       0x000001a5       0x4e c:/program files (x86)/microchip/mplab c32 suite/bin/../lib/gcc/pic32mx/4.5.1/../../../../pic32mx/lib/size\libc.a(ctype.o)
                                 0xa0 (size before relaxing)
 .comment       0x00000000       0x52 c:/program files (x86)/microchip/mplab c32 suite/bin/../lib/gcc/pic32mx/4.5.1/../../../../pic32mx/lib/size\libc.a(ltoa.o)
 .comment       0x00000000       0x52 c:/program files (x86)/microchip/mplab c32 suite/bin/../lib/gcc/pic32mx/4.5.1/../../../../pic32mx/lib/size\libc.a(malloc.o)
 .comment       0x00000000       0x52 c:/program files (x86)/microchip/mplab c32 suite/bin/../lib/gcc/pic32mx/4.5.1/../../../../pic32mx/lib/size\libc.a(strchr.o)
 .comment       0x00000000       0x52 c:/program files (x86)/microchip/mplab c32 suite/bin/../lib/gcc/pic32mx/4.5.1/../../../../pic32mx/lib/size\libc.a(strncpy.o)
 .comment       0x00000000       0x52 c:/program files (x86)/microchip/mplab c32 suite/bin/../lib/gcc/pic32mx/4.5.1/../../../../pic32mx/lib/size\libc.a(strstr.o)
 .comment       0x000001f3       0x4b c:/program files (x86)/microchip/mplab c32 suite/bin/../lib/gcc/pic32mx/4.5.1/../../../../pic32mx/lib/size\libc.a(sbrk.o)
                                 0x9d (size before relaxing)
 .comment       0x00000000       0x52 c:/program files (x86)/microchip/mplab c32 suite/bin/../lib/gcc/pic32mx/4.5.1/../../../../pic32mx/lib/size\libc.a(default-bootstrap-exception-handler.o)
 .comment       0x00000000       0x52 c:/program files (x86)/microchip/mplab c32 suite/bin/../lib/gcc/pic32mx/4.5.1/../../../../pic32mx/lib/size\libc.a(default-on-reset.o)
 .comment       0x00000000       0x52 c:/program files (x86)/microchip/mplab c32 suite/bin/../lib/gcc/pic32mx/4.5.1/../../../../pic32mx/lib/size\libc.a(default-on-bootstrap.o)
 .comment       0x00000000       0x52 c:/program files (x86)/microchip/mplab c32 suite/bin/../lib/gcc/pic32mx/4.5.1/../../../../pic32mx/lib/size\libc.a(errno.o)
 .comment       0x00000000       0x52 c:/program files (x86)/microchip/mplab c32 suite/bin/../lib/gcc/pic32mx/4.5.1/../../../../pic32mx/lib/size\libc.a(strncmp.o)
 .comment       0x0000023e       0x51 c:/program files (x86)/microchip/mplab c32 suite/bin/../lib/gcc/pic32mx/4.5.1/../../../../pic32mx/lib/size\libmchp_peripheral.a(read_core_timer_lib.o)
                                 0x52 (size before relaxing)
 .comment       0x00000000       0x52 c:/program files (x86)/microchip/mplab c32 suite/bin/../lib/gcc/pic32mx/4.5.1/../../../../pic32mx/lib/size\libmchp_peripheral_32MX795F512L.a(eth_ack_packet_lib.o)
 .comment       0x00000000       0x52 c:/program files (x86)/microchip/mplab c32 suite/bin/../lib/gcc/pic32mx/4.5.1/../../../../pic32mx/lib/size\libmchp_peripheral_32MX795F512L.a(eth_descriptors_add_lib.o)
 .comment       0x00000000       0x52 c:/program files (x86)/microchip/mplab c32 suite/bin/../lib/gcc/pic32mx/4.5.1/../../../../pic32mx/lib/size\libmchp_peripheral_32MX795F512L.a(eth_init_lib.o)
 .comment       0x00000000       0x52 c:/program files (x86)/microchip/mplab c32 suite/bin/../lib/gcc/pic32mx/4.5.1/../../../../pic32mx/lib/size\libmchp_peripheral_32MX795F512L.a(eth_mac_open_lib.o)
 .comment       0x00000000       0x52 c:/program files (x86)/microchip/mplab c32 suite/bin/../lib/gcc/pic32mx/4.5.1/../../../../pic32mx/lib/size\libmchp_peripheral_32MX795F512L.a(eth_mac_set_address_max_lib.o)
 .comment       0x00000000       0x52 c:/program files (x86)/microchip/mplab c32 suite/bin/../lib/gcc/pic32mx/4.5.1/../../../../pic32mx/lib/size\libmchp_peripheral_32MX795F512L.a(eth_rx_buffers_append_lib.o)
 .comment       0x00000000       0x52 c:/program files (x86)/microchip/mplab c32 suite/bin/../lib/gcc/pic32mx/4.5.1/../../../../pic32mx/lib/size\libmchp_peripheral_32MX795F512L.a(eth_rx_filters_lib.o)
 .comment       0x00000000       0x52 c:/program files (x86)/microchip/mplab c32 suite/bin/../lib/gcc/pic32mx/4.5.1/../../../../pic32mx/lib/size\libmchp_peripheral_32MX795F512L.a(eth_rx_get_packet_lib.o)
 .comment       0x00000000       0x52 c:/program files (x86)/microchip/mplab c32 suite/bin/../lib/gcc/pic32mx/4.5.1/../../../../pic32mx/lib/size\libmchp_peripheral_32MX795F512L.a(eth_rx_set_buffer_size_lib.o)
 .comment       0x00000000       0x52 c:/program files (x86)/microchip/mplab c32 suite/bin/../lib/gcc/pic32mx/4.5.1/../../../../pic32mx/lib/size\libmchp_peripheral_32MX795F512L.a(eth_tx_packet_lib.o)
 .comment       0x00000000       0x52 c:/program files (x86)/microchip/mplab c32 suite/bin/../lib/gcc/pic32mx/4.5.1/../../../../pic32mx/lib/size\libmchp_peripheral_32MX795F512L.a(_eth_append_busy_list_lib.o)
 .comment       0x00000000       0x52 c:/program files (x86)/microchip/mplab c32 suite/bin/../lib/gcc/pic32mx/4.5.1/../../../../pic32mx/lib/size\libmchp_peripheral_32MX795F512L.a(eth_miim_access.o)
 .comment       0x00000000       0x52 c:/program files (x86)/microchip/mplab c32 suite/bin/../lib/gcc/pic32mx/4.5.1/../../../../pic32mx/lib/size\libmchp_peripheral_32MX795F512L.a(soft_reset_lib.o)
 .comment       0x00000000       0x52 c:/program files (x86)/microchip/mplab c32 suite/bin/../lib/gcc/pic32mx/4.5.1/../../../../pic32mx/lib/size\libmchp_peripheral_32MX795F512L.a(pcache.o)
 .comment       0x00000000       0x52 c:/program files (x86)/microchip/mplab c32 suite/bin/../lib/gcc/pic32mx/4.5.1/../../../../pic32mx/lib/size\libmchp_peripheral_32MX795F512L.a(int_disable_interrupts_lib.o)
 .comment       0x00000000       0x52 c:/program files (x86)/microchip/mplab c32 suite/bin/../lib/gcc/pic32mx/4.5.1/../../../../pic32mx/lib/size\libmchp_peripheral_32MX795F512L.a(int_restore_interrupts_lib.o)
 .comment       0x00000000       0x52 c:/program files (x86)/microchip/mplab c32 suite/bin/../lib/gcc/pic32mx/4.5.1/../../../../pic32mx/lib/size\libmchp_peripheral_32MX795F512L.a(int_enable_mv_int_lib.o)
 .comment       0x00000000       0x52 c:/program files (x86)/microchip/mplab c32 suite/bin/../lib/gcc/pic32mx/4.5.1/../../../../pic32mx/lib/size\libmchp_peripheral_32MX795F512L.a(int_tbl_lib.o)
 .comment       0x00000000       0x52 c:/program files (x86)/microchip/mplab c32 suite/bin/../lib/gcc/pic32mx/4.5.1/../../../../pic32mx/lib/size\libmchp_peripheral_32MX795F512L.a(port_set_pins_digital_in_lib.o)
 .comment       0x00000000       0x52 c:/program files (x86)/microchip/mplab c32 suite/bin/../lib/gcc/pic32mx/4.5.1/../../../../pic32mx/lib/size\libmchp_peripheral_32MX795F512L.a(port_set_pins_digital_out_lib.o)
 .comment       0x00000000       0x52 c:/program files (x86)/microchip/mplab c32 suite/bin/../lib/gcc/pic32mx/4.5.1/../../../../pic32mx/lib/size\libmchp_peripheral_32MX795F512L.a(_ports_tbl_libp.o)
 .comment       0x00000000       0x52 c:/program files (x86)/microchip/mplab c32 suite/bin/../lib/gcc/pic32mx/4.5.1/../../../../pic32mx/lib/size\libmchp_peripheral_32MX795F512L.a(uart_lib.o)
 .comment       0x00000000       0x52 c:/program files (x86)/microchip/mplab c32 suite/bin/../lib/gcc/pic32mx/4.5.1/../../../../pic32mx/lib/size\libmchp_peripheral_32MX795F512L.a(int_enable_interrupts_lib.o)

.debug
 *(.debug)

.line
 *(.line)

.debug_srcinfo
 *(.debug_srcinfo)

.debug_sfnames
 *(.debug_sfnames)

.debug_aranges  0x00000000      0xab8
 *(.debug_aranges)
 .debug_aranges
                0x00000000       0x20 Objects - TCPIP PIC32 ETH Demo App-C32\MainDemo.o
 .debug_aranges
                0x00000020       0x20 Objects - TCPIP PIC32 ETH Demo App-C32\CustomHTTPApp.o
 .debug_aranges
                0x00000040       0x20 Objects - TCPIP PIC32 ETH Demo App-C32\Announce.o
 .debug_aranges
                0x00000060       0x20 Objects - TCPIP PIC32 ETH Demo App-C32\ARP.o
 .debug_aranges
                0x00000080       0x20 Objects - TCPIP PIC32 ETH Demo App-C32\Delay.o
 .debug_aranges
                0x000000a0       0x20 Objects - TCPIP PIC32 ETH Demo App-C32\DHCP.o
 .debug_aranges
                0x000000c0       0x20 Objects - TCPIP PIC32 ETH Demo App-C32\DHCPs.o
 .debug_aranges
                0x000000e0       0x20 Objects - TCPIP PIC32 ETH Demo App-C32\DNS.o
 .debug_aranges
                0x00000100       0x20 Objects - TCPIP PIC32 ETH Demo App-C32\DynDNS.o
 .debug_aranges
                0x00000120       0x20 Objects - TCPIP PIC32 ETH Demo App-C32\Hashes.o
 .debug_aranges
                0x00000140       0x20 Objects - TCPIP PIC32 ETH Demo App-C32\Helpers.o
 .debug_aranges
                0x00000160       0x20 Objects - TCPIP PIC32 ETH Demo App-C32\HTTP2.o
 .debug_aranges
                0x00000180       0x20 Objects - TCPIP PIC32 ETH Demo App-C32\ICMP.o
 .debug_aranges
                0x000001a0       0x20 Objects - TCPIP PIC32 ETH Demo App-C32\IP.o
 .debug_aranges
                0x000001c0       0x20 Objects - TCPIP PIC32 ETH Demo App-C32\MPFS2.o
 .debug_aranges
                0x000001e0       0x20 Objects - TCPIP PIC32 ETH Demo App-C32\NBNS.o
 .debug_aranges
                0x00000200       0x20 Objects - TCPIP PIC32 ETH Demo App-C32\Reboot.o
 .debug_aranges
                0x00000220       0x20 Objects - TCPIP PIC32 ETH Demo App-C32\SMTP.o
 .debug_aranges
                0x00000240       0x20 Objects - TCPIP PIC32 ETH Demo App-C32\SNTP.o
 .debug_aranges
                0x00000260       0x20 Objects - TCPIP PIC32 ETH Demo App-C32\StackTsk.o
 .debug_aranges
                0x00000280       0x20 Objects - TCPIP PIC32 ETH Demo App-C32\TCP.o
 .debug_aranges
                0x000002a0       0x20 Objects - TCPIP PIC32 ETH Demo App-C32\TCPPerformanceTest.o
 .debug_aranges
                0x000002c0       0x20 Objects - TCPIP PIC32 ETH Demo App-C32\Telnet.o
 .debug_aranges
                0x000002e0       0x20 Objects - TCPIP PIC32 ETH Demo App-C32\Tick.o
 .debug_aranges
                0x00000300       0x20 Objects - TCPIP PIC32 ETH Demo App-C32\UDP.o
 .debug_aranges
                0x00000320       0x20 Objects - TCPIP PIC32 ETH Demo App-C32\GenericTCPClient.o
 .debug_aranges
                0x00000340       0x20 Objects - TCPIP PIC32 ETH Demo App-C32\GenericTCPServer.o
 .debug_aranges
                0x00000360       0x20 Objects - TCPIP PIC32 ETH Demo App-C32\PingDemo.o
 .debug_aranges
                0x00000380       0x20 Objects - TCPIP PIC32 ETH Demo App-C32\SMTPDemo.o
 .debug_aranges
                0x000003a0       0x20 Objects - TCPIP PIC32 ETH Demo App-C32\BerkeleyAPI.o
 .debug_aranges
                0x000003c0       0x20 Objects - TCPIP PIC32 ETH Demo App-C32\BerkeleyUDPClientDemo.o
 .debug_aranges
                0x000003e0       0x20 Objects - TCPIP PIC32 ETH Demo App-C32\BerkeleyTCPClientDemo.o
 .debug_aranges
                0x00000400       0x20 Objects - TCPIP PIC32 ETH Demo App-C32\BerkeleyTCPServerDemo.o
 .debug_aranges
                0x00000420       0x20 Objects - TCPIP PIC32 ETH Demo App-C32\AutoIP.o
 .debug_aranges
                0x00000440       0x20 Objects - TCPIP PIC32 ETH Demo App-C32\ETHPIC32IntMac.o
 .debug_aranges
                0x00000460       0x20 Objects - TCPIP PIC32 ETH Demo App-C32\ETHPIC32ExtPhy.o
 .debug_aranges
                0x00000480       0x20 Objects - TCPIP PIC32 ETH Demo App-C32\ETHPIC32ExtPhyDP83848.o
 .debug_aranges
                0x000004a0       0x20 c:/program files (x86)/microchip/mplab c32 suite/bin/../lib/gcc/pic32mx/4.5.1/size\libgcc.a(_udivdi3.o)
 .debug_aranges
                0x000004c0       0x20 c:/program files (x86)/microchip/mplab c32 suite/bin/../lib/gcc/pic32mx/4.5.1/../../../../pic32mx/lib/size\libc.a(atoi.o)
 .debug_aranges
                0x000004e0       0x20 c:/program files (x86)/microchip/mplab c32 suite/bin/../lib/gcc/pic32mx/4.5.1/../../../../pic32mx/lib/size\libc.a(atol.o)
 .debug_aranges
                0x00000500       0x20 c:/program files (x86)/microchip/mplab c32 suite/bin/../lib/gcc/pic32mx/4.5.1/../../../../pic32mx/lib/size\libc.a(calloc.o)
 .debug_aranges
                0x00000520       0x28 c:/program files (x86)/microchip/mplab c32 suite/bin/../lib/gcc/pic32mx/4.5.1/../../../../pic32mx/lib/size\libc.a(ltoa.o)
 .debug_aranges
                0x00000548       0x30 c:/program files (x86)/microchip/mplab c32 suite/bin/../lib/gcc/pic32mx/4.5.1/../../../../pic32mx/lib/size\libc.a(malloc.o)
 .debug_aranges
                0x00000578       0x20 c:/program files (x86)/microchip/mplab c32 suite/bin/../lib/gcc/pic32mx/4.5.1/../../../../pic32mx/lib/size\libc.a(strchr.o)
 .debug_aranges
                0x00000598       0x20 c:/program files (x86)/microchip/mplab c32 suite/bin/../lib/gcc/pic32mx/4.5.1/../../../../pic32mx/lib/size\libc.a(strncpy.o)
 .debug_aranges
                0x000005b8       0x20 c:/program files (x86)/microchip/mplab c32 suite/bin/../lib/gcc/pic32mx/4.5.1/../../../../pic32mx/lib/size\libc.a(strstr.o)
 .debug_aranges
                0x000005d8       0x40 c:/program files (x86)/microchip/mplab c32 suite/bin/../lib/gcc/pic32mx/4.5.1/../../../../pic32mx/lib/size\libc.a(sbrk.o)
 .debug_aranges
                0x00000618       0x20 c:/program files (x86)/microchip/mplab c32 suite/bin/../lib/gcc/pic32mx/4.5.1/../../../../pic32mx/lib/size\libc.a(default-bootstrap-exception-handler.o)
 .debug_aranges
                0x00000638       0x20 c:/program files (x86)/microchip/mplab c32 suite/bin/../lib/gcc/pic32mx/4.5.1/../../../../pic32mx/lib/size\libc.a(default-on-reset.o)
 .debug_aranges
                0x00000658       0x20 c:/program files (x86)/microchip/mplab c32 suite/bin/../lib/gcc/pic32mx/4.5.1/../../../../pic32mx/lib/size\libc.a(default-on-bootstrap.o)
 .debug_aranges
                0x00000678       0x20 c:/program files (x86)/microchip/mplab c32 suite/bin/../lib/gcc/pic32mx/4.5.1/../../../../pic32mx/lib/size\libc.a(strncmp.o)
 .debug_aranges
                0x00000698       0x20 c:/program files (x86)/microchip/mplab c32 suite/bin/../lib/gcc/pic32mx/4.5.1/../../../../pic32mx/lib/size\libmchp_peripheral.a(read_core_timer_lib.o)
 .debug_aranges
                0x000006b8       0x48 c:/program files (x86)/microchip/mplab c32 suite/bin/../lib/gcc/pic32mx/4.5.1/../../../../pic32mx/lib/size\libmchp_peripheral_32MX795F512L.a(eth_ack_packet_lib.o)
 .debug_aranges
                0x00000700       0x28 c:/program files (x86)/microchip/mplab c32 suite/bin/../lib/gcc/pic32mx/4.5.1/../../../../pic32mx/lib/size\libmchp_peripheral_32MX795F512L.a(eth_descriptors_add_lib.o)
 .debug_aranges
                0x00000728       0x20 c:/program files (x86)/microchip/mplab c32 suite/bin/../lib/gcc/pic32mx/4.5.1/../../../../pic32mx/lib/size\libmchp_peripheral_32MX795F512L.a(eth_init_lib.o)
 .debug_aranges
                0x00000748       0x20 c:/program files (x86)/microchip/mplab c32 suite/bin/../lib/gcc/pic32mx/4.5.1/../../../../pic32mx/lib/size\libmchp_peripheral_32MX795F512L.a(eth_mac_open_lib.o)
 .debug_aranges
                0x00000768       0x30 c:/program files (x86)/microchip/mplab c32 suite/bin/../lib/gcc/pic32mx/4.5.1/../../../../pic32mx/lib/size\libmchp_peripheral_32MX795F512L.a(eth_mac_set_address_max_lib.o)
 .debug_aranges
                0x00000798       0x20 c:/program files (x86)/microchip/mplab c32 suite/bin/../lib/gcc/pic32mx/4.5.1/../../../../pic32mx/lib/size\libmchp_peripheral_32MX795F512L.a(eth_rx_buffers_append_lib.o)
 .debug_aranges
                0x000007b8       0x48 c:/program files (x86)/microchip/mplab c32 suite/bin/../lib/gcc/pic32mx/4.5.1/../../../../pic32mx/lib/size\libmchp_peripheral_32MX795F512L.a(eth_rx_filters_lib.o)
 .debug_aranges
                0x00000800       0x28 c:/program files (x86)/microchip/mplab c32 suite/bin/../lib/gcc/pic32mx/4.5.1/../../../../pic32mx/lib/size\libmchp_peripheral_32MX795F512L.a(eth_rx_get_packet_lib.o)
 .debug_aranges
                0x00000828       0x20 c:/program files (x86)/microchip/mplab c32 suite/bin/../lib/gcc/pic32mx/4.5.1/../../../../pic32mx/lib/size\libmchp_peripheral_32MX795F512L.a(eth_rx_set_buffer_size_lib.o)
 .debug_aranges
                0x00000848       0x48 c:/program files (x86)/microchip/mplab c32 suite/bin/../lib/gcc/pic32mx/4.5.1/../../../../pic32mx/lib/size\libmchp_peripheral_32MX795F512L.a(eth_tx_packet_lib.o)
 .debug_aranges
                0x00000890       0x20 c:/program files (x86)/microchip/mplab c32 suite/bin/../lib/gcc/pic32mx/4.5.1/../../../../pic32mx/lib/size\libmchp_peripheral_32MX795F512L.a(_eth_append_busy_list_lib.o)
 .debug_aranges
                0x000008b0       0x48 c:/program files (x86)/microchip/mplab c32 suite/bin/../lib/gcc/pic32mx/4.5.1/../../../../pic32mx/lib/size\libmchp_peripheral_32MX795F512L.a(eth_miim_access.o)
 .debug_aranges
                0x000008f8       0x20 c:/program files (x86)/microchip/mplab c32 suite/bin/../lib/gcc/pic32mx/4.5.1/../../../../pic32mx/lib/size\libmchp_peripheral_32MX795F512L.a(soft_reset_lib.o)
 .debug_aranges
                0x00000918       0x28 c:/program files (x86)/microchip/mplab c32 suite/bin/../lib/gcc/pic32mx/4.5.1/../../../../pic32mx/lib/size\libmchp_peripheral_32MX795F512L.a(pcache.o)
 .debug_aranges
                0x00000940       0x20 c:/program files (x86)/microchip/mplab c32 suite/bin/../lib/gcc/pic32mx/4.5.1/../../../../pic32mx/lib/size\libmchp_peripheral_32MX795F512L.a(int_disable_interrupts_lib.o)
 .debug_aranges
                0x00000960       0x20 c:/program files (x86)/microchip/mplab c32 suite/bin/../lib/gcc/pic32mx/4.5.1/../../../../pic32mx/lib/size\libmchp_peripheral_32MX795F512L.a(int_restore_interrupts_lib.o)
 .debug_aranges
                0x00000980       0x20 c:/program files (x86)/microchip/mplab c32 suite/bin/../lib/gcc/pic32mx/4.5.1/../../../../pic32mx/lib/size\libmchp_peripheral_32MX795F512L.a(int_enable_mv_int_lib.o)
 .debug_aranges
                0x000009a0       0x60 c:/program files (x86)/microchip/mplab c32 suite/bin/../lib/gcc/pic32mx/4.5.1/../../../../pic32mx/lib/size\libmchp_peripheral_32MX795F512L.a(int_tbl_lib.o)
 .debug_aranges
                0x00000a00       0x20 c:/program files (x86)/microchip/mplab c32 suite/bin/../lib/gcc/pic32mx/4.5.1/../../../../pic32mx/lib/size\libmchp_peripheral_32MX795F512L.a(port_set_pins_digital_in_lib.o)
 .debug_aranges
                0x00000a20       0x20 c:/program files (x86)/microchip/mplab c32 suite/bin/../lib/gcc/pic32mx/4.5.1/../../../../pic32mx/lib/size\libmchp_peripheral_32MX795F512L.a(port_set_pins_digital_out_lib.o)
 .debug_aranges
                0x00000a40       0x58 c:/program files (x86)/microchip/mplab c32 suite/bin/../lib/gcc/pic32mx/4.5.1/../../../../pic32mx/lib/size\libmchp_peripheral_32MX795F512L.a(uart_lib.o)
 .debug_aranges
                0x00000a98       0x20 c:/program files (x86)/microchip/mplab c32 suite/bin/../lib/gcc/pic32mx/4.5.1/../../../../pic32mx/lib/size\libmchp_peripheral_32MX795F512L.a(int_enable_interrupts_lib.o)

.debug_pubnames
                0x00000000     0x1fc7
 *(.debug_pubnames)
 .debug_pubnames
                0x00000000       0x69 Objects - TCPIP PIC32 ETH Demo App-C32\MainDemo.o
 .debug_pubnames
                0x00000069      0x3a2 Objects - TCPIP PIC32 ETH Demo App-C32\CustomHTTPApp.o
 .debug_pubnames
                0x0000040b       0x33 Objects - TCPIP PIC32 ETH Demo App-C32\Announce.o
 .debug_pubnames
                0x0000043e       0x6f Objects - TCPIP PIC32 ETH Demo App-C32\ARP.o
 .debug_pubnames
                0x000004ad       0x2c Objects - TCPIP PIC32 ETH Demo App-C32\Delay.o
 .debug_pubnames
                0x000004d9       0xb9 Objects - TCPIP PIC32 ETH Demo App-C32\DHCP.o
 .debug_pubnames
                0x00000592       0x3c Objects - TCPIP PIC32 ETH Demo App-C32\DHCPs.o
 .debug_pubnames
                0x000005ce       0x55 Objects - TCPIP PIC32 ETH Demo App-C32\DNS.o
 .debug_pubnames
                0x00000623       0x9f Objects - TCPIP PIC32 ETH Demo App-C32\DynDNS.o
 .debug_pubnames
                0x000006c2       0x62 Objects - TCPIP PIC32 ETH Demo App-C32\Hashes.o
 .debug_pubnames
                0x00000724      0x12c Objects - TCPIP PIC32 ETH Demo App-C32\Helpers.o
 .debug_pubnames
                0x00000850       0xcf Objects - TCPIP PIC32 ETH Demo App-C32\HTTP2.o
 .debug_pubnames
                0x0000091f       0x7f Objects - TCPIP PIC32 ETH Demo App-C32\ICMP.o
 .debug_pubnames
                0x0000099e       0x44 Objects - TCPIP PIC32 ETH Demo App-C32\IP.o
 .debug_pubnames
                0x000009e2      0x140 Objects - TCPIP PIC32 ETH Demo App-C32\MPFS2.o
 .debug_pubnames
                0x00000b22       0x1f Objects - TCPIP PIC32 ETH Demo App-C32\NBNS.o
 .debug_pubnames
                0x00000b41       0x21 Objects - TCPIP PIC32 ETH Demo App-C32\Reboot.o
 .debug_pubnames
                0x00000b62       0xd2 Objects - TCPIP PIC32 ETH Demo App-C32\SMTP.o
 .debug_pubnames
                0x00000c34       0x37 Objects - TCPIP PIC32 ETH Demo App-C32\SNTP.o
 .debug_pubnames
                0x00000c6b       0x53 Objects - TCPIP PIC32 ETH Demo App-C32\StackTsk.o
 .debug_pubnames
                0x00000cbe      0x1ba Objects - TCPIP PIC32 ETH Demo App-C32\TCP.o
 .debug_pubnames
                0x00000e78       0x5b Objects - TCPIP PIC32 ETH Demo App-C32\TCPPerformanceTest.o
 .debug_pubnames
                0x00000ed3       0x21 Objects - TCPIP PIC32 ETH Demo App-C32\Telnet.o
 .debug_pubnames
                0x00000ef4       0x7e Objects - TCPIP PIC32 ETH Demo App-C32\Tick.o
 .debug_pubnames
                0x00000f72      0x155 Objects - TCPIP PIC32 ETH Demo App-C32\UDP.o
 .debug_pubnames
                0x000010c7       0x27 Objects - TCPIP PIC32 ETH Demo App-C32\GenericTCPClient.o
 .debug_pubnames
                0x000010ee       0x27 Objects - TCPIP PIC32 ETH Demo App-C32\GenericTCPServer.o
 .debug_pubnames
                0x00001115       0x1f Objects - TCPIP PIC32 ETH Demo App-C32\PingDemo.o
 .debug_pubnames
                0x00001134       0x1f Objects - TCPIP PIC32 ETH Demo App-C32\SMTPDemo.o
 .debug_pubnames
                0x00001153       0xa9 Objects - TCPIP PIC32 ETH Demo App-C32\BerkeleyAPI.o
 .debug_pubnames
                0x000011fc       0x4a Objects - TCPIP PIC32 ETH Demo App-C32\BerkeleyUDPClientDemo.o
 .debug_pubnames
                0x00001246       0x2c Objects - TCPIP PIC32 ETH Demo App-C32\BerkeleyTCPClientDemo.o
 .debug_pubnames
                0x00001272       0x2c Objects - TCPIP PIC32 ETH Demo App-C32\BerkeleyTCPServerDemo.o
 .debug_pubnames
                0x0000129e       0x21 Objects - TCPIP PIC32 ETH Demo App-C32\MPFSImg2.o
 .debug_pubnames
                0x000012bf       0xd2 Objects - TCPIP PIC32 ETH Demo App-C32\AutoIP.o
 .debug_pubnames
                0x00001391      0x213 Objects - TCPIP PIC32 ETH Demo App-C32\ETHPIC32IntMac.o
 .debug_pubnames
                0x000015a4      0x110 Objects - TCPIP PIC32 ETH Demo App-C32\ETHPIC32ExtPhy.o
 .debug_pubnames
                0x000016b4       0x6b Objects - TCPIP PIC32 ETH Demo App-C32\ETHPIC32ExtPhyDP83848.o
 .debug_pubnames
                0x0000171f       0x20 c:/program files (x86)/microchip/mplab c32 suite/bin/../lib/gcc/pic32mx/4.5.1/size\libgcc.a(_udivdi3.o)
 .debug_pubnames
                0x0000173f       0x1b c:/program files (x86)/microchip/mplab c32 suite/bin/../lib/gcc/pic32mx/4.5.1/../../../../pic32mx/lib/size\libc.a(atoi.o)
 .debug_pubnames
                0x0000175a       0x1b c:/program files (x86)/microchip/mplab c32 suite/bin/../lib/gcc/pic32mx/4.5.1/../../../../pic32mx/lib/size\libc.a(atol.o)
 .debug_pubnames
                0x00001775       0x1d c:/program files (x86)/microchip/mplab c32 suite/bin/../lib/gcc/pic32mx/4.5.1/../../../../pic32mx/lib/size\libc.a(calloc.o)
 .debug_pubnames
                0x00001792       0x25 c:/program files (x86)/microchip/mplab c32 suite/bin/../lib/gcc/pic32mx/4.5.1/../../../../pic32mx/lib/size\libc.a(ltoa.o)
 .debug_pubnames
                0x000017b7       0x32 c:/program files (x86)/microchip/mplab c32 suite/bin/../lib/gcc/pic32mx/4.5.1/../../../../pic32mx/lib/size\libc.a(malloc.o)
 .debug_pubnames
                0x000017e9       0x1d c:/program files (x86)/microchip/mplab c32 suite/bin/../lib/gcc/pic32mx/4.5.1/../../../../pic32mx/lib/size\libc.a(strchr.o)
 .debug_pubnames
                0x00001806       0x1e c:/program files (x86)/microchip/mplab c32 suite/bin/../lib/gcc/pic32mx/4.5.1/../../../../pic32mx/lib/size\libc.a(strncpy.o)
 .debug_pubnames
                0x00001824       0x1d c:/program files (x86)/microchip/mplab c32 suite/bin/../lib/gcc/pic32mx/4.5.1/../../../../pic32mx/lib/size\libc.a(strstr.o)
 .debug_pubnames
                0x00001841       0x5c c:/program files (x86)/microchip/mplab c32 suite/bin/../lib/gcc/pic32mx/4.5.1/../../../../pic32mx/lib/size\libc.a(sbrk.o)
 .debug_pubnames
                0x0000189d       0x33 c:/program files (x86)/microchip/mplab c32 suite/bin/../lib/gcc/pic32mx/4.5.1/../../../../pic32mx/lib/size\libc.a(default-bootstrap-exception-handler.o)
 .debug_pubnames
                0x000018d0       0x20 c:/program files (x86)/microchip/mplab c32 suite/bin/../lib/gcc/pic32mx/4.5.1/../../../../pic32mx/lib/size\libc.a(default-on-reset.o)
 .debug_pubnames
                0x000018f0       0x24 c:/program files (x86)/microchip/mplab c32 suite/bin/../lib/gcc/pic32mx/4.5.1/../../../../pic32mx/lib/size\libc.a(default-on-bootstrap.o)
 .debug_pubnames
                0x00001914       0x1e c:/program files (x86)/microchip/mplab c32 suite/bin/../lib/gcc/pic32mx/4.5.1/../../../../pic32mx/lib/size\libc.a(strncmp.o)
 .debug_pubnames
                0x00001932       0x24 c:/program files (x86)/microchip/mplab c32 suite/bin/../lib/gcc/pic32mx/4.5.1/../../../../pic32mx/lib/size\libmchp_peripheral.a(read_core_timer_lib.o)
 .debug_pubnames
                0x00001956       0x80 c:/program files (x86)/microchip/mplab c32 suite/bin/../lib/gcc/pic32mx/4.5.1/../../../../pic32mx/lib/size\libmchp_peripheral_32MX795F512L.a(eth_ack_packet_lib.o)
 .debug_pubnames
                0x000019d6       0x42 c:/program files (x86)/microchip/mplab c32 suite/bin/../lib/gcc/pic32mx/4.5.1/../../../../pic32mx/lib/size\libmchp_peripheral_32MX795F512L.a(eth_descriptors_add_lib.o)
 .debug_pubnames
                0x00001a18       0x1e c:/program files (x86)/microchip/mplab c32 suite/bin/../lib/gcc/pic32mx/4.5.1/../../../../pic32mx/lib/size\libmchp_peripheral_32MX795F512L.a(eth_init_lib.o)
 .debug_pubnames
                0x00001a36       0x21 c:/program files (x86)/microchip/mplab c32 suite/bin/../lib/gcc/pic32mx/4.5.1/../../../../pic32mx/lib/size\libmchp_peripheral_32MX795F512L.a(eth_mac_open_lib.o)
 .debug_pubnames
                0x00001a57       0x52 c:/program files (x86)/microchip/mplab c32 suite/bin/../lib/gcc/pic32mx/4.5.1/../../../../pic32mx/lib/size\libmchp_peripheral_32MX795F512L.a(eth_mac_set_address_max_lib.o)
 .debug_pubnames
                0x00001aa9       0x29 c:/program files (x86)/microchip/mplab c32 suite/bin/../lib/gcc/pic32mx/4.5.1/../../../../pic32mx/lib/size\libmchp_peripheral_32MX795F512L.a(eth_rx_buffers_append_lib.o)
 .debug_pubnames
                0x00001ad2       0x92 c:/program files (x86)/microchip/mplab c32 suite/bin/../lib/gcc/pic32mx/4.5.1/../../../../pic32mx/lib/size\libmchp_peripheral_32MX795F512L.a(eth_rx_filters_lib.o)
 .debug_pubnames
                0x00001b64       0x38 c:/program files (x86)/microchip/mplab c32 suite/bin/../lib/gcc/pic32mx/4.5.1/../../../../pic32mx/lib/size\libmchp_peripheral_32MX795F512L.a(eth_rx_get_packet_lib.o)
 .debug_pubnames
                0x00001b9c       0x29 c:/program files (x86)/microchip/mplab c32 suite/bin/../lib/gcc/pic32mx/4.5.1/../../../../pic32mx/lib/size\libmchp_peripheral_32MX795F512L.a(eth_rx_set_buffer_size_lib.o)
 .debug_pubnames
                0x00001bc5       0x66 c:/program files (x86)/microchip/mplab c32 suite/bin/../lib/gcc/pic32mx/4.5.1/../../../../pic32mx/lib/size\libmchp_peripheral_32MX795F512L.a(eth_tx_packet_lib.o)
 .debug_pubnames
                0x00001c2b       0x29 c:/program files (x86)/microchip/mplab c32 suite/bin/../lib/gcc/pic32mx/4.5.1/../../../../pic32mx/lib/size\libmchp_peripheral_32MX795F512L.a(_eth_append_busy_list_lib.o)
 .debug_pubnames
                0x00001c54       0x90 c:/program files (x86)/microchip/mplab c32 suite/bin/../lib/gcc/pic32mx/4.5.1/../../../../pic32mx/lib/size\libmchp_peripheral_32MX795F512L.a(eth_miim_access.o)
 .debug_pubnames
                0x00001ce4       0x20 c:/program files (x86)/microchip/mplab c32 suite/bin/../lib/gcc/pic32mx/4.5.1/../../../../pic32mx/lib/size\libmchp_peripheral_32MX795F512L.a(soft_reset_lib.o)
 .debug_pubnames
                0x00001d04       0x3b c:/program files (x86)/microchip/mplab c32 suite/bin/../lib/gcc/pic32mx/4.5.1/../../../../pic32mx/lib/size\libmchp_peripheral_32MX795F512L.a(pcache.o)
 .debug_pubnames
                0x00001d3f       0x2b c:/program files (x86)/microchip/mplab c32 suite/bin/../lib/gcc/pic32mx/4.5.1/../../../../pic32mx/lib/size\libmchp_peripheral_32MX795F512L.a(int_disable_interrupts_lib.o)
 .debug_pubnames
                0x00001d6a       0x2b c:/program files (x86)/microchip/mplab c32 suite/bin/../lib/gcc/pic32mx/4.5.1/../../../../pic32mx/lib/size\libmchp_peripheral_32MX795F512L.a(int_restore_interrupts_lib.o)
 .debug_pubnames
                0x00001d95       0x36 c:/program files (x86)/microchip/mplab c32 suite/bin/../lib/gcc/pic32mx/4.5.1/../../../../pic32mx/lib/size\libmchp_peripheral_32MX795F512L.a(int_enable_mv_int_lib.o)
 .debug_pubnames
                0x00001dcb       0xca c:/program files (x86)/microchip/mplab c32 suite/bin/../lib/gcc/pic32mx/4.5.1/../../../../pic32mx/lib/size\libmchp_peripheral_32MX795F512L.a(int_tbl_lib.o)
 .debug_pubnames
                0x00001e95       0x2b c:/program files (x86)/microchip/mplab c32 suite/bin/../lib/gcc/pic32mx/4.5.1/../../../../pic32mx/lib/size\libmchp_peripheral_32MX795F512L.a(port_set_pins_digital_in_lib.o)
 .debug_pubnames
                0x00001ec0       0x2c c:/program files (x86)/microchip/mplab c32 suite/bin/../lib/gcc/pic32mx/4.5.1/../../../../pic32mx/lib/size\libmchp_peripheral_32MX795F512L.a(port_set_pins_digital_out_lib.o)
 .debug_pubnames
                0x00001eec       0xb1 c:/program files (x86)/microchip/mplab c32 suite/bin/../lib/gcc/pic32mx/4.5.1/../../../../pic32mx/lib/size\libmchp_peripheral_32MX795F512L.a(uart_lib.o)
 .debug_pubnames
                0x00001f9d       0x2a c:/program files (x86)/microchip/mplab c32 suite/bin/../lib/gcc/pic32mx/4.5.1/../../../../pic32mx/lib/size\libmchp_peripheral_32MX795F512L.a(int_enable_interrupts_lib.o)

.debug_info     0x00000000    0x60cbc
 *(.debug_info .gnu.linkonce.wi.*)
 .debug_info    0x00000000     0x2bd5 Objects - TCPIP PIC32 ETH Demo App-C32\MainDemo.o
 .debug_info    0x00002bd5     0x31e0 Objects - TCPIP PIC32 ETH Demo App-C32\CustomHTTPApp.o
 .debug_info    0x00005db5     0x1178 Objects - TCPIP PIC32 ETH Demo App-C32\UDPPerformanceTest.o
 .debug_info    0x00006f2d     0x1b65 Objects - TCPIP PIC32 ETH Demo App-C32\Announce.o
 .debug_info    0x00008a92     0x1ba3 Objects - TCPIP PIC32 ETH Demo App-C32\ARP.o
 .debug_info    0x0000a635     0x1200 Objects - TCPIP PIC32 ETH Demo App-C32\Delay.o
 .debug_info    0x0000b835     0x2120 Objects - TCPIP PIC32 ETH Demo App-C32\DHCP.o
 .debug_info    0x0000d955     0x1db1 Objects - TCPIP PIC32 ETH Demo App-C32\DHCPs.o
 .debug_info    0x0000f706     0x1db7 Objects - TCPIP PIC32 ETH Demo App-C32\DNS.o
 .debug_info    0x000114bd     0x1f4c Objects - TCPIP PIC32 ETH Demo App-C32\DynDNS.o
 .debug_info    0x00013409     0x116e Objects - TCPIP PIC32 ETH Demo App-C32\ENC28J60.o
 .debug_info    0x00014577     0x1169 Objects - TCPIP PIC32 ETH Demo App-C32\FTP.o
 .debug_info    0x000156e0     0x153c Objects - TCPIP PIC32 ETH Demo App-C32\Hashes.o
 .debug_info    0x00016c1c     0x1e1e Objects - TCPIP PIC32 ETH Demo App-C32\Helpers.o
 .debug_info    0x00018a3a     0x2336 Objects - TCPIP PIC32 ETH Demo App-C32\HTTP2.o
 .debug_info    0x0001ad70     0x116a Objects - TCPIP PIC32 ETH Demo App-C32\HTTP.o
 .debug_info    0x0001beda     0x1afb Objects - TCPIP PIC32 ETH Demo App-C32\ICMP.o
 .debug_info    0x0001d9d5     0x1b48 Objects - TCPIP PIC32 ETH Demo App-C32\IP.o
 .debug_info    0x0001f51d     0x1171 Objects - TCPIP PIC32 ETH Demo App-C32\LCDBlocking.o
 .debug_info    0x0002068e     0x1922 Objects - TCPIP PIC32 ETH Demo App-C32\MPFS2.o
 .debug_info    0x00021fb0     0x116a Objects - TCPIP PIC32 ETH Demo App-C32\MPFS.o
 .debug_info    0x0002311a     0x1c9c Objects - TCPIP PIC32 ETH Demo App-C32\NBNS.o
 .debug_info    0x00024db6     0x1a63 Objects - TCPIP PIC32 ETH Demo App-C32\Reboot.o
 .debug_info    0x00026819     0x246d Objects - TCPIP PIC32 ETH Demo App-C32\SMTP.o
 .debug_info    0x00028c86     0x116a Objects - TCPIP PIC32 ETH Demo App-C32\SNMP.o
 .debug_info    0x00029df0     0x14ec Objects - TCPIP PIC32 ETH Demo App-C32\SNTP.o
 .debug_info    0x0002b2dc     0x116f Objects - TCPIP PIC32 ETH Demo App-C32\SPIEEPROM.o
 .debug_info    0x0002c44b     0x116e Objects - TCPIP PIC32 ETH Demo App-C32\SPIFlash.o
 .debug_info    0x0002d5b9     0x116c Objects - TCPIP PIC32 ETH Demo App-C32\SPIRAM.o
 .debug_info    0x0002e725     0x1a57 Objects - TCPIP PIC32 ETH Demo App-C32\StackTsk.o
 .debug_info    0x0003017c     0x3201 Objects - TCPIP PIC32 ETH Demo App-C32\TCP.o
 .debug_info    0x0003337d     0x188e Objects - TCPIP PIC32 ETH Demo App-C32\TCPPerformanceTest.o
 .debug_info    0x00034c0b     0x1850 Objects - TCPIP PIC32 ETH Demo App-C32\Telnet.o
 .debug_info    0x0003645b     0x116b Objects - TCPIP PIC32 ETH Demo App-C32\TFTPc.o
 .debug_info    0x000375c6     0x1ae1 Objects - TCPIP PIC32 ETH Demo App-C32\Tick.o
 .debug_info    0x000390a7     0x1174 Objects - TCPIP PIC32 ETH Demo App-C32\UART2TCPBridge.o
 .debug_info    0x0003a21b     0x2213 Objects - TCPIP PIC32 ETH Demo App-C32\UDP.o
 .debug_info    0x0003c42e     0x115a Objects - TCPIP PIC32 ETH Demo App-C32\CustomSNMPApp.o
 .debug_info    0x0003d588     0x1157 Objects - TCPIP PIC32 ETH Demo App-C32\UARTConfig.o
 .debug_info    0x0003e6df     0x14d0 Objects - TCPIP PIC32 ETH Demo App-C32\GenericTCPClient.o
 .debug_info    0x0003fbaf     0x1297 Objects - TCPIP PIC32 ETH Demo App-C32\GenericTCPServer.o
 .debug_info    0x00040e46     0x115a Objects - TCPIP PIC32 ETH Demo App-C32\LegacyHTTPApp.o
 .debug_info    0x00041fa0     0x13ad Objects - TCPIP PIC32 ETH Demo App-C32\PingDemo.o
 .debug_info    0x0004334d     0x18d1 Objects - TCPIP PIC32 ETH Demo App-C32\SMTPDemo.o
 .debug_info    0x00044c1e     0x249e Objects - TCPIP PIC32 ETH Demo App-C32\BerkeleyAPI.o
 .debug_info    0x000470bc     0x1bac Objects - TCPIP PIC32 ETH Demo App-C32\BerkeleyUDPClientDemo.o
 .debug_info    0x00048c68     0x1b47 Objects - TCPIP PIC32 ETH Demo App-C32\BerkeleyTCPClientDemo.o
 .debug_info    0x0004a7af     0x145d Objects - TCPIP PIC32 ETH Demo App-C32\BerkeleyTCPServerDemo.o
 .debug_info    0x0004bc0c     0x1170 Objects - TCPIP PIC32 ETH Demo App-C32\ENCX24J600.o
 .debug_info    0x0004cd7c     0x1192 Objects - TCPIP PIC32 ETH Demo App-C32\MPFSImg2.o
 .debug_info    0x0004df0e     0x116c Objects - TCPIP PIC32 ETH Demo App-C32\Random.o
 .debug_info    0x0004f07a     0x1169 Objects - TCPIP PIC32 ETH Demo App-C32\RSA.o
 .debug_info    0x000501e3     0x1169 Objects - TCPIP PIC32 ETH Demo App-C32\SSL.o
 .debug_info    0x0005134c     0x116d Objects - TCPIP PIC32 ETH Demo App-C32\ARCFOUR.o
 .debug_info    0x000524b9     0x116c Objects - TCPIP PIC32 ETH Demo App-C32\BigInt.o
 .debug_info    0x00053625     0x115a Objects - TCPIP PIC32 ETH Demo App-C32\CustomSSLCert.o
 .debug_info    0x0005477f     0x1e74 Objects - TCPIP PIC32 ETH Demo App-C32\AutoIP.o
 .debug_info    0x000565f3     0x2d22 Objects - TCPIP PIC32 ETH Demo App-C32\ETHPIC32IntMac.o
 .debug_info    0x00059315     0x272e Objects - TCPIP PIC32 ETH Demo App-C32\ETHPIC32ExtPhy.o
 .debug_info    0x0005ba43     0x16af Objects - TCPIP PIC32 ETH Demo App-C32\ETHPIC32ExtPhyDP83848.o
 .debug_info    0x0005d0f2     0x116a Objects - TCPIP PIC32 ETH Demo App-C32\UART.o
 .debug_info    0x0005e25c      0x78b c:/program files (x86)/microchip/mplab c32 suite/bin/../lib/gcc/pic32mx/4.5.1/size\libgcc.a(_udivdi3.o)
 .debug_info    0x0005e9e7       0xcd c:/program files (x86)/microchip/mplab c32 suite/bin/../lib/gcc/pic32mx/4.5.1/../../../../pic32mx/lib/size\libc.a(atoi.o)
 .debug_info    0x0005eab4       0xcd c:/program files (x86)/microchip/mplab c32 suite/bin/../lib/gcc/pic32mx/4.5.1/../../../../pic32mx/lib/size\libc.a(atol.o)
 .debug_info    0x0005eb81       0xd1 c:/program files (x86)/microchip/mplab c32 suite/bin/../lib/gcc/pic32mx/4.5.1/../../../../pic32mx/lib/size\libc.a(calloc.o)
 .debug_info    0x0005ec52        0x0 c:/program files (x86)/microchip/mplab c32 suite/bin/../lib/gcc/pic32mx/4.5.1/../../../../pic32mx/lib/size\libc.a(ctype.o)
 .debug_info    0x0005ec52       0xe1 c:/program files (x86)/microchip/mplab c32 suite/bin/../lib/gcc/pic32mx/4.5.1/../../../../pic32mx/lib/size\libc.a(ltoa.o)
 .debug_info    0x0005ed33       0xfa c:/program files (x86)/microchip/mplab c32 suite/bin/../lib/gcc/pic32mx/4.5.1/../../../../pic32mx/lib/size\libc.a(malloc.o)
 .debug_info    0x0005ee2d       0xd1 c:/program files (x86)/microchip/mplab c32 suite/bin/../lib/gcc/pic32mx/4.5.1/../../../../pic32mx/lib/size\libc.a(strchr.o)
 .debug_info    0x0005eefe       0xd3 c:/program files (x86)/microchip/mplab c32 suite/bin/../lib/gcc/pic32mx/4.5.1/../../../../pic32mx/lib/size\libc.a(strncpy.o)
 .debug_info    0x0005efd1       0xd1 c:/program files (x86)/microchip/mplab c32 suite/bin/../lib/gcc/pic32mx/4.5.1/../../../../pic32mx/lib/size\libc.a(strstr.o)
 .debug_info    0x0005f0a2      0x139 c:/program files (x86)/microchip/mplab c32 suite/bin/../lib/gcc/pic32mx/4.5.1/../../../../pic32mx/lib/size\libc.a(sbrk.o)
 .debug_info    0x0005f1db      0x106 c:/program files (x86)/microchip/mplab c32 suite/bin/../lib/gcc/pic32mx/4.5.1/../../../../pic32mx/lib/size\libc.a(default-bootstrap-exception-handler.o)
 .debug_info    0x0005f2e1       0xe0 c:/program files (x86)/microchip/mplab c32 suite/bin/../lib/gcc/pic32mx/4.5.1/../../../../pic32mx/lib/size\libc.a(default-on-reset.o)
 .debug_info    0x0005f3c1       0xe8 c:/program files (x86)/microchip/mplab c32 suite/bin/../lib/gcc/pic32mx/4.5.1/../../../../pic32mx/lib/size\libc.a(default-on-bootstrap.o)
 .debug_info    0x0005f4a9        0x0 c:/program files (x86)/microchip/mplab c32 suite/bin/../lib/gcc/pic32mx/4.5.1/../../../../pic32mx/lib/size\libc.a(errno.o)
 .debug_info    0x0005f4a9       0xd3 c:/program files (x86)/microchip/mplab c32 suite/bin/../lib/gcc/pic32mx/4.5.1/../../../../pic32mx/lib/size\libc.a(strncmp.o)
 .debug_info    0x0005f57c       0xbf c:/program files (x86)/microchip/mplab c32 suite/bin/../lib/gcc/pic32mx/4.5.1/../../../../pic32mx/lib/size\libmchp_peripheral.a(read_core_timer_lib.o)
 .debug_info    0x0005f63b      0x180 c:/program files (x86)/microchip/mplab c32 suite/bin/../lib/gcc/pic32mx/4.5.1/../../../../pic32mx/lib/size\libmchp_peripheral_32MX795F512L.a(eth_ack_packet_lib.o)
 .debug_info    0x0005f7bb      0x107 c:/program files (x86)/microchip/mplab c32 suite/bin/../lib/gcc/pic32mx/4.5.1/../../../../pic32mx/lib/size\libmchp_peripheral_32MX795F512L.a(eth_descriptors_add_lib.o)
 .debug_info    0x0005f8c2       0xd3 c:/program files (x86)/microchip/mplab c32 suite/bin/../lib/gcc/pic32mx/4.5.1/../../../../pic32mx/lib/size\libmchp_peripheral_32MX795F512L.a(eth_init_lib.o)
 .debug_info    0x0005f995       0xb7 c:/program files (x86)/microchip/mplab c32 suite/bin/../lib/gcc/pic32mx/4.5.1/../../../../pic32mx/lib/size\libmchp_peripheral_32MX795F512L.a(eth_mac_open_lib.o)
 .debug_info    0x0005fa4c      0x107 c:/program files (x86)/microchip/mplab c32 suite/bin/../lib/gcc/pic32mx/4.5.1/../../../../pic32mx/lib/size\libmchp_peripheral_32MX795F512L.a(eth_mac_set_address_max_lib.o)
 .debug_info    0x0005fb53       0xfb c:/program files (x86)/microchip/mplab c32 suite/bin/../lib/gcc/pic32mx/4.5.1/../../../../pic32mx/lib/size\libmchp_peripheral_32MX795F512L.a(eth_rx_buffers_append_lib.o)
 .debug_info    0x0005fc4e      0x15c c:/program files (x86)/microchip/mplab c32 suite/bin/../lib/gcc/pic32mx/4.5.1/../../../../pic32mx/lib/size\libmchp_peripheral_32MX795F512L.a(eth_rx_filters_lib.o)
 .debug_info    0x0005fdaa       0xdd c:/program files (x86)/microchip/mplab c32 suite/bin/../lib/gcc/pic32mx/4.5.1/../../../../pic32mx/lib/size\libmchp_peripheral_32MX795F512L.a(eth_rx_get_packet_lib.o)
 .debug_info    0x0005fe87       0xc9 c:/program files (x86)/microchip/mplab c32 suite/bin/../lib/gcc/pic32mx/4.5.1/../../../../pic32mx/lib/size\libmchp_peripheral_32MX795F512L.a(eth_rx_set_buffer_size_lib.o)
 .debug_info    0x0005ff50      0x18b c:/program files (x86)/microchip/mplab c32 suite/bin/../lib/gcc/pic32mx/4.5.1/../../../../pic32mx/lib/size\libmchp_peripheral_32MX795F512L.a(eth_tx_packet_lib.o)
 .debug_info    0x000600db       0xe9 c:/program files (x86)/microchip/mplab c32 suite/bin/../lib/gcc/pic32mx/4.5.1/../../../../pic32mx/lib/size\libmchp_peripheral_32MX795F512L.a(_eth_append_busy_list_lib.o)
 .debug_info    0x000601c4      0x158 c:/program files (x86)/microchip/mplab c32 suite/bin/../lib/gcc/pic32mx/4.5.1/../../../../pic32mx/lib/size\libmchp_peripheral_32MX795F512L.a(eth_miim_access.o)
 .debug_info    0x0006031c       0xc7 c:/program files (x86)/microchip/mplab c32 suite/bin/../lib/gcc/pic32mx/4.5.1/../../../../pic32mx/lib/size\libmchp_peripheral_32MX795F512L.a(soft_reset_lib.o)
 .debug_info    0x000603e3       0xd4 c:/program files (x86)/microchip/mplab c32 suite/bin/../lib/gcc/pic32mx/4.5.1/../../../../pic32mx/lib/size\libmchp_peripheral_32MX795F512L.a(pcache.o)
 .debug_info    0x000604b7       0xcb c:/program files (x86)/microchip/mplab c32 suite/bin/../lib/gcc/pic32mx/4.5.1/../../../../pic32mx/lib/size\libmchp_peripheral_32MX795F512L.a(int_disable_interrupts_lib.o)
 .debug_info    0x00060582       0xcb c:/program files (x86)/microchip/mplab c32 suite/bin/../lib/gcc/pic32mx/4.5.1/../../../../pic32mx/lib/size\libmchp_peripheral_32MX795F512L.a(int_restore_interrupts_lib.o)
 .debug_info    0x0006064d       0xd1 c:/program files (x86)/microchip/mplab c32 suite/bin/../lib/gcc/pic32mx/4.5.1/../../../../pic32mx/lib/size\libmchp_peripheral_32MX795F512L.a(int_enable_mv_int_lib.o)
 .debug_info    0x0006071e      0x1ab c:/program files (x86)/microchip/mplab c32 suite/bin/../lib/gcc/pic32mx/4.5.1/../../../../pic32mx/lib/size\libmchp_peripheral_32MX795F512L.a(int_tbl_lib.o)
 .debug_info    0x000608c9       0xcf c:/program files (x86)/microchip/mplab c32 suite/bin/../lib/gcc/pic32mx/4.5.1/../../../../pic32mx/lib/size\libmchp_peripheral_32MX795F512L.a(port_set_pins_digital_in_lib.o)
 .debug_info    0x00060998       0xd1 c:/program files (x86)/microchip/mplab c32 suite/bin/../lib/gcc/pic32mx/4.5.1/../../../../pic32mx/lib/size\libmchp_peripheral_32MX795F512L.a(port_set_pins_digital_out_lib.o)
 .debug_info    0x00060a69        0x0 c:/program files (x86)/microchip/mplab c32 suite/bin/../lib/gcc/pic32mx/4.5.1/../../../../pic32mx/lib/size\libmchp_peripheral_32MX795F512L.a(_ports_tbl_libp.o)
 .debug_info    0x00060a69      0x18a c:/program files (x86)/microchip/mplab c32 suite/bin/../lib/gcc/pic32mx/4.5.1/../../../../pic32mx/lib/size\libmchp_peripheral_32MX795F512L.a(uart_lib.o)
 .debug_info    0x00060bf3       0xc9 c:/program files (x86)/microchip/mplab c32 suite/bin/../lib/gcc/pic32mx/4.5.1/../../../../pic32mx/lib/size\libmchp_peripheral_32MX795F512L.a(int_enable_interrupts_lib.o)

.debug_abbrev   0x00000000     0x7e7b
 *(.debug_abbrev)
 .debug_abbrev  0x00000000      0x386 Objects - TCPIP PIC32 ETH Demo App-C32\MainDemo.o
 .debug_abbrev  0x00000386      0x2e6 Objects - TCPIP PIC32 ETH Demo App-C32\CustomHTTPApp.o
 .debug_abbrev  0x0000066c      0x166 Objects - TCPIP PIC32 ETH Demo App-C32\UDPPerformanceTest.o
 .debug_abbrev  0x000007d2      0x1ff Objects - TCPIP PIC32 ETH Demo App-C32\Announce.o
 .debug_abbrev  0x000009d1      0x275 Objects - TCPIP PIC32 ETH Demo App-C32\ARP.o
 .debug_abbrev  0x00000c46      0x19b Objects - TCPIP PIC32 ETH Demo App-C32\Delay.o
 .debug_abbrev  0x00000de1      0x2a8 Objects - TCPIP PIC32 ETH Demo App-C32\DHCP.o
 .debug_abbrev  0x00001089      0x23d Objects - TCPIP PIC32 ETH Demo App-C32\DHCPs.o
 .debug_abbrev  0x000012c6      0x271 Objects - TCPIP PIC32 ETH Demo App-C32\DNS.o
 .debug_abbrev  0x00001537      0x27f Objects - TCPIP PIC32 ETH Demo App-C32\DynDNS.o
 .debug_abbrev  0x000017b6      0x166 Objects - TCPIP PIC32 ETH Demo App-C32\ENC28J60.o
 .debug_abbrev  0x0000191c      0x166 Objects - TCPIP PIC32 ETH Demo App-C32\FTP.o
 .debug_abbrev  0x00001a82      0x233 Objects - TCPIP PIC32 ETH Demo App-C32\Hashes.o
 .debug_abbrev  0x00001cb5      0x252 Objects - TCPIP PIC32 ETH Demo App-C32\Helpers.o
 .debug_abbrev  0x00001f07      0x2cc Objects - TCPIP PIC32 ETH Demo App-C32\HTTP2.o
 .debug_abbrev  0x000021d3      0x166 Objects - TCPIP PIC32 ETH Demo App-C32\HTTP.o
 .debug_abbrev  0x00002339      0x246 Objects - TCPIP PIC32 ETH Demo App-C32\ICMP.o
 .debug_abbrev  0x0000257f      0x242 Objects - TCPIP PIC32 ETH Demo App-C32\IP.o
 .debug_abbrev  0x000027c1      0x166 Objects - TCPIP PIC32 ETH Demo App-C32\LCDBlocking.o
 .debug_abbrev  0x00002927      0x28e Objects - TCPIP PIC32 ETH Demo App-C32\MPFS2.o
 .debug_abbrev  0x00002bb5      0x166 Objects - TCPIP PIC32 ETH Demo App-C32\MPFS.o
 .debug_abbrev  0x00002d1b      0x247 Objects - TCPIP PIC32 ETH Demo App-C32\NBNS.o
 .debug_abbrev  0x00002f62      0x1c0 Objects - TCPIP PIC32 ETH Demo App-C32\Reboot.o
 .debug_abbrev  0x00003122      0x2da Objects - TCPIP PIC32 ETH Demo App-C32\SMTP.o
 .debug_abbrev  0x000033fc      0x166 Objects - TCPIP PIC32 ETH Demo App-C32\SNMP.o
 .debug_abbrev  0x00003562      0x1d9 Objects - TCPIP PIC32 ETH Demo App-C32\SNTP.o
 .debug_abbrev  0x0000373b      0x166 Objects - TCPIP PIC32 ETH Demo App-C32\SPIEEPROM.o
 .debug_abbrev  0x000038a1      0x166 Objects - TCPIP PIC32 ETH Demo App-C32\SPIFlash.o
 .debug_abbrev  0x00003a07      0x166 Objects - TCPIP PIC32 ETH Demo App-C32\SPIRAM.o
 .debug_abbrev  0x00003b6d      0x223 Objects - TCPIP PIC32 ETH Demo App-C32\StackTsk.o
 .debug_abbrev  0x00003d90      0x2db Objects - TCPIP PIC32 ETH Demo App-C32\TCP.o
 .debug_abbrev  0x0000406b      0x20a Objects - TCPIP PIC32 ETH Demo App-C32\TCPPerformanceTest.o
 .debug_abbrev  0x00004275      0x1d2 Objects - TCPIP PIC32 ETH Demo App-C32\Telnet.o
 .debug_abbrev  0x00004447      0x166 Objects - TCPIP PIC32 ETH Demo App-C32\TFTPc.o
 .debug_abbrev  0x000045ad      0x214 Objects - TCPIP PIC32 ETH Demo App-C32\Tick.o
 .debug_abbrev  0x000047c1      0x166 Objects - TCPIP PIC32 ETH Demo App-C32\UART2TCPBridge.o
 .debug_abbrev  0x00004927      0x2fc Objects - TCPIP PIC32 ETH Demo App-C32\UDP.o
 .debug_abbrev  0x00004c23      0x166 Objects - TCPIP PIC32 ETH Demo App-C32\CustomSNMPApp.o
 .debug_abbrev  0x00004d89      0x166 Objects - TCPIP PIC32 ETH Demo App-C32\UARTConfig.o
 .debug_abbrev  0x00004eef      0x1ad Objects - TCPIP PIC32 ETH Demo App-C32\GenericTCPClient.o
 .debug_abbrev  0x0000509c      0x1ad Objects - TCPIP PIC32 ETH Demo App-C32\GenericTCPServer.o
 .debug_abbrev  0x00005249      0x166 Objects - TCPIP PIC32 ETH Demo App-C32\LegacyHTTPApp.o
 .debug_abbrev  0x000053af      0x1a2 Objects - TCPIP PIC32 ETH Demo App-C32\PingDemo.o
 .debug_abbrev  0x00005551      0x1e5 Objects - TCPIP PIC32 ETH Demo App-C32\SMTPDemo.o
 .debug_abbrev  0x00005736      0x2cc Objects - TCPIP PIC32 ETH Demo App-C32\BerkeleyAPI.o
 .debug_abbrev  0x00005a02      0x20b Objects - TCPIP PIC32 ETH Demo App-C32\BerkeleyUDPClientDemo.o
 .debug_abbrev  0x00005c0d      0x1e3 Objects - TCPIP PIC32 ETH Demo App-C32\BerkeleyTCPClientDemo.o
 .debug_abbrev  0x00005df0      0x1c7 Objects - TCPIP PIC32 ETH Demo App-C32\BerkeleyTCPServerDemo.o
 .debug_abbrev  0x00005fb7      0x166 Objects - TCPIP PIC32 ETH Demo App-C32\ENCX24J600.o
 .debug_abbrev  0x0000611d      0x180 Objects - TCPIP PIC32 ETH Demo App-C32\MPFSImg2.o
 .debug_abbrev  0x0000629d      0x166 Objects - TCPIP PIC32 ETH Demo App-C32\Random.o
 .debug_abbrev  0x00006403      0x166 Objects - TCPIP PIC32 ETH Demo App-C32\RSA.o
 .debug_abbrev  0x00006569      0x166 Objects - TCPIP PIC32 ETH Demo App-C32\SSL.o
 .debug_abbrev  0x000066cf      0x166 Objects - TCPIP PIC32 ETH Demo App-C32\ARCFOUR.o
 .debug_abbrev  0x00006835      0x166 Objects - TCPIP PIC32 ETH Demo App-C32\BigInt.o
 .debug_abbrev  0x0000699b      0x166 Objects - TCPIP PIC32 ETH Demo App-C32\CustomSSLCert.o
 .debug_abbrev  0x00006b01      0x26a Objects - TCPIP PIC32 ETH Demo App-C32\AutoIP.o
 .debug_abbrev  0x00006d6b      0x336 Objects - TCPIP PIC32 ETH Demo App-C32\ETHPIC32IntMac.o
 .debug_abbrev  0x000070a1      0x34c Objects - TCPIP PIC32 ETH Demo App-C32\ETHPIC32ExtPhy.o
 .debug_abbrev  0x000073ed      0x1ca Objects - TCPIP PIC32 ETH Demo App-C32\ETHPIC32ExtPhyDP83848.o
 .debug_abbrev  0x000075b7      0x166 Objects - TCPIP PIC32 ETH Demo App-C32\UART.o
 .debug_abbrev  0x0000771d      0x13d c:/program files (x86)/microchip/mplab c32 suite/bin/../lib/gcc/pic32mx/4.5.1/size\libgcc.a(_udivdi3.o)
 .debug_abbrev  0x0000785a       0x25 c:/program files (x86)/microchip/mplab c32 suite/bin/../lib/gcc/pic32mx/4.5.1/../../../../pic32mx/lib/size\libc.a(atoi.o)
 .debug_abbrev  0x0000787f       0x25 c:/program files (x86)/microchip/mplab c32 suite/bin/../lib/gcc/pic32mx/4.5.1/../../../../pic32mx/lib/size\libc.a(atol.o)
 .debug_abbrev  0x000078a4       0x25 c:/program files (x86)/microchip/mplab c32 suite/bin/../lib/gcc/pic32mx/4.5.1/../../../../pic32mx/lib/size\libc.a(calloc.o)
 .debug_abbrev  0x000078c9        0x1 c:/program files (x86)/microchip/mplab c32 suite/bin/../lib/gcc/pic32mx/4.5.1/../../../../pic32mx/lib/size\libc.a(ctype.o)
 .debug_abbrev  0x000078ca       0x25 c:/program files (x86)/microchip/mplab c32 suite/bin/../lib/gcc/pic32mx/4.5.1/../../../../pic32mx/lib/size\libc.a(ltoa.o)
 .debug_abbrev  0x000078ef       0x25 c:/program files (x86)/microchip/mplab c32 suite/bin/../lib/gcc/pic32mx/4.5.1/../../../../pic32mx/lib/size\libc.a(malloc.o)
 .debug_abbrev  0x00007914       0x25 c:/program files (x86)/microchip/mplab c32 suite/bin/../lib/gcc/pic32mx/4.5.1/../../../../pic32mx/lib/size\libc.a(strchr.o)
 .debug_abbrev  0x00007939       0x25 c:/program files (x86)/microchip/mplab c32 suite/bin/../lib/gcc/pic32mx/4.5.1/../../../../pic32mx/lib/size\libc.a(strncpy.o)
 .debug_abbrev  0x0000795e       0x25 c:/program files (x86)/microchip/mplab c32 suite/bin/../lib/gcc/pic32mx/4.5.1/../../../../pic32mx/lib/size\libc.a(strstr.o)
 .debug_abbrev  0x00007983       0x38 c:/program files (x86)/microchip/mplab c32 suite/bin/../lib/gcc/pic32mx/4.5.1/../../../../pic32mx/lib/size\libc.a(sbrk.o)
 .debug_abbrev  0x000079bb       0x25 c:/program files (x86)/microchip/mplab c32 suite/bin/../lib/gcc/pic32mx/4.5.1/../../../../pic32mx/lib/size\libc.a(default-bootstrap-exception-handler.o)
 .debug_abbrev  0x000079e0       0x25 c:/program files (x86)/microchip/mplab c32 suite/bin/../lib/gcc/pic32mx/4.5.1/../../../../pic32mx/lib/size\libc.a(default-on-reset.o)
 .debug_abbrev  0x00007a05       0x25 c:/program files (x86)/microchip/mplab c32 suite/bin/../lib/gcc/pic32mx/4.5.1/../../../../pic32mx/lib/size\libc.a(default-on-bootstrap.o)
 .debug_abbrev  0x00007a2a        0x1 c:/program files (x86)/microchip/mplab c32 suite/bin/../lib/gcc/pic32mx/4.5.1/../../../../pic32mx/lib/size\libc.a(errno.o)
 .debug_abbrev  0x00007a2b       0x25 c:/program files (x86)/microchip/mplab c32 suite/bin/../lib/gcc/pic32mx/4.5.1/../../../../pic32mx/lib/size\libc.a(strncmp.o)
 .debug_abbrev  0x00007a50       0x25 c:/program files (x86)/microchip/mplab c32 suite/bin/../lib/gcc/pic32mx/4.5.1/../../../../pic32mx/lib/size\libmchp_peripheral.a(read_core_timer_lib.o)
 .debug_abbrev  0x00007a75       0x58 c:/program files (x86)/microchip/mplab c32 suite/bin/../lib/gcc/pic32mx/4.5.1/../../../../pic32mx/lib/size\libmchp_peripheral_32MX795F512L.a(eth_ack_packet_lib.o)
 .debug_abbrev  0x00007acd       0x34 c:/program files (x86)/microchip/mplab c32 suite/bin/../lib/gcc/pic32mx/4.5.1/../../../../pic32mx/lib/size\libmchp_peripheral_32MX795F512L.a(eth_descriptors_add_lib.o)
 .debug_abbrev  0x00007b01       0x34 c:/program files (x86)/microchip/mplab c32 suite/bin/../lib/gcc/pic32mx/4.5.1/../../../../pic32mx/lib/size\libmchp_peripheral_32MX795F512L.a(eth_init_lib.o)
 .debug_abbrev  0x00007b35       0x25 c:/program files (x86)/microchip/mplab c32 suite/bin/../lib/gcc/pic32mx/4.5.1/../../../../pic32mx/lib/size\libmchp_peripheral_32MX795F512L.a(eth_mac_open_lib.o)
 .debug_abbrev  0x00007b5a       0x25 c:/program files (x86)/microchip/mplab c32 suite/bin/../lib/gcc/pic32mx/4.5.1/../../../../pic32mx/lib/size\libmchp_peripheral_32MX795F512L.a(eth_mac_set_address_max_lib.o)
 .debug_abbrev  0x00007b7f       0x34 c:/program files (x86)/microchip/mplab c32 suite/bin/../lib/gcc/pic32mx/4.5.1/../../../../pic32mx/lib/size\libmchp_peripheral_32MX795F512L.a(eth_rx_buffers_append_lib.o)
 .debug_abbrev  0x00007bb3       0x25 c:/program files (x86)/microchip/mplab c32 suite/bin/../lib/gcc/pic32mx/4.5.1/../../../../pic32mx/lib/size\libmchp_peripheral_32MX795F512L.a(eth_rx_filters_lib.o)
 .debug_abbrev  0x00007bd8       0x25 c:/program files (x86)/microchip/mplab c32 suite/bin/../lib/gcc/pic32mx/4.5.1/../../../../pic32mx/lib/size\libmchp_peripheral_32MX795F512L.a(eth_rx_get_packet_lib.o)
 .debug_abbrev  0x00007bfd       0x25 c:/program files (x86)/microchip/mplab c32 suite/bin/../lib/gcc/pic32mx/4.5.1/../../../../pic32mx/lib/size\libmchp_peripheral_32MX795F512L.a(eth_rx_set_buffer_size_lib.o)
 .debug_abbrev  0x00007c22       0x58 c:/program files (x86)/microchip/mplab c32 suite/bin/../lib/gcc/pic32mx/4.5.1/../../../../pic32mx/lib/size\libmchp_peripheral_32MX795F512L.a(eth_tx_packet_lib.o)
 .debug_abbrev  0x00007c7a       0x34 c:/program files (x86)/microchip/mplab c32 suite/bin/../lib/gcc/pic32mx/4.5.1/../../../../pic32mx/lib/size\libmchp_peripheral_32MX795F512L.a(_eth_append_busy_list_lib.o)
 .debug_abbrev  0x00007cae       0x38 c:/program files (x86)/microchip/mplab c32 suite/bin/../lib/gcc/pic32mx/4.5.1/../../../../pic32mx/lib/size\libmchp_peripheral_32MX795F512L.a(eth_miim_access.o)
 .debug_abbrev  0x00007ce6       0x34 c:/program files (x86)/microchip/mplab c32 suite/bin/../lib/gcc/pic32mx/4.5.1/../../../../pic32mx/lib/size\libmchp_peripheral_32MX795F512L.a(soft_reset_lib.o)
 .debug_abbrev  0x00007d1a       0x25 c:/program files (x86)/microchip/mplab c32 suite/bin/../lib/gcc/pic32mx/4.5.1/../../../../pic32mx/lib/size\libmchp_peripheral_32MX795F512L.a(pcache.o)
 .debug_abbrev  0x00007d3f       0x25 c:/program files (x86)/microchip/mplab c32 suite/bin/../lib/gcc/pic32mx/4.5.1/../../../../pic32mx/lib/size\libmchp_peripheral_32MX795F512L.a(int_disable_interrupts_lib.o)
 .debug_abbrev  0x00007d64       0x25 c:/program files (x86)/microchip/mplab c32 suite/bin/../lib/gcc/pic32mx/4.5.1/../../../../pic32mx/lib/size\libmchp_peripheral_32MX795F512L.a(int_restore_interrupts_lib.o)
 .debug_abbrev  0x00007d89       0x25 c:/program files (x86)/microchip/mplab c32 suite/bin/../lib/gcc/pic32mx/4.5.1/../../../../pic32mx/lib/size\libmchp_peripheral_32MX795F512L.a(int_enable_mv_int_lib.o)