Archive member included because of file (symbol)

..\..\..\..\..\..\..\..\microchip\harmony\v1_02\bin\framework\peripheral\PIC32MX795F512L_peripherals.a(plib_eth_lib.o)
                              build/default/production/_ext/1986204992/drv_ethmac.o (PLIB_ETH_MACSetAddress)
c:/program files (x86)/microchip/xc32/v1.33/bin/bin/../../lib/gcc/pic32mx/4.5.2\libgcc.a(_udivdi3.o)
                              build/default/production/_ext/2097170832/sys_tmr.o (__udivdi3)
c:/program files (x86)/microchip/xc32/v1.33/bin/bin/../../lib/gcc/pic32mx/4.5.2/../../../../pic32mx/lib\libpic32.a(memcmp.o)
                              build/default/production/_ext/1986204992/drv_ethmac.o (memcmp)
c:/program files (x86)/microchip/xc32/v1.33/bin/bin/../../lib/gcc/pic32mx/4.5.2/../../../../pic32mx/lib\libpic32.a(memcpy.o)
                              build/default/production/_ext/1144052859/tcp.o (memcpy)
c:/program files (x86)/microchip/xc32/v1.33/bin/bin/../../lib/gcc/pic32mx/4.5.2/../../../../pic32mx/lib\libpic32.a(memset.o)
                              build/default/production/_ext/595770632/random.o (memset)
c:/program files (x86)/microchip/xc32/v1.33/bin/bin/../../lib/gcc/pic32mx/4.5.2/../../../../pic32mx/lib\libpic32.a(strcmp.o)
                              build/default/production/_ext/1144052859/dns.o (strcmp)
c:/program files (x86)/microchip/xc32/v1.33/bin/bin/../../lib/gcc/pic32mx/4.5.2/../../../../pic32mx/lib\libpic32.a(strcpy.o)
                              build/default/production/_ext/1144052859/tcpip_commands.o (strcpy)
c:/program files (x86)/microchip/xc32/v1.33/bin/bin/../../lib/gcc/pic32mx/4.5.2/../../../../pic32mx/lib\libpic32.a(strlen.o)
                              build/default/production/_ext/1144052859/tcp.o (strlen)
c:/program files (x86)/microchip/xc32/v1.33/bin/bin/../../lib/gcc/pic32mx/4.5.2/../../../../pic32mx/lib\libpic32.a(default-bootstrap-exception-handler.o)
                              c:/program files (x86)/microchip/xc32/v1.33/bin/bin/../../lib/gcc/pic32mx/4.5.2/../../../../pic32mx/lib/./proc/32MX795F512L/crt0_mips32r2.o (_bootstrap_exception_handler)
c:/program files (x86)/microchip/xc32/v1.33/bin/bin/../../lib/gcc/pic32mx/4.5.2/../../../../pic32mx/lib\libpic32.a(default-on-reset.o)
                              c:/program files (x86)/microchip/xc32/v1.33/bin/bin/../../lib/gcc/pic32mx/4.5.2/../../../../pic32mx/lib/./proc/32MX795F512L/crt0_mips32r2.o (_on_reset)
c:/program files (x86)/microchip/xc32/v1.33/bin/bin/../../lib/gcc/pic32mx/4.5.2/../../../../pic32mx/lib\libpic32.a(default-on-bootstrap.o)
                              c:/program files (x86)/microchip/xc32/v1.33/bin/bin/../../lib/gcc/pic32mx/4.5.2/../../../../pic32mx/lib/./proc/32MX795F512L/crt0_mips32r2.o (_on_bootstrap)
c:/program files (x86)/microchip/xc32/v1.33/bin/bin/../../lib/gcc/pic32mx/4.5.2/../../../../pic32mx/lib\libpic32.a(default-nmi-handler.o)
                              c:/program files (x86)/microchip/xc32/v1.33/bin/bin/../../lib/gcc/pic32mx/4.5.2/../../../../pic32mx/lib/./proc/32MX795F512L/crt0_mips32r2.o (_nmi_handler)
c:/program files (x86)/microchip/xc32/v1.33/bin/bin/../../lib/gcc/pic32mx/4.5.2/../../../../pic32mx/lib\libpic32.a(general-exception.o)
                              c:/program files (x86)/microchip/xc32/v1.33/bin/bin/../../lib/gcc/pic32mx/4.5.2/../../../../pic32mx/lib/./proc/32MX795F512L/crt0_mips32r2.o (_general_exception_context)
c:/program files (x86)/microchip/xc32/v1.33/bin/bin/../../lib/gcc/pic32mx/4.5.2/../../../../pic32mx/lib\libpic32.a(vector0.o)
                              c:/program files (x86)/microchip/xc32/v1.33/bin/bin/../../lib/gcc/pic32mx/4.5.2/../../../../pic32mx/lib/./proc/32MX795F512L\default_isr_vectors.o (__vector_dispatch_0)
c:/program files (x86)/microchip/xc32/v1.33/bin/bin/../../lib/gcc/pic32mx/4.5.2/../../../../pic32mx/lib\libpic32.a(vector1.o)
                              c:/program files (x86)/microchip/xc32/v1.33/bin/bin/../../lib/gcc/pic32mx/4.5.2/../../../../pic32mx/lib/./proc/32MX795F512L\default_isr_vectors.o (__vector_dispatch_1)
c:/program files (x86)/microchip/xc32/v1.33/bin/bin/../../lib/gcc/pic32mx/4.5.2/../../../../pic32mx/lib\libpic32.a(vector2.o)
                              c:/program files (x86)/microchip/xc32/v1.33/bin/bin/../../lib/gcc/pic32mx/4.5.2/../../../../pic32mx/lib/./proc/32MX795F512L\default_isr_vectors.o (__vector_dispatch_2)
c:/program files (x86)/microchip/xc32/v1.33/bin/bin/../../lib/gcc/pic32mx/4.5.2/../../../../pic32mx/lib\libpic32.a(vector3.o)
                              c:/program files (x86)/microchip/xc32/v1.33/bin/bin/../../lib/gcc/pic32mx/4.5.2/../../../../pic32mx/lib/./proc/32MX795F512L\default_isr_vectors.o (__vector_dispatch_3)
c:/program files (x86)/microchip/xc32/v1.33/bin/bin/../../lib/gcc/pic32mx/4.5.2/../../../../pic32mx/lib\libpic32.a(vector5.o)
[...]
Memory Configuration

Name             Origin             Length             Attributes
kseg0_program_mem 0x9d000000         0x00080000         xr
kseg0_boot_mem   0x9fc00490         0x00000970
exception_mem    0x9fc01000         0x00001000
kseg1_boot_mem   0xbfc00000         0x00000490
debug_exec_mem   0xbfc02000         0x00000ff0
config3          0xbfc02ff0         0x00000004
config2          0xbfc02ff4         0x00000004
config1          0xbfc02ff8         0x00000004
config0          0xbfc02ffc         0x00000004
kseg1_data_mem   0xa0000000         0x00020000         w !x
sfrs             0xbf800000         0x00100000
configsfrs       0xbfc02ff0         0x00000010
*default*        0x00000000         0xffffffff

Linker script and memory map

LOAD c:/program files (x86)/microchip/xc32/v1.33/bin/bin/../../lib/gcc/pic32mx/4.5.2/../../../../pic32mx/lib/./proc/32MX795F512L/crt0_mips32r2.o
LOAD c:/program files (x86)/microchip/xc32/v1.33/bin/bin/../../lib/gcc/pic32mx/4.5.2/../../../../pic32mx/lib\debug-exception-return.o
LOAD build/default/production/_ext/595770632/random.o
LOAD build/default/production/_ext/595770632/arc4.o
LOAD build/default/production/_ext/595770632/crypto.o
LOAD build/default/production/_ext/1986204992/drv_ethmac.o
LOAD build/default/production/_ext/1986204992/drv_ethmac_lib.o
LOAD build/default/production/_ext/810051186/drv_ethphy.o
LOAD build/default/production/_ext/810051186/drv_extphy_smsc8740.o
LOAD build/default/production/_ext/304478105/drv_tmr.o
LOAD build/default/production/_ext/335806368/sys_devcon.o
LOAD build/default/production/_ext/335806368/sys_devcon_pic32mx.o
LOAD build/default/production/_ext/1055666758/sys_int_pic32.o
LOAD build/default/production/_ext/1237536663/sys_ports.o
LOAD build/default/production/_ext/323145514/sys_random.o
LOAD build/default/production/_ext/346722522/sys_reset.o
LOAD build/default/production/_ext/2097170832/sys_tmr.o
LOAD build/default/production/_ext/1144052859/tcp.o
LOAD build/default/production/_ext/1144052859/udp.o
LOAD build/default/production/_ext/1144052859/arp.o
LOAD build/default/production/_ext/1144052859/dhcp.o
LOAD build/default/production/_ext/1144052859/dns.o
LOAD build/default/production/_ext/1144052859/icmp.o
LOAD build/default/production/_ext/1144052859/nbns.o
LOAD build/default/production/_ext/1144052859/zero_conf_helper.o
LOAD build/default/production/_ext/1144052859/zero_conf_link_local.o
LOAD build/default/production/_ext/1144052859/tcpip_announce.o
LOAD build/default/production/_ext/1144052859/tcpip_commands.o
LOAD build/default/production/_ext/1997815295/big_int.o
LOAD build/default/production/_ext/1997815295/big_int_helper_c32.o
LOAD build/default/production/_ext/1997815295/hashes.o
LOAD build/default/production/_ext/1997815295/helpers.o
LOAD build/default/production/_ext/1997815295/lfsr.o
LOAD build/default/production/_ext/1144052859/hash_fnv.o
LOAD build/default/production/_ext/1144052859/oahash.o
LOAD build/default/production/_ext/1144052859/tcpip_heap_alloc.o
LOAD build/default/production/_ext/1144052859/tcpip_helpers.o
LOAD build/default/production/_ext/1144052859/tcpip_helper_c32.o
LOAD build/default/production/_ext/1144052859/tcpip_manager.o
LOAD build/default/production/_ext/1144052859/tcpip_notify.o
LOAD build/default/production/_ext/1144052859/tcpip_packet.o
LOAD build/default/production/_ext/1829665213/system_debug.o
LOAD build/default/production/_ext/918699391/usart.o
LOAD build/default/production/_ext/1829665213/system_command.o
LOAD build/default/production/_ext/1144052859/ipv4.o
LOAD build/default/production/_ext/1360937237/app.o
LOAD build/default/production/_ext/639803181/sys_clk_static.o
LOAD build/default/production/_ext/822048611/sys_ports_static.o
LOAD build/default/production/_ext/1688732426/system_init.o
LOAD build/default/production/_ext/1688732426/system_interrupt.o
LOAD build/default/production/_ext/1360937237/main.o
LOAD build/default/production/_ext/1688732426/system_tasks.o
LOAD ..\..\..\..\..\..\..\..\microchip\harmony\v1_02\bin\framework\peripheral\PIC32MX795F512L_peripherals.a
                0x00000001                __MPLAB_BUILD = 0x1
                0x0000afa0                _min_heap_size = 0xafa0
LOAD c:/program files (x86)/microchip/xc32/v1.33/bin/bin/../../lib/gcc/pic32mx/4.5.2/../../../../pic32mx/lib/./proc/32MX795F512L\default_isr_vectors.o
LOAD c:/program files (x86)/microchip/xc32/v1.33/bin/bin/../../lib/gcc/pic32mx/4.5.2/../../../../pic32mx/lib\pic32_software_reset.o
                0x00000400                PROVIDE (_min_stack_size, 0x400)
LOAD c:/program files (x86)/microchip/xc32/v1.33/bin/bin/../../lib/gcc/pic32mx/4.5.2/../../../../pic32mx/lib/./proc/32MX795F512L\processor.o
START GROUP
LOAD c:/program files (x86)/microchip/xc32/v1.33/bin/bin/../../lib/gcc/pic32mx/4.5.2/../../../../pic32mx/lib\libmchp_peripheral.a
END GROUP
START GROUP
LOAD c:/program files (x86)/microchip/xc32/v1.33/bin/bin/../../lib/gcc/pic32mx/4.5.2/../../../../pic32mx/lib\libmchp_peripheral_32MX795F512L.a
END GROUP
                0x00000001                PROVIDE (_vector_spacing, 0x1)
                0x9fc01000                _ebase_address = 0x9fc01000
                0xbfc00000                _RESET_ADDR = 0xbfc00000
                0xbfc00380                _BEV_EXCPT_ADDR = 0xbfc00380
                0xbfc00480                _DBG_EXCPT_ADDR = 0xbfc00480
                0xbfc02000                _DBG_CODE_ADDR = 0xbfc02000
                0x00000ff0                _DBG_CODE_SIZE = 0xff0
                0x9fc01180                _GEN_EXCPT_ADDR = (_ebase_address + 0x180)

.config_BFC02FF0
                0xbfc02ff0        0x4
 *(.config_BFC02FF0)
 .config_BFC02FF0
                0xbfc02ff0        0x4 build/default/production/_ext/1688732426/system_init.o

.config_BFC02FF4
                0xbfc02ff4        0x4
 *(.config_BFC02FF4)
 .config_BFC02FF4
                0xbfc02ff4        0x4 build/default/production/_ext/1688732426/system_init.o

.config_BFC02FF8
                0xbfc02ff8        0x4
 *(.config_BFC02FF8)
 .config_BFC02FF8
                0xbfc02ff8        0x4 build/default/production/_ext/1688732426/system_init.o

.config_BFC02FFC
                0xbfc02ffc        0x4
 *(.config_BFC02FFC)
 .config_BFC02FFC
                0xbfc02ffc        0x4 build/default/production/_ext/1688732426/system_init.o
                0xbfc02000                PROVIDE (_DBG_CODE_ADDR, 0xbfc02000)
                0x00000ff0                PROVIDE (_DBG_CODE_SIZE, 0xff0)

.reset          0xbfc00000      0x1f0
 *(.reset)
 .reset         0xbfc00000        0x8 c:/program files (x86)/microchip/xc32/v1.33/bin/bin/../../lib/gcc/pic32mx/4.5.2/../../../../pic32mx/lib/./proc/32MX795F512L/crt0_mips32r2.o
                0xbfc00000                _reset
 *(.reset.startup)
 .reset.startup
                0xbfc00008      0x1e8 c:/program files (x86)/microchip/xc32/v1.33/bin/bin/../../lib/gcc/pic32mx/4.5.2/../../../../pic32mx/lib/./proc/32MX795F512L/crt0_mips32r2.o

.bev_excpt      0xbfc00380       0x10
 *(.bev_handler)
 .bev_handler   0xbfc00380       0x10 c:/program files (x86)/microchip/xc32/v1.33/bin/bin/../../lib/gcc/pic32mx/4.5.2/../../../../pic32mx/lib/./proc/32MX795F512L/crt0_mips32r2.o

.dbg_excpt      0xbfc00480        0x0
                0xbfc00480                . = (. + DEFINED (_DEBUGGER)?0x8:0x0)

.dbg_code       0xbfc02000        0x0
                0xbfc02000                . = (. + DEFINED (_DEBUGGER)?_DBG_CODE_SIZE:0x0)

.app_excpt      0x9fc01180       0x10
 *(.gen_handler)
 .gen_handler   0x9fc01180       0x10 c:/program files (x86)/microchip/xc32/v1.33/bin/bin/../../lib/gcc/pic32mx/4.5.2/../../../../pic32mx/lib/./proc/32MX795F512L/crt0_mips32r2.o

.vector_0       0x9fc01200        0x8
 *(.vector_0)
 .vector_0      0x9fc01200        0x8 c:/program files (x86)/microchip/xc32/v1.33/bin/bin/../../lib/gcc/pic32mx/4.5.2/../../../../pic32mx/lib\libpic32.a(vector0.o)
                0x9fc01200                __vector_dispatch_0
                0x00000001                ASSERT (((_vector_spacing == 0x0) || (SIZEOF (.vector_0) <= (_vector_spacing << 0x5))), function at exception vector 0 too large)

.vector_1       0x9fc01220        0x8
 *(.vector_1)
 .vector_1      0x9fc01220        0x8 c:/program files (x86)/microchip/xc32/v1.33/bin/bin/../../lib/gcc/pic32mx/4.5.2/../../../../pic32mx/lib\libpic32.a(vector1.o)
                0x9fc01220                __vector_dispatch_1
                0x00000001                ASSERT (((_vector_spacing == 0x0) || (SIZEOF (.vector_1) <= (_vector_spacing << 0x5))), function at exception vector 1 too large)

.vector_2       0x9fc01240        0x8
 *(.vector_2)
 .vector_2      0x9fc01240        0x8 c:/program files (x86)/microchip/xc32/v1.33/bin/bin/../../lib/gcc/pic32mx/4.5.2/../../../../pic32mx/lib\libpic32.a(vector2.o)
                0x9fc01240                __vector_dispatch_2
                0x00000001                ASSERT (((_vector_spacing == 0x0) || (SIZEOF (.vector_2) <= (_vector_spacing << 0x5))), function at exception vector 2 too large)

.vector_3       0x9fc01260        0x8
 *(.vector_3)
 .vector_3      0x9fc01260        0x8 c:/program files (x86)/microchip/xc32/v1.33/bin/bin/../../lib/gcc/pic32mx/4.5.2/../../../../pic32mx/lib\libpic32.a(vector3.o)
                0x9fc01260                __vector_dispatch_3
                0x00000001                ASSERT (((_vector_spacing == 0x0) || (SIZEOF (.vector_3) <= (_vector_spacing << 0x5))), function at exception vector 3 too large)

.vector_4       0x9fc01280        0x8
 *(.vector_4)
 .vector_4      0x9fc01280        0x8 build/default/production/_ext/1688732426/system_interrupt.o
                0x9fc01280                __vector_dispatch_4
                0x00000001                ASSERT (((_vector_spacing == 0x0) || (SIZEOF (.vector_4) <= (_vector_spacing << 0x5))), function at exception vector 4 too large)

.vector_5       0x9fc012a0        0x8
 *(.vector_5)
 .vector_5      0x9fc012a0        0x8 c:/program files (x86)/microchip/xc32/v1.33/bin/bin/../../lib/gcc/pic32mx/4.5.2/../../../../pic32mx/lib\libpic32.a(vector5.o)
                0x9fc012a0                __vector_dispatch_5
                0x00000001                ASSERT (((_vector_spacing == 0x0) || (SIZEOF (.vector_5) <= (_vector_spacing << 0x5))), function at exception vector 5 too large)

.vector_6       0x9fc012c0        0x8
 *(.vector_6)
 .vector_6      0x9fc012c0        0x8 c:/program files (x86)/microchip/xc32/v1.33/bin/bin/../../lib/gcc/pic32mx/4.5.2/../../../../pic32mx/lib\libpic32.a(vector6.o)
                0x9fc012c0                __vector_dispatch_6
                0x00000001                ASSERT (((_vector_spacing == 0x0) || (SIZEOF (.vector_6) <= (_vector_spacing << 0x5))), function at exception vector 6 too large)

.vector_7       0x9fc012e0        0x8
 *(.vector_7)
 .vector_7      0x9fc012e0        0x8 c:/program files (x86)/microchip/xc32/v1.33/bin/bin/../../lib/gcc/pic32mx/4.5.2/../../../../pic32mx/lib\libpic32.a(vector7.o)
                0x9fc012e0                __vector_dispatch_7
                0x00000001                ASSERT (((_vector_spacing == 0x0) || (SIZEOF (.vector_7) <= (_vector_spacing << 0x5))), function at exception vector 7 too large)

.vector_8       0x9fc01300        0x8
 *(.vector_8)
 .vector_8      0x9fc01300        0x8 c:/program files (x86)/microchip/xc32/v1.33/bin/bin/../../lib/gcc/pic32mx/4.5.2/../../../../pic32mx/lib\libpic32.a(vector8.o)
                0x9fc01300                __vector_dispatch_8
                0x00000001                ASSERT (((_vector_spacing == 0x0) || (SIZEOF (.vector_8) <= (_vector_spacing << 0x5))), function at exception vector 8 too large)

.vector_9       0x9fc01320        0x8
 *(.vector_9)
 .vector_9      0x9fc01320        0x8 c:/program files (x86)/microchip/xc32/v1.33/bin/bin/../../lib/gcc/pic32mx/4.5.2/../../../../pic32mx/lib\libpic32.a(vector9.o)
                0x9fc01320                __vector_dispatch_9
                0x00000001                ASSERT (((_vector_spacing == 0x0) || (SIZEOF (.vector_9) <= (_vector_spacing << 0x5))), function at exception vector 9 too large)

.vector_10      0x9fc01340        0x8
 *(.vector_10)
 .vector_10     0x9fc01340        0x8 c:/program files (x86)/microchip/xc32/v1.33/bin/bin/../../lib/gcc/pic32mx/4.5.2/../../../../pic32mx/lib\libpic32.a(vector10.o)
                0x9fc01340                __vector_dispatch_10
                0x00000001                ASSERT (((_vector_spacing == 0x0) || (SIZEOF (.vector_10) <= (_vector_spacing << 0x5))), function at exception vector 10 too large)

.vector_11      0x9fc01360        0x8
 *(.vector_11)
 .vector_11     0x9fc01360        0x8 c:/program files (x86)/microchip/xc32/v1.33/bin/bin/../../lib/gcc/pic32mx/4.5.2/../../../../pic32mx/lib\libpic32.a(vector11.o)
                0x9fc01360                __vector_dispatch_11
                0x00000001                ASSERT (((_vector_spacing == 0x0) || (SIZEOF (.vector_11) <= (_vector_spacing << 0x5))), function at exception vector 11 too large)

.vector_12      0x9fc01380        0x8
 *(.vector_12)
 .vector_12     0x9fc01380        0x8 c:/program files (x86)/microchip/xc32/v1.33/bin/bin/../../lib/gcc/pic32mx/4.5.2/../../../../pic32mx/lib\libpic32.a(vector12.o)
                0x9fc01380                __vector_dispatch_12
                0x00000001                ASSERT (((_vector_spacing == 0x0) || (SIZEOF (.vector_12) <= (_vector_spacing << 0x5))), function at exception vector 12 too large)

.vector_13      0x9fc013a0        0x8
 *(.vector_13)
 .vector_13     0x9fc013a0        0x8 c:/program files (x86)/microchip/xc32/v1.33/bin/bin/../../lib/gcc/pic32mx/4.5.2/../../../../pic32mx/lib\libpic32.a(vector13.o)
                0x9fc013a0                __vector_dispatch_13
                0x00000001                ASSERT (((_vector_spacing == 0x0) || (SIZEOF (.vector_13) <= (_vector_spacing << 0x5))), function at exception vector 13 too large)

.vector_14      0x9fc013c0        0x8
 *(.vector_14)
 .vector_14     0x9fc013c0        0x8 c:/program files (x86)/microchip/xc32/v1.33/bin/bin/../../lib/gcc/pic32mx/4.5.2/../../../../pic32mx/lib\libpic32.a(vector14.o)
                0x9fc013c0                __vector_dispatch_14
                0x00000001                ASSERT (((_vector_spacing == 0x0) || (SIZEOF (.vector_14) <= (_vector_spacing << 0x5))), function at exception vector 14 too large)

.vector_15      0x9fc013e0        0x8
 *(.vector_15)
 .vector_15     0x9fc013e0        0x8 c:/program files (x86)/microchip/xc32/v1.33/bin/bin/../../lib/gcc/pic32mx/4.5.2/../../../../pic32mx/lib\libpic32.a(vector15.o)
                0x9fc013e0                __vector_dispatch_15
                0x00000001                ASSERT (((_vector_spacing == 0x0) || (SIZEOF (.vector_15) <= (_vector_spacing << 0x5))), function at exception vector 15 too large)

.vector_16      0x9fc01400        0x8
 *(.vector_16)
 .vector_16     0x9fc01400        0x8 c:/program files (x86)/microchip/xc32/v1.33/bin/bin/../../lib/gcc/pic32mx/4.5.2/../../../../pic32mx/lib\libpic32.a(vector16.o)
                0x9fc01400                __vector_dispatch_16
                0x00000001                ASSERT (((_vector_spacing == 0x0) || (SIZEOF (.vector_16) <= (_vector_spacing << 0x5))), function at exception vector 16 too large)

.vector_17      0x9fc01420        0x8
 *(.vector_17)
 .vector_17     0x9fc01420        0x8 c:/program files (x86)/microchip/xc32/v1.33/bin/bin/../../lib/gcc/pic32mx/4.5.2/../../../../pic32mx/lib\libpic32.a(vector17.o)
                0x9fc01420                __vector_dispatch_17
                0x00000001                ASSERT (((_vector_spacing == 0x0) || (SIZEOF (.vector_17) <= (_vector_spacing << 0x5))), function at exception vector 17 too large)

.vector_18      0x9fc01440        0x8
 *(.vector_18)
 .vector_18     0x9fc01440        0x8 c:/program files (x86)/microchip/xc32/v1.33/bin/bin/../../lib/gcc/pic32mx/4.5.2/../../../../pic32mx/lib\libpic32.a(vector18.o)
                0x9fc01440                __vector_dispatch_18
                0x00000001                ASSERT (((_vector_spacing == 0x0) || (SIZEOF (.vector_18) <= (_vector_spacing << 0x5))), function at exception vector 18 too large)

.vector_19      0x9fc01460        0x8
 *(.vector_19)
 .vector_19     0x9fc01460        0x8 c:/program files (x86)/microchip/xc32/v1.33/bin/bin/../../lib/gcc/pic32mx/4.5.2/../../../../pic32mx/lib\libpic32.a(vector19.o)
                0x9fc01460                __vector_dispatch_19
                0x00000001                ASSERT (((_vector_spacing == 0x0) || (SIZEOF (.vector_19) <= (_vector_spacing << 0x5))), function at exception vector 19 too large)

.vector_20      0x9fc01480        0x8
 *(.vector_20)
 .vector_20     0x9fc01480        0x8 c:/program files (x86)/microchip/xc32/v1.33/bin/bin/../../lib/gcc/pic32mx/4.5.2/../../../../pic32mx/lib\libpic32.a(vector20.o)
                0x9fc01480                __vector_dispatch_20
                0x00000001                ASSERT (((_vector_spacing == 0x0) || (SIZEOF (.vector_20) <= (_vector_spacing << 0x5))), function at exception vector 20 too large)

.vector_21      0x9fc014a0        0x8
 *(.vector_21)
 .vector_21     0x9fc014a0        0x8 c:/program files (x86)/microchip/xc32/v1.33/bin/bin/../../lib/gcc/pic32mx/4.5.2/../../../../pic32mx/lib\libpic32.a(vector21.o)
                0x9fc014a0                __vector_dispatch_21
                0x00000001                ASSERT (((_vector_spacing == 0x0) || (SIZEOF (.vector_21) <= (_vector_spacing << 0x5))), function at exception vector 21 too large)

.vector_22      0x9fc014c0        0x8
 *(.vector_22)
 .vector_22     0x9fc014c0        0x8 c:/program files (x86)/microchip/xc32/v1.33/bin/bin/../../lib/gcc/pic32mx/4.5.2/../../../../pic32mx/lib\libpic32.a(vector22.o)
                0x9fc014c0                __vector_dispatch_22
                0x00000001                ASSERT (((_vector_spacing == 0x0) || (SIZEOF (.vector_22) <= (_vector_spacing << 0x5))), function at exception vector 22 too large)

.vector_23      0x9fc014e0        0x8
 *(.vector_23)
 .vector_23     0x9fc014e0        0x8 c:/program files (x86)/microchip/xc32/v1.33/bin/bin/../../lib/gcc/pic32mx/4.5.2/../../../../pic32mx/lib\libpic32.a(vector23.o)
                0x9fc014e0                __vector_dispatch_23
                0x00000001                ASSERT (((_vector_spacing == 0x0) || (SIZEOF (.vector_23) <= (_vector_spacing << 0x5))), function at exception vector 23 too large)

.vector_24      0x9fc01500        0x8
 *(.vector_24)
 .vector_24     0x9fc01500        0x8 c:/program files (x86)/microchip/xc32/v1.33/bin/bin/../../lib/gcc/pic32mx/4.5.2/../../../../pic32mx/lib\libpic32.a(vector24.o)
                0x9fc01500                __vector_dispatch_24
                0x00000001                ASSERT (((_vector_spacing == 0x0) || (SIZEOF (.vector_24) <= (_vector_spacing << 0x5))), function at exception vector 24 too large)

.vector_25      0x9fc01520        0x8
 *(.vector_25)
 .vector_25     0x9fc01520        0x8 c:/program files (x86)/microchip/xc32/v1.33/bin/bin/../../lib/gcc/pic32mx/4.5.2/../../../../pic32mx/lib\libpic32.a(vector25.o)
                0x9fc01520                __vector_dispatch_25
                0x00000001                ASSERT (((_vector_spacing == 0x0) || (SIZEOF (.vector_25) <= (_vector_spacing << 0x5))), function at exception vector 25 too large)

.vector_26      0x9fc01540        0x8
 *(.vector_26)
 .vector_26     0x9fc01540        0x8 c:/program files (x86)/microchip/xc32/v1.33/bin/bin/../../lib/gcc/pic32mx/4.5.2/../../../../pic32mx/lib\libpic32.a(vector26.o)
                0x9fc01540                __vector_dispatch_26
                0x00000001                ASSERT (((_vector_spacing == 0x0) || (SIZEOF (.vector_26) <= (_vector_spacing << 0x5))), function at exception vector 26 too large)

.vector_27      0x9fc01560        0x8
 *(.vector_27)
 .vector_27     0x9fc01560        0x8 c:/program files (x86)/microchip/xc32/v1.33/bin/bin/../../lib/gcc/pic32mx/4.5.2/../../../../pic32mx/lib\libpic32.a(vector27.o)
                0x9fc01560                __vector_dispatch_27
                0x00000001                ASSERT (((_vector_spacing == 0x0) || (SIZEOF (.vector_27) <= (_vector_spacing << 0x5))), function at exception vector 27 too large)

.vector_28      0x9fc01580        0x8
 *(.vector_28)
 .vector_28     0x9fc01580        0x8 c:/program files (x86)/microchip/xc32/v1.33/bin/bin/../../lib/gcc/pic32mx/4.5.2/../../../../pic32mx/lib\libpic32.a(vector28.o)
                0x9fc01580                __vector_dispatch_28
                0x00000001                ASSERT (((_vector_spacing == 0x0) || (SIZEOF (.vector_28) <= (_vector_spacing << 0x5))), function at exception vector 28 too large)

.vector_29      0x9fc015a0        0x8
 *(.vector_29)
 .vector_29     0x9fc015a0        0x8 c:/program files (x86)/microchip/xc32/v1.33/bin/bin/../../lib/gcc/pic32mx/4.5.2/../../../../pic32mx/lib\libpic32.a(vector29.o)
                0x9fc015a0                __vector_dispatch_29
                0x00000001                ASSERT (((_vector_spacing == 0x0) || (SIZEOF (.vector_29) <= (_vector_spacing << 0x5))), function at exception vector 29 too large)

.vector_30      0x9fc015c0        0x8
 *(.vector_30)
 .vector_30     0x9fc015c0        0x8 c:/program files (x86)/microchip/xc32/v1.33/bin/bin/../../lib/gcc/pic32mx/4.5.2/../../../../pic32mx/lib\libpic32.a(vector30.o)
                0x9fc015c0                __vector_dispatch_30
                0x00000001                ASSERT (((_vector_spacing == 0x0) || (SIZEOF (.vector_30) <= (_vector_spacing << 0x5))), function at exception vector 30 too large)

.vector_31      0x9fc015e0        0x8
 *(.vector_31)
 .vector_31     0x9fc015e0        0x8 c:/program files (x86)/microchip/xc32/v1.33/bin/bin/../../lib/gcc/pic32mx/4.5.2/../../../../pic32mx/lib\libpic32.a(vector31.o)
                0x9fc015e0                __vector_dispatch_31
                0x00000001                ASSERT (((_vector_spacing == 0x0) || (SIZEOF (.vector_31) <= (_vector_spacing << 0x5))), function at exception vector 31 too large)

.vector_32      0x9fc01600        0x8
 *(.vector_32)
 .vector_32     0x9fc01600        0x8 c:/program files (x86)/microchip/xc32/v1.33/bin/bin/../../lib/gcc/pic32mx/4.5.2/../../../../pic32mx/lib\libpic32.a(vector32.o)
                0x9fc01600                __vector_dispatch_32
                0x00000001                ASSERT (((_vector_spacing == 0x0) || (SIZEOF (.vector_32) <= (_vector_spacing << 0x5))), function at exception vector 32 too large)

.vector_33      0x9fc01620        0x8
 *(.vector_33)
 .vector_33     0x9fc01620        0x8 c:/program files (x86)/microchip/xc32/v1.33/bin/bin/../../lib/gcc/pic32mx/4.5.2/../../../../pic32mx/lib\libpic32.a(vector33.o)
                0x9fc01620                __vector_dispatch_33
                0x00000001                ASSERT (((_vector_spacing == 0x0) || (SIZEOF (.vector_33) <= (_vector_spacing << 0x5))), function at exception vector 33 too large)

.vector_34      0x9fc01640        0x8
 *(.vector_34)
 .vector_34     0x9fc01640        0x8 c:/program files (x86)/microchip/xc32/v1.33/bin/bin/../../lib/gcc/pic32mx/4.5.2/../../../../pic32mx/lib\libpic32.a(vector34.o)
                0x9fc01640                __vector_dispatch_34
                0x00000001                ASSERT (((_vector_spacing == 0x0) || (SIZEOF (.vector_34) <= (_vector_spacing << 0x5))), function at exception vector 34 too large)

.vector_35      0x9fc01660        0x8
 *(.vector_35)
 .vector_35     0x9fc01660        0x8 c:/program files (x86)/microchip/xc32/v1.33/bin/bin/../../lib/gcc/pic32mx/4.5.2/../../../../pic32mx/lib\libpic32.a(vector35.o)
                0x9fc01660                __vector_dispatch_35
                0x00000001                ASSERT (((_vector_spacing == 0x0) || (SIZEOF (.vector_35) <= (_vector_spacing << 0x5))), function at exception vector 35 too large)

.vector_36      0x9fc01680        0x8
 *(.vector_36)
 .vector_36     0x9fc01680        0x8 c:/program files (x86)/microchip/xc32/v1.33/bin/bin/../../lib/gcc/pic32mx/4.5.2/../../../../pic32mx/lib\libpic32.a(vector36.o)
                0x9fc01680                __vector_dispatch_36
                0x00000001                ASSERT (((_vector_spacing == 0x0) || (SIZEOF (.vector_36) <= (_vector_spacing << 0x5))), function at exception vector 36 too large)

.vector_37      0x9fc016a0        0x8
 *(.vector_37)
 .vector_37     0x9fc016a0        0x8 c:/program files (x86)/microchip/xc32/v1.33/bin/bin/../../lib/gcc/pic32mx/4.5.2/../../../../pic32mx/lib\libpic32.a(vector37.o)
                0x9fc016a0                __vector_dispatch_37
                0x00000001                ASSERT (((_vector_spacing == 0x0) || (SIZEOF (.vector_37) <= (_vector_spacing << 0x5))), function at exception vector 37 too large)

.vector_38      0x9fc016c0        0x8
 *(.vector_38)
 .vector_38     0x9fc016c0        0x8 c:/program files (x86)/microchip/xc32/v1.33/bin/bin/../../lib/gcc/pic32mx/4.5.2/../../../../pic32mx/lib\libpic32.a(vector38.o)
                0x9fc016c0                __vector_dispatch_38
                0x00000001                ASSERT (((_vector_spacing == 0x0) || (SIZEOF (.vector_38) <= (_vector_spacing << 0x5))), function at exception vector 38 too large)

.vector_39      0x9fc016e0        0x8
 *(.vector_39)
 .vector_39     0x9fc016e0        0x8 c:/program files (x86)/microchip/xc32/v1.33/bin/bin/../../lib/gcc/pic32mx/4.5.2/../../../../pic32mx/lib\libpic32.a(vector39.o)
                0x9fc016e0                __vector_dispatch_39
                0x00000001                ASSERT (((_vector_spacing == 0x0) || (SIZEOF (.vector_39) <= (_vector_spacing << 0x5))), function at exception vector 39 too large)

.vector_40      0x9fc01700        0x8
 *(.vector_40)
 .vector_40     0x9fc01700        0x8 c:/program files (x86)/microchip/xc32/v1.33/bin/bin/../../lib/gcc/pic32mx/4.5.2/../../../../pic32mx/lib\libpic32.a(vector40.o)
                0x9fc01700                __vector_dispatch_40
                0x00000001                ASSERT (((_vector_spacing == 0x0) || (SIZEOF (.vector_40) <= (_vector_spacing << 0x5))), function at exception vector 40 too large)

.vector_41      0x9fc01720        0x8
 *(.vector_41)
 .vector_41     0x9fc01720        0x8 c:/program files (x86)/microchip/xc32/v1.33/bin/bin/../../lib/gcc/pic32mx/4.5.2/../../../../pic32mx/lib\libpic32.a(vector41.o)
                0x9fc01720                __vector_dispatch_41
                0x00000001                ASSERT (((_vector_spacing == 0x0) || (SIZEOF (.vector_41) <= (_vector_spacing << 0x5))), function at exception vector 41 too large)

.vector_42      0x9fc01740        0x8
 *(.vector_42)
 .vector_42     0x9fc01740        0x8 c:/program files (x86)/microchip/xc32/v1.33/bin/bin/../../lib/gcc/pic32mx/4.5.2/../../../../pic32mx/lib\libpic32.a(vector42.o)
                0x9fc01740                __vector_dispatch_42
                0x00000001                ASSERT (((_vector_spacing == 0x0) || (SIZEOF (.vector_42) <= (_vector_spacing << 0x5))), function at exception vector 42 too large)

.vector_43      0x9fc01760        0x8
 *(.vector_43)
 .vector_43     0x9fc01760        0x8 c:/program files (x86)/microchip/xc32/v1.33/bin/bin/../../lib/gcc/pic32mx/4.5.2/../../../../pic32mx/lib\libpic32.a(vector43.o)
                0x9fc01760                __vector_dispatch_43
                0x00000001                ASSERT (((_vector_spacing == 0x0) || (SIZEOF (.vector_43) <= (_vector_spacing << 0x5))), function at exception vector 43 too large)

.vector_44      0x9fc01780        0x8
 *(.vector_44)
 .vector_44     0x9fc01780        0x8 c:/program files (x86)/microchip/xc32/v1.33/bin/bin/../../lib/gcc/pic32mx/4.5.2/../../../../pic32mx/lib\libpic32.a(vector44.o)
                0x9fc01780                __vector_dispatch_44
                0x00000001                ASSERT (((_vector_spacing == 0x0) || (SIZEOF (.vector_44) <= (_vector_spacing << 0x5))), function at exception vector 44 too large)

.vector_45      0x9fc017a0        0x8
 *(.vector_45)
 .vector_45     0x9fc017a0        0x8 c:/program files (x86)/microchip/xc32/v1.33/bin/bin/../../lib/gcc/pic32mx/4.5.2/../../../../pic32mx/lib\libpic32.a(vector45.o)
                0x9fc017a0                __vector_dispatch_45
                0x00000001                ASSERT (((_vector_spacing == 0x0) || (SIZEOF (.vector_45) <= (_vector_spacing << 0x5))), function at exception vector 45 too large)

.vector_46      0x9fc017c0        0x8
 *(.vector_46)
 .vector_46     0x9fc017c0        0x8 c:/program files (x86)/microchip/xc32/v1.33/bin/bin/../../lib/gcc/pic32mx/4.5.2/../../../../pic32mx/lib\libpic32.a(vector46.o)
                0x9fc017c0                __vector_dispatch_46
                0x00000001                ASSERT (((_vector_spacing == 0x0) || (SIZEOF (.vector_46) <= (_vector_spacing << 0x5))), function at exception vector 46 too large)

.vector_47      0x9fc017e0        0x8
 *(.vector_47)
 .vector_47     0x9fc017e0        0x8 c:/program files (x86)/microchip/xc32/v1.33/bin/bin/../../lib/gcc/pic32mx/4.5.2/../../../../pic32mx/lib\libpic32.a(vector47.o)
                0x9fc017e0                __vector_dispatch_47
                0x00000001                ASSERT (((_vector_spacing == 0x0) || (SIZEOF (.vector_47) <= (_vector_spacing << 0x5))), function at exception vector 47 too large)

.vector_48      0x9fc01800        0x8
 *(.vector_48)
 .vector_48     0x9fc01800        0x8 build/default/production/_ext/1688732426/system_interrupt.o
                0x9fc01800                __vector_dispatch_48
                0x00000001                ASSERT (((_vector_spacing == 0x0) || (SIZEOF (.vector_48) <= (_vector_spacing << 0x5))), function at exception vector 48 too large)

.vector_49      0x9fc01820        0x8
 *(.vector_49)
 .vector_49     0x9fc01820        0x8 c:/program files (x86)/microchip/xc32/v1.33/bin/bin/../../lib/gcc/pic32mx/4.5.2/../../../../pic32mx/lib\libpic32.a(vector49.o)
                0x9fc01820                __vector_dispatch_49
                0x00000001                ASSERT (((_vector_spacing == 0x0) || (SIZEOF (.vector_49) <= (_vector_spacing << 0x5))), function at exception vector 49 too large)

.vector_50      0x9fc01840        0x8
 *(.vector_50)
 .vector_50     0x9fc01840        0x8 c:/program files (x86)/microchip/xc32/v1.33/bin/bin/../../lib/gcc/pic32mx/4.5.2/../../../../pic32mx/lib\libpic32.a(vector50.o)
                0x9fc01840                __vector_dispatch_50
                0x00000001                ASSERT (((_vector_spacing == 0x0) || (SIZEOF (.vector_50) <= (_vector_spacing << 0x5))), function at exception vector 50 too large)

.vector_51      0x9fc01860        0x8
 *(.vector_51)
 .vector_51     0x9fc01860        0x8 c:/program files (x86)/microchip/xc32/v1.33/bin/bin/../../lib/gcc/pic32mx/4.5.2/../../../../pic32mx/lib\libpic32.a(vector51.o)
                0x9fc01860                __vector_dispatch_51
                0x00000001                ASSERT (((_vector_spacing == 0x0) || (SIZEOF (.vector_51) <= (_vector_spacing << 0x5))), function at exception vector 51 too large)

.vector_52      0x9fc01880        0x8
 *(.vector_52)
 .vector_52     0x9fc01880        0x8 c:/program files (x86)/microchip/xc32/v1.33/bin/bin/../../lib/gcc/pic32mx/4.5.2/../../../../pic32mx/lib\libpic32.a(vector52.o)
                0x9fc01880                __vector_dispatch_52
                0x00000001                ASSERT (((_vector_spacing == 0x0) || (SIZEOF (.vector_52) <= (_vector_spacing << 0x5))), function at exception vector 52 too large)

.vector_53      0x9fc018a0        0x8
 *(.vector_53)
 .vector_53     0x9fc018a0        0x8 c:/program files (x86)/microchip/xc32/v1.33/bin/bin/../../lib/gcc/pic32mx/4.5.2/../../../../pic32mx/lib\libpic32.a(vector53.o)
                0x9fc018a0                __vector_dispatch_53
                0x00000001                ASSERT (((_vector_spacing == 0x0) || (SIZEOF (.vector_53) <= (_vector_spacing << 0x5))), function at exception vector 53 too large)

.vector_54      0x9fc018c0        0x8
 *(.vector_54)
 .vector_54     0x9fc018c0        0x8 c:/program files (x86)/microchip/xc32/v1.33/bin/bin/../../lib/gcc/pic32mx/4.5.2/../../../../pic32mx/lib\libpic32.a(vector54.o)
                0x9fc018c0                __vector_dispatch_54
                0x00000001                ASSERT (((_vector_spacing == 0x0) || (SIZEOF (.vector_54) <= (_vector_spacing << 0x5))), function at exception vector 54 too large)

.vector_55      0x9fc018e0        0x8
 *(.vector_55)
 .vector_55     0x9fc018e0        0x8 c:/program files (x86)/microchip/xc32/v1.33/bin/bin/../../lib/gcc/pic32mx/4.5.2/../../../../pic32mx/lib\libpic32.a(vector55.o)
                0x9fc018e0                __vector_dispatch_55
                0x00000001                ASSERT (((_vector_spacing == 0x0) || (SIZEOF (.vector_55) <= (_vector_spacing << 0x5))), function at exception vector 55 too large)

.vector_56      0x9fc01900        0x8
 *(.vector_56)
 .vector_56     0x9fc01900        0x8 c:/program files (x86)/microchip/xc32/v1.33/bin/bin/../../lib/gcc/pic32mx/4.5.2/../../../../pic32mx/lib\libpic32.a(vector56.o)
                0x9fc01900                __vector_dispatch_56
                0x00000001                ASSERT (((_vector_spacing == 0x0) || (SIZEOF (.vector_56) <= (_vector_spacing << 0x5))), function at exception vector 56 too large)

.vector_57      0x9fc01920        0x8
 *(.vector_57)
 .vector_57     0x9fc01920        0x8 c:/program files (x86)/microchip/xc32/v1.33/bin/bin/../../lib/gcc/pic32mx/4.5.2/../../../../pic32mx/lib\libpic32.a(vector57.o)
                0x9fc01920                __vector_dispatch_57
                0x00000001                ASSERT (((_vector_spacing == 0x0) || (SIZEOF (.vector_57) <= (_vector_spacing << 0x5))), function at exception vector 57 too large)

.vector_58      0x9fc01940        0x8
 *(.vector_58)
 .vector_58     0x9fc01940        0x8 c:/program files (x86)/microchip/xc32/v1.33/bin/bin/../../lib/gcc/pic32mx/4.5.2/../../../../pic32mx/lib\libpic32.a(vector58.o)
                0x9fc01940                __vector_dispatch_58
                0x00000001                ASSERT (((_vector_spacing == 0x0) || (SIZEOF (.vector_58) <= (_vector_spacing << 0x5))), function at exception vector 58 too large)

.vector_59      0x9fc01960        0x8
 *(.vector_59)
 .vector_59     0x9fc01960        0x8 c:/program files (x86)/microchip/xc32/v1.33/bin/bin/../../lib/gcc/pic32mx/4.5.2/../../../../pic32mx/lib\libpic32.a(vector59.o)
                0x9fc01960                __vector_dispatch_59
                0x00000001                ASSERT (((_vector_spacing == 0x0) || (SIZEOF (.vector_59) <= (_vector_spacing << 0x5))), function at exception vector 59 too large)

.vector_60      0x9fc01980        0x8
 *(.vector_60)
 .vector_60     0x9fc01980        0x8 c:/program files (x86)/microchip/xc32/v1.33/bin/bin/../../lib/gcc/pic32mx/4.5.2/../../../../pic32mx/lib\libpic32.a(vector60.o)
                0x9fc01980                __vector_dispatch_60
                0x00000001                ASSERT (((_vector_spacing == 0x0) || (SIZEOF (.vector_60) <= (_vector_spacing << 0x5))), function at exception vector 60 too large)

.vector_61      0x9fc019a0        0x8
 *(.vector_61)
 .vector_61     0x9fc019a0        0x8 c:/program files (x86)/microchip/xc32/v1.33/bin/bin/../../lib/gcc/pic32mx/4.5.2/../../../../pic32mx/lib\libpic32.a(vector61.o)
                0x9fc019a0                __vector_dispatch_61
                0x00000001                ASSERT (((_vector_spacing == 0x0) || (SIZEOF (.vector_61) <= (_vector_spacing << 0x5))), function at exception vector 61 too large)

.vector_62      0x9fc019c0        0x8
 *(.vector_62)
 .vector_62     0x9fc019c0        0x8 c:/program files (x86)/microchip/xc32/v1.33/bin/bin/../../lib/gcc/pic32mx/4.5.2/../../../../pic32mx/lib\libpic32.a(vector62.o)
                0x9fc019c0                __vector_dispatch_62
                0x00000001                ASSERT (((_vector_spacing == 0x0) || (SIZEOF (.vector_62) <= (_vector_spacing << 0x5))), function at exception vector 62 too large)

.vector_63      0x9fc019e0        0x8
 *(.vector_63)
 .vector_63     0x9fc019e0        0x8 c:/program files (x86)/microchip/xc32/v1.33/bin/bin/../../lib/gcc/pic32mx/4.5.2/../../../../pic32mx/lib\libpic32.a(vector63.o)
                0x9fc019e0                __vector_dispatch_63
                0x00000001                ASSERT (((_vector_spacing == 0x0) || (SIZEOF (.vector_63) <= (_vector_spacing << 0x5))), function at exception vector 63 too large)

.startup
 *(.startup)

.text           0x9d000000        0x0
 *(.stub .gnu.linkonce.t.*)
 *(.text.*personality*)
 *(.mips16.fn.*)
 *(.mips16.call.*)
 *(.gnu.warning)
                0x9d000000                . = ALIGN (0x4)

.init           0x9d000000        0x0
 *crti.o(.init)
 *crtbegin.o(.init)
 *(EXCLUDE_FILE(*crtn.o *crtend?.o *crtend.o) .init)
 *crtend.o(.init)
 *crtn.o(.init)
                0x9d000000                . = ALIGN (0x4)

.fini           0x9d000000        0x0
 *(.fini)
                0x9d000000                . = ALIGN (0x4)

.preinit_array  0x9d000000        0x0
                0x9d000000                PROVIDE (__preinit_array_start, .)
 *(.preinit_array)
                0x9d000000                PROVIDE (__preinit_array_end, .)
                0x9d000000                . = ALIGN (0x4)

.init_array     0x9d000000        0x0
                0x9d000000                PROVIDE (__init_array_start, .)
 *(SORT(.init_array.*))
 *(.init_array)
                0x9d000000                PROVIDE (__init_array_end, .)
                0x9d000000                . = ALIGN (0x4)

.fini_array     0x9d000000        0x0
                0x9d000000                PROVIDE (__fini_array_start, .)
 *(SORT(.fini_array.*))
 *(.fini_array)
                0x9d000000                PROVIDE (__fini_array_end, .)
                0x9d000000                . = ALIGN (0x4)

.ctors          0x9d000000        0x0
 *crtbegin.o(.ctors)
 *crtbegin?.o(.ctors)
 *(EXCLUDE_FILE(*crtend?.o *crtend.o) .ctors)
 *(SORT(.ctors.*))
 *(.ctors)
                0x9d000000                . = ALIGN (0x4)

.dtors          0x9d000000        0x0
 *crtbegin.o(.dtors)
 *crtbegin?.o(.dtors)
 *(EXCLUDE_FILE(*crtend?.o *crtend.o) .dtors)
 *(SORT(.dtors.*))
 *(.dtors)
                0x9d000000                . = ALIGN (0x4)

.rodata         0x9d000000        0x0
 *(.gnu.linkonce.r.*)
 *(.rodata1)
                0x9d000000                . = ALIGN (0x4)

.sdata2         0x9fc00490        0x0
 *(.sdata2 .sdata2.* .gnu.linkonce.s2.*)
                0x9fc00490                . = ALIGN (0x4)

.sbss2          0x9fc00490        0x0
 *(.sbss2 .sbss2.* .gnu.linkonce.sb2.*)
                0x9fc00490                . = ALIGN (0x4)

.eh_frame_hdr
 *(.eh_frame_hdr)
                0x9fc00490                . = ALIGN (0x4)

.eh_frame
 *(.eh_frame)
                0x9fc00490                . = ALIGN (0x4)

.gcc_except_table
 *(.gcc_except_table .gcc_except_table.*)
                0x9fc00490                . = ALIGN (0x4)

.dbg_data       0xa0000000        0x0
                0xa0000000                . = (. + DEFINED (_DEBUGGER)?0x200:0x0)

.jcr            0xa0000000        0x0
 *(.jcr)
                0xa0000000                . = ALIGN (0x4)

.eh_frame       0xa0000000       0x30
 *(.eh_frame)
 .eh_frame      0xa0000000       0x20 c:/program files (x86)/microchip/xc32/v1.33/bin/bin/../../lib/gcc/pic32mx/4.5.2\libgcc.a(_udivdi3.o)
 .eh_frame      0xa0000020       0x10 c:/program files (x86)/microchip/xc32/v1.33/bin/bin/../../lib/gcc/pic32mx/4.5.2\libgcc.a(_umoddi3.o)
                0xa0000030                . = ALIGN (0x4)

.gcc_except_table
 *(.gcc_except_table .gcc_except_table.*)
                0xa0000030                . = ALIGN (0x4)

.persist        0xa0000030        0x0
                0xa0000030                _persist_begin = .
 *(.persist .persist.*)
 *(.pbss .pbss.*)
                0xa0000030                . = ALIGN (0x4)
                0xa0000030                _persist_end = .

.data           0xa0000030        0x0
 *(.gnu.linkonce.d.*)
 *(.data1)
                0xa0000030                . = ALIGN (0x4)
                0xa0000030                . = .
                0xa0008020                _gp = (ALIGN (0x10) + 0x7ff0)

.got            0xa0000030        0x0
 *(.got.plt)
 *(.got)
                0xa0000030                . = ALIGN (0x4)

.sdata          0xa0000030       0x2c
                0xa0000030                _sdata_begin = .
 *(.sdata .sdata.* .gnu.linkonce.s.*)
 .sdata         0xa0000030        0x8 build/default/production/_ext/1144052859/arp.o
 .sdata         0xa0000038        0x1 build/default/production/_ext/1144052859/zero_conf_helper.o
                0xa0000038                zeroconf_dbg_level
 *fill*         0xa0000039        0x3 
 .sdata         0xa000003c        0x8 build/default/production/_ext/1144052859/zero_conf_link_local.o
 .sdata         0xa0000044        0x4 build/default/production/_ext/1144052859/tcpip_commands.o
 .sdata         0xa0000048        0x4 build/default/production/_ext/1997815295/lfsr.o
 .sdata         0xa000004c        0x8 build/default/production/_ext/1144052859/tcpip_manager.o
 .sdata         0xa0000054        0x4 c:/program files (x86)/microchip/xc32/v1.33/bin/bin/../../lib/gcc/pic32mx/4.5.2/../../../../pic32mx/lib\libc.a(_iob.o)
                0xa0000054                _Files
 .sdata         0xa0000058        0x4 c:/program files (x86)/microchip/xc32/v1.33/bin/bin/../../lib/gcc/pic32mx/4.5.2/../../../../pic32mx/lib\libpic32.a(xc32_uart.o)
                0xa0000058                __XC_UART
                0xa000005c                . = ALIGN (0x4)
                0xa000005c                _sdata_end = .

.lit8
 *(.lit8)

.lit4
 *(.lit4)
                0xa000005c                . = ALIGN (0x4)
                0xa000005c                _data_end = .
                0xa000005c                _bss_begin = .

.sbss           0xa000005c      0x1a8
                0xa000005c                _sbss_begin = .
 *(.dynsbss)
 *(.sbss .sbss.* .gnu.linkonce.sb.*)
 .sbss          0xa000005c        0x4 build/default/production/_ext/1986204992/drv_ethmac.o
 .sbss          0xa0000060        0x4 build/default/production/_ext/304478105/drv_tmr.o
 .sbss          0xa0000064       0x24 build/default/production/_ext/1144052859/tcp.o
 .sbss          0xa0000088       0x1c build/default/production/_ext/1144052859/udp.o
 .sbss          0xa00000a4       0x20 build/default/production/_ext/1144052859/dhcp.o
 .sbss          0xa00000c4        0xc build/default/production/_ext/1144052859/dns.o
 .sbss          0xa00000d0        0x8 build/default/production/_ext/1144052859/icmp.o
 .sbss          0xa00000d8        0xc build/default/production/_ext/1144052859/nbns.o
 .sbss          0xa00000e4        0xc build/default/production/_ext/1144052859/zero_conf_link_local.o
 .sbss          0xa00000f0       0x20 build/default/production/_ext/1144052859/tcpip_announce.o
 .sbss          0xa0000110       0x58 build/default/production/_ext/1144052859/tcpip_commands.o
 .sbss          0xa0000168       0x24 build/default/production/_ext/1144052859/tcpip_manager.o
 .sbss          0xa000018c       0x1c build/default/production/_ext/1144052859/tcpip_packet.o
 .sbss          0xa00001a8        0x8 build/default/production/_ext/1829665213/system_debug.o
 .sbss          0xa00001b0       0x10 build/default/production/_ext/1829665213/system_command.o
 .sbss          0xa00001c0       0x10 build/default/production/_ext/1144052859/ipv4.o
 .sbss          0xa00001d0       0x10 c:/program files (x86)/microchip/xc32/v1.33/bin/bin/../../lib/gcc/pic32mx/4.5.2/../../../../pic32mx/lib\libc.a(malloc.o)
                0xa00001d0                __allocp
                0xa00001d4                __alloct
                0xa00001d8                __allocx
 .sbss          0xa00001e0        0x4 c:/program files (x86)/microchip/xc32/v1.33/bin/bin/../../lib/gcc/pic32mx/4.5.2/../../../../pic32mx/lib\libc.a(errno.o)
                0xa00001e0                errno
 .sbss          0xa00001e4        0x1 c:/program files (x86)/microchip/xc32/v1.33/bin/bin/../../lib/gcc/pic32mx/4.5.2/../../../../pic32mx/lib\libc.a(_iob.o)
                0xa00001e4                _outdone
 *fill*         0xa00001e5        0x3 
 .sbss          0xa00001e8        0x8 c:/program files (x86)/microchip/xc32/v1.33/bin/bin/../../lib/gcc/pic32mx/4.5.2/../../../../pic32mx/lib\libpic32.a(sbrk.o)
                0xa00001e8                _minbrk
                0xa00001ec                _maxbrk
 *(.scommon)
 .scommon       0xa00001f0        0x4 build/default/production/_ext/1986204992/drv_ethmac.o
                0xa00001f0                modeSeljunk
 .scommon       0xa00001f4        0x0 build/default/production/_ext/1986204992/drv_ethmac_lib.o
 .scommon       0xa00001f4        0x0 build/default/production/_ext/810051186/drv_ethphy.o
 .scommon       0xa00001f4        0x0 build/default/production/_ext/810051186/drv_extphy_smsc8740.o
 .scommon       0xa00001f4        0x0 build/default/production/_ext/304478105/drv_tmr.o
 .scommon       0xa00001f4        0x8 build/default/production/_ext/335806368/sys_devcon.o
                0xa00001f4                sysDevconObj
 .scommon       0xa00001fc        0x0 build/default/production/_ext/1144052859/tcp.o
 .scommon       0xa00001fc        0x0 build/default/production/_ext/1144052859/udp.o
 .scommon       0xa00001fc        0x0 build/default/production/_ext/1144052859/arp.o
 .scommon       0xa00001fc        0x0 build/default/production/_ext/1144052859/dhcp.o
 .scommon       0xa00001fc        0x0 build/default/production/_ext/1144052859/dns.o
 .scommon       0xa00001fc        0x0 build/default/production/_ext/1144052859/icmp.o
 .scommon       0xa00001fc        0x0 build/default/production/_ext/1144052859/nbns.o
 .scommon       0xa00001fc        0x0 build/default/production/_ext/1144052859/zero_conf_helper.o
 .scommon       0xa00001fc        0x0 build/default/production/_ext/1144052859/zero_conf_link_local.o
 .scommon       0xa00001fc        0x0 build/default/production/_ext/1144052859/tcpip_announce.o
 .scommon       0xa00001fc        0x4 build/default/production/_ext/1144052859/tcpip_commands.o
                0xa00001fc                icmpStartTick
 .scommon       0xa0000200        0x0 build/default/production/_ext/1144052859/tcpip_heap_alloc.o
 .scommon       0xa0000200        0x0 build/default/production/_ext/1144052859/tcpip_helpers.o
 .scommon       0xa0000200        0x0 build/default/production/_ext/1144052859/tcpip_manager.o
 .scommon       0xa0000200        0x0 build/default/production/_ext/1144052859/tcpip_notify.o
 .scommon       0xa0000200        0x0 build/default/production/_ext/1144052859/tcpip_packet.o
 .scommon       0xa0000200        0x0 build/default/production/_ext/1829665213/system_debug.o
 .scommon       0xa0000200        0x0 build/default/production/_ext/918699391/usart.o
 .scommon       0xa0000200        0x0 build/default/production/_ext/1829665213/system_command.o
 .scommon       0xa0000200        0x0 build/default/production/_ext/1144052859/ipv4.o
 .scommon       0xa0000200        0x4 build/default/production/_ext/1360937237/app.o
                0xa0000200                appData
 .scommon       0xa0000204        0x0 build/default/production/_ext/639803181/sys_clk_static.o
 .scommon       0xa0000204        0x0 build/default/production/_ext/1688732426/system_init.o
 .scommon       0xa0000204        0x0 build/default/production/_ext/1688732426/system_interrupt.o
 .scommon       0xa0000204        0x0 build/default/production/_ext/1688732426/system_tasks.o
 .scommon       0xa0000204        0x0 ..\..\..\..\..\..\..\..\microchip\harmony\v1_02\bin\framework\peripheral\PIC32MX795F512L_peripherals.a(plib_eth_lib.o)
                0xa0000204                _sbss_end = .
                0xa0000204                . = ALIGN (0x4)

.bss            0xa0000204      0x17c
 *(.dynbss)
 *(COMMON)
 COMMON         0xa0000204       0x64 build/default/production/_ext/810051186/drv_ethphy.o
                0xa0000204                gDrvETHPHYClientObj
                0xa0000238                gDrvETHPHYObj
 COMMON         0xa0000268      0x108 build/default/production/_ext/323145514/sys_random.o
                0xa0000268                sysRandCtx
 COMMON         0xa0000370       0x10 build/default/production/_ext/1688732426/system_init.o
                0xa0000370                sysObj
                0xa0000380                . = ALIGN ((. != 0x0)?0x4:0x1)
                0xa0000380                . = ALIGN (0x4)
                0xa0000380                _end = .
                0xa0000380                _bss_end = .
                0x00020000                _bmxdudba_address = 0x20000
                0x00020000                _bmxdupba_address = 0x20000

/DISCARD/
 *(.pdr)
 *(.rel.dyn)
 *(.note.GNU-stack)
 *(.note.GNU-stack)
 *(.gnu_debuglink)
 *(.gnu.lto_*)
 *(.discard)

.gptab.sdata
 *(.gptab.data)
 *(.gptab.sdata)

.gptab.sbss
 *(.gptab.bss)
 *(.gptab.sbss)

.mdebug.abi32   0xa0000380        0x0
 *(.mdebug.abi32)
 .mdebug.abi32  0xa0000380        0x0 build/default/production/_ext/595770632/random.o
 .mdebug.abi32  0xa0000380        0x0 build/default/production/_ext/595770632/arc4.o
 .mdebug.abi32  0xa0000380        0x0 build/default/production/_ext/595770632/crypto.o
 .mdebug.abi32  0xa0000380        0x0 build/default/production/_ext/1986204992/drv_ethmac.o
 .mdebug.abi32  0xa0000380        0x0 build/default/production/_ext/1986204992/drv_ethmac_lib.o
 .mdebug.abi32  0xa0000380        0x0 build/default/production/_ext/810051186/drv_ethphy.o
 .mdebug.abi32  0xa0000380        0x0 build/default/production/_ext/810051186/drv_extphy_smsc8740.o
 .mdebug.abi32  0xa0000380        0x0 build/default/production/_ext/304478105/drv_tmr.o
 .mdebug.abi32  0xa0000380        0x0 build/default/production/_ext/335806368/sys_devcon.o
 .mdebug.abi32  0xa0000380        0x0 build/default/production/_ext/335806368/sys_devcon_pic32mx.o
 .mdebug.abi32  0xa0000380        0x0 build/default/production/_ext/1055666758/sys_int_pic32.o
 .mdebug.abi32  0xa0000380        0x0 build/default/production/_ext/1237536663/sys_ports.o
 .mdebug.abi32  0xa0000380        0x0 build/default/production/_ext/323145514/sys_random.o
 .mdebug.abi32  0xa0000380        0x0 build/default/production/_ext/346722522/sys_reset.o
 .mdebug.abi32  0xa0000380        0x0 build/default/production/_ext/2097170832/sys_tmr.o
 .mdebug.abi32  0xa0000380        0x0 build/default/production/_ext/1144052859/tcp.o
 .mdebug.abi32  0xa0000380        0x0 build/default/production/_ext/1144052859/udp.o
 .mdebug.abi32  0xa0000380        0x0 build/default/production/_ext/1144052859/arp.o
 .mdebug.abi32  0xa0000380        0x0 build/default/production/_ext/1144052859/dhcp.o
 .mdebug.abi32  0xa0000380        0x0 build/default/production/_ext/1144052859/dns.o
 .mdebug.abi32  0xa0000380        0x0 build/default/production/_ext/1144052859/icmp.o
 .mdebug.abi32  0xa0000380        0x0 build/default/production/_ext/1144052859/nbns.o
 .mdebug.abi32  0xa0000380        0x0 build/default/production/_ext/1144052859/zero_conf_helper.o
 .mdebug.abi32  0xa0000380        0x0 build/default/production/_ext/1144052859/zero_conf_link_local.o
 .mdebug.abi32  0xa0000380        0x0 build/default/production/_ext/1144052859/tcpip_announce.o
 .mdebug.abi32  0xa0000380        0x0 build/default/production/_ext/1144052859/tcpip_commands.o
 .mdebug.abi32  0xa0000380        0x0 build/default/production/_ext/1997815295/big_int.o
 .mdebug.abi32  0xa0000380        0x0 build/default/production/_ext/1997815295/hashes.o
 .mdebug.abi32  0xa0000380        0x0 build/default/production/_ext/1997815295/helpers.o
 .mdebug.abi32  0xa0000380        0x0 build/default/production/_ext/1997815295/lfsr.o
 .mdebug.abi32  0xa0000380        0x0 build/default/production/_ext/1144052859/hash_fnv.o
 .mdebug.abi32  0xa0000380        0x0 build/default/production/_ext/1144052859/oahash.o
 .mdebug.abi32  0xa0000380        0x0 build/default/production/_ext/1144052859/tcpip_heap_alloc.o
 .mdebug.abi32  0xa0000380        0x0 build/default/production/_ext/1144052859/tcpip_helpers.o
 .mdebug.abi32  0xa0000380        0x0 build/default/production/_ext/1144052859/tcpip_manager.o
 .mdebug.abi32  0xa0000380        0x0 build/default/production/_ext/1144052859/tcpip_notify.o
 .mdebug.abi32  0xa0000380        0x0 build/default/production/_ext/1144052859/tcpip_packet.o
 .mdebug.abi32  0xa0000380        0x0 build/default/production/_ext/1829665213/system_debug.o
 .mdebug.abi32  0xa0000380        0x0 build/default/production/_ext/918699391/usart.o
 .mdebug.abi32  0xa0000380        0x0 build/default/production/_ext/1829665213/system_command.o
 .mdebug.abi32  0xa0000380        0x0 build/default/production/_ext/1144052859/ipv4.o
 .mdebug.abi32  0xa0000380        0x0 build/default/production/_ext/1360937237/app.o
 .mdebug.abi32  0xa0000380        0x0 build/default/production/_ext/639803181/sys_clk_static.o
 .mdebug.abi32  0xa0000380        0x0 build/default/production/_ext/822048611/sys_ports_static.o
 .mdebug.abi32  0xa0000380        0x0 build/default/production/_ext/1688732426/system_init.o
 .mdebug.abi32  0xa0000380        0x0 build/default/production/_ext/1688732426/system_interrupt.o
 .mdebug.abi32  0xa0000380        0x0 build/default/production/_ext/1360937237/main.o
 .mdebug.abi32  0xa0000380        0x0 build/default/production/_ext/1688732426/system_tasks.o
 .mdebug.abi32  0xa0000380        0x0 ..\..\..\..\..\..\..\..\microchip\harmony\v1_02\bin\framework\peripheral\PIC32MX795F512L_peripherals.a(plib_eth_lib.o)
 .mdebug.abi32  0xa0000380        0x0 c:/program files (x86)/microchip/xc32/v1.33/bin/bin/../../lib/gcc/pic32mx/4.5.2\libgcc.a(_udivdi3.o)
 .mdebug.abi32  0xa0000380        0x0 c:/program files (x86)/microchip/xc32/v1.33/bin/bin/../../lib/gcc/pic32mx/4.5.2/../../../../pic32mx/lib\libpic32.a(default-bootstrap-exception-handler.o)
 .mdebug.abi32  0xa0000380        0x0 c:/program files (x86)/microchip/xc32/v1.33/bin/bin/../../lib/gcc/pic32mx/4.5.2/../../../../pic32mx/lib\libpic32.a(default-on-reset.o)
 .mdebug.abi32  0xa0000380        0x0 c:/program files (x86)/microchip/xc32/v1.33/bin/bin/../../lib/gcc/pic32mx/4.5.2/../../../../pic32mx/lib\libpic32.a(default-on-bootstrap.o)
 .mdebug.abi32  0xa0000380        0x0 c:/program files (x86)/microchip/xc32/v1.33/bin/bin/../../lib/gcc/pic32mx/4.5.2/../../../../pic32mx/lib\libpic32.a(defaultinterrupt.o)
 .mdebug.abi32  0xa0000380        0x0 c:/program files (x86)/microchip/xc32/v1.33/bin/bin/../../lib/gcc/pic32mx/4.5.2/../../../../pic32mx/lib\libc.a(atoi.o)
 .mdebug.abi32  0xa0000380        0x0 c:/program files (x86)/microchip/xc32/v1.33/bin/bin/../../lib/gcc/pic32mx/4.5.2/../../../../pic32mx/lib\libc.a(calloc.o)
 .mdebug.abi32  0xa0000380        0x0 c:/program files (x86)/microchip/xc32/v1.33/bin/bin/../../lib/gcc/pic32mx/4.5.2/../../../../pic32mx/lib\libc.a(ctype.o)
 .mdebug.abi32  0xa0000380        0x0 c:/program files (x86)/microchip/xc32/v1.33/bin/bin/../../lib/gcc/pic32mx/4.5.2/../../../../pic32mx/lib\libc.a(malloc.o)
 .mdebug.abi32  0xa0000380        0x0 c:/program files (x86)/microchip/xc32/v1.33/bin/bin/../../lib/gcc/pic32mx/4.5.2/../../../../pic32mx/lib\libc.a(rand.o)
 .mdebug.abi32  0xa0000380        0x0 c:/program files (x86)/microchip/xc32/v1.33/bin/bin/../../lib/gcc/pic32mx/4.5.2/../../../../pic32mx/lib\libc.a(strncpy.o)
 .mdebug.abi32  0xa0000380        0x0 c:/program files (x86)/microchip/xc32/v1.33/bin/bin/../../lib/gcc/pic32mx/4.5.2/../../../../pic32mx/lib\libc.a(strtol.o)
 .mdebug.abi32  0xa0000380        0x0 c:/program files (x86)/microchip/xc32/v1.33/bin/bin/../../lib/gcc/pic32mx/4.5.2/../../../../pic32mx/lib\libc.a(snprintf_cdnopsuxX.eo)
 .mdebug.abi32  0xa0000380        0x0 c:/program files (x86)/microchip/xc32/v1.33/bin/bin/../../lib/gcc/pic32mx/4.5.2/../../../../pic32mx/lib\libc.a(sprintf_cdnopsuxX.eo)
 .mdebug.abi32  0xa0000380        0x0 c:/program files (x86)/microchip/xc32/v1.33/bin/bin/../../lib/gcc/pic32mx/4.5.2/../../../../pic32mx/lib\libc.a(vsnprintf_cdnopsuxX.eo)
 .mdebug.abi32  0xa0000380        0x0 c:/program files (x86)/microchip/xc32/v1.33/bin/bin/../../lib/gcc/pic32mx/4.5.2/../../../../pic32mx/lib\libc.a(vsnprintf.o)
 .mdebug.abi32  0xa0000380        0x0 c:/program files (x86)/microchip/xc32/v1.33/bin/bin/../../lib/gcc/pic32mx/4.5.2/../../../../pic32mx/lib\libc.a(ctypef.o)
 .mdebug.abi32  0xa0000380        0x0 c:/program files (x86)/microchip/xc32/v1.33/bin/bin/../../lib/gcc/pic32mx/4.5.2/../../../../pic32mx/lib\libc.a(errno.o)
 .mdebug.abi32  0xa0000380        0x0 c:/program files (x86)/microchip/xc32/v1.33/bin/bin/../../lib/gcc/pic32mx/4.5.2/../../../../pic32mx/lib\libc.a(doprnt_cdnopsuxX.eo)
 .mdebug.abi32  0xa0000380        0x0 c:/program files (x86)/microchip/xc32/v1.33/bin/bin/../../lib/gcc/pic32mx/4.5.2/../../../../pic32mx/lib\libc.a(doprnt.o)
 .mdebug.abi32  0xa0000380        0x0 c:/program files (x86)/microchip/xc32/v1.33/bin/bin/../../lib/gcc/pic32mx/4.5.2/../../../../pic32mx/lib\libc.a(_fputc_simple.o)
 .mdebug.abi32  0xa0000380        0x0 c:/program files (x86)/microchip/xc32/v1.33/bin/bin/../../lib/gcc/pic32mx/4.5.2/../../../../pic32mx/lib\libc.a(powersf.o)
 .mdebug.abi32  0xa0000380        0x0 c:/program files (x86)/microchip/xc32/v1.33/bin/bin/../../lib/gcc/pic32mx/4.5.2/../../../../pic32mx/lib\libc.a(_iob.o)
 .mdebug.abi32  0xa0000380        0x0 c:/program files (x86)/microchip/xc32/v1.33/bin/bin/../../lib/gcc/pic32mx/4.5.2/../../../../pic32mx/lib\libc.a(_flsbuf_simple.o)
 .mdebug.abi32  0xa0000380        0x0 c:/program files (x86)/microchip/xc32/v1.33/bin/bin/../../lib/gcc/pic32mx/4.5.2/../../../../pic32mx/lib\libpic32.a(sbrk.o)
 .mdebug.abi32  0xa0000380        0x0 c:/program files (x86)/microchip/xc32/v1.33/bin/bin/../../lib/gcc/pic32mx/4.5.2/../../../../pic32mx/lib\libpic32.a(write.o)
 .mdebug.abi32  0xa0000380        0x0 c:/program files (x86)/microchip/xc32/v1.33/bin/bin/../../lib/gcc/pic32mx/4.5.2/../../../../pic32mx/lib\libpic32.a(_mon_putc.o)
 .mdebug.abi32  0xa0000380        0x0 c:/program files (x86)/microchip/xc32/v1.33/bin/bin/../../lib/gcc/pic32mx/4.5.2/../../../../pic32mx/lib\libpic32.a(xc32_uart.o)
 .mdebug.abi32  0xa0000380        0x0 c:/program files (x86)/microchip/xc32/v1.33/bin/bin/../../lib/gcc/pic32mx/4.5.2/../../../../pic32mx/lib\libe.a(_floatdisf.o)
 .mdebug.abi32  0xa0000380        0x0 c:/program files (x86)/microchip/xc32/v1.33/bin/bin/../../lib/gcc/pic32mx/4.5.2\libgcc.a(_floatundisf.o)
 .mdebug.abi32  0xa0000380        0x0 c:/program files (x86)/microchip/xc32/v1.33/bin/bin/../../lib/gcc/pic32mx/4.5.2\libgcc.a(_umoddi3.o)
 .mdebug.abi32  0xa0000380        0x0 c:/program files (x86)/microchip/xc32/v1.33/bin/bin/../../lib/gcc/pic32mx/4.5.2\libgcc.a(floatunsisf.o)

.mdebug.abiN32
 *(.mdebug.abiN32)

.mdebug.abi64
 *(.mdebug.abi64)

.mdebug.abiO64
 *(.mdebug.abiO64)

.mdebug.eabi32
 *(.mdebug.eabi32)

.mdebug.eabi64
 *(.mdebug.eabi64)

.gcc_compiled_long32
 *(.gcc_compiled_long32)

.gcc_compiled_long64
 *(.gcc_compiled_long64)

.stab
 *(.stab)

.stabstr
 *(.stabstr)

.stab.excl
 *(.stab.excl)

.stab.exclstr
 *(.stab.exclstr)

.stab.index
 *(.stab.index)

.stab.indexstr
 *(.stab.indexstr)

.comment        0x00000000      0x2b5
 *(.comment)
 .comment       0x00000000       0x3c build/default/production/_ext/595770632/random.o
                                 0x3d (size before relaxing)
 .comment       0x00000000       0x3d build/default/production/_ext/595770632/arc4.o
 .comment       0x00000000       0x3d build/default/production/_ext/595770632/crypto.o
 .comment       0x00000000       0x3d build/default/production/_ext/1986204992/drv_ethmac.o
 .comment       0x00000000       0x3d build/default/production/_ext/1986204992/drv_ethmac_lib.o
 .comment       0x00000000       0x3d build/default/production/_ext/810051186/drv_ethphy.o
 .comment       0x00000000       0x3d build/default/production/_ext/810051186/drv_extphy_smsc8740.o
 .comment       0x00000000       0x3d build/default/production/_ext/304478105/drv_tmr.o
 .comment       0x00000000       0x3d build/default/production/_ext/335806368/sys_devcon.o
 .comment       0x00000000       0x3d build/default/production/_ext/335806368/sys_devcon_pic32mx.o
 .comment       0x00000000       0x3d build/default/production/_ext/1055666758/sys_int_pic32.o
 .comment       0x00000000       0x3d build/default/production/_ext/1237536663/sys_ports.o
 .comment       0x00000000       0x3d build/default/production/_ext/323145514/sys_random.o
 .comment       0x00000000       0x3d build/default/production/_ext/346722522/sys_reset.o
 .comment       0x00000000       0x3d build/default/production/_ext/2097170832/sys_tmr.o
 .comment       0x00000000       0x3d build/default/production/_ext/1144052859/tcp.o
 .comment       0x00000000       0x3d build/default/production/_ext/1144052859/udp.o
 .comment       0x00000000       0x3d build/default/production/_ext/1144052859/arp.o
 .comment       0x00000000       0x3d build/default/production/_ext/1144052859/dhcp.o
 .comment       0x00000000       0x3d build/default/production/_ext/1144052859/dns.o
 .comment       0x00000000       0x3d build/default/production/_ext/1144052859/icmp.o
 .comment       0x00000000       0x3d build/default/production/_ext/1144052859/nbns.o
 .comment       0x00000000       0x3d build/default/production/_ext/1144052859/zero_conf_helper.o
 .comment       0x00000000       0x3d build/default/production/_ext/1144052859/zero_conf_link_local.o
 .comment       0x00000000       0x3d build/default/production/_ext/1144052859/tcpip_announce.o
 .comment       0x00000000       0x3d build/default/production/_ext/1144052859/tcpip_commands.o
 .comment       0x00000000       0x3d build/default/production/_ext/1997815295/big_int.o
 .comment       0x00000000       0x3d build/default/production/_ext/1997815295/hashes.o
 .comment       0x00000000       0x3d build/default/production/_ext/1997815295/helpers.o
 .comment       0x00000000       0x3d build/default/production/_ext/1997815295/lfsr.o
 .comment       0x00000000       0x3d build/default/production/_ext/1144052859/hash_fnv.o
 .comment       0x00000000       0x3d build/default/production/_ext/1144052859/oahash.o
 .comment       0x00000000       0x3d build/default/production/_ext/1144052859/tcpip_heap_alloc.o
 .comment       0x00000000       0x3d build/default/production/_ext/1144052859/tcpip_helpers.o
 .comment       0x00000000       0x3d build/default/production/_ext/1144052859/tcpip_manager.o
 .comment       0x00000000       0x3d build/default/production/_ext/1144052859/tcpip_notify.o
 .comment       0x00000000       0x3d build/default/production/_ext/1144052859/tcpip_packet.o
 .comment       0x00000000       0x3d build/default/production/_ext/1829665213/system_debug.o
 .comment       0x00000000       0x3d build/default/production/_ext/918699391/usart.o
 .comment       0x00000000       0x3d build/default/production/_ext/1829665213/system_command.o
 .comment       0x00000000       0x3d build/default/production/_ext/1144052859/ipv4.o
 .comment       0x00000000       0x3d build/default/production/_ext/1360937237/app.o
 .comment       0x00000000       0x3d build/default/production/_ext/639803181/sys_clk_static.o
 .comment       0x00000000       0x3d build/default/production/_ext/822048611/sys_ports_static.o
 .comment       0x00000000       0x3d build/default/production/_ext/1688732426/system_init.o
 .comment       0x00000000       0x3d build/default/production/_ext/1688732426/system_interrupt.o
 .comment       0x00000000       0x3d build/default/production/_ext/1360937237/main.o
 .comment       0x00000000       0x3d build/default/production/_ext/1688732426/system_tasks.o
 .comment       0x0000003c       0x3c ..\..\..\..\..\..\..\..\microchip\harmony\v1_02\bin\framework\peripheral\PIC32MX795F512L_peripherals.a(plib_eth_lib.o)
                                 0x3d (size before relaxing)
 .comment       0x00000000       0x3d c:/program files (x86)/microchip/xc32/v1.33/bin/bin/../../lib/gcc/pic32mx/4.5.2\libgcc.a(_udivdi3.o)
 .comment       0x00000078       0x18 c:/program files (x86)/microchip/xc32/v1.33/bin/bin/../../lib/gcc/pic32mx/4.5.2/../../../../pic32mx/lib\libpic32.a(memcmp.o)
                                 0x19 (size before relaxing)
 .comment       0x00000090       0x18 c:/program files (x86)/microchip/xc32/v1.33/bin/bin/../../lib/gcc/pic32mx/4.5.2/../../../../pic32mx/lib\libpic32.a(memset.o)
                                 0x19 (size before relaxing)
 .comment       0x000000a8       0x55 c:/program files (x86)/microchip/xc32/v1.33/bin/bin/../../lib/gcc/pic32mx/4.5.2/../../../../pic32mx/lib\libpic32.a(strcmp.o)
                                 0x56 (size before relaxing)
 .comment       0x000000fd       0x19 c:/program files (x86)/microchip/xc32/v1.33/bin/bin/../../lib/gcc/pic32mx/4.5.2/../../../../pic32mx/lib\libpic32.a(strcpy.o)
                                 0x1a (size before relaxing)
 .comment       0x00000116       0x19 c:/program files (x86)/microchip/xc32/v1.33/bin/bin/../../lib/gcc/pic32mx/4.5.2/../../../../pic32mx/lib\libpic32.a(strlen.o)
                                 0x1a (size before relaxing)
 .comment       0x00000000       0x3d c:/program files (x86)/microchip/xc32/v1.33/bin/bin/../../lib/gcc/pic32mx/4.5.2/../../../../pic32mx/lib\libpic32.a(default-bootstrap-exception-handler.o)
 .comment       0x00000000       0x3d c:/program files (x86)/microchip/xc32/v1.33/bin/bin/../../lib/gcc/pic32mx/4.5.2/../../../../pic32mx/lib\libpic32.a(default-on-reset.o)
 .comment       0x00000000       0x3d c:/program files (x86)/microchip/xc32/v1.33/bin/bin/../../lib/gcc/pic32mx/4.5.2/../../../../pic32mx/lib\libpic32.a(default-on-bootstrap.o)
 .comment       0x00000000       0x3d c:/program files (x86)/microchip/xc32/v1.33/bin/bin/../../lib/gcc/pic32mx/4.5.2/../../../../pic32mx/lib\libpic32.a(defaultinterrupt.o)
 .comment       0x00000000       0x3d c:/program files (x86)/microchip/xc32/v1.33/bin/bin/../../lib/gcc/pic32mx/4.5.2/../../../../pic32mx/lib\libc.a(atoi.o)
 .comment       0x00000000       0x3d c:/program files (x86)/microchip/xc32/v1.33/bin/bin/../../lib/gcc/pic32mx/4.5.2/../../../../pic32mx/lib\libc.a(calloc.o)
 .comment       0x0000012f       0x4e c:/program files (x86)/microchip/xc32/v1.33/bin/bin/../../lib/gcc/pic32mx/4.5.2/../../../../pic32mx/lib\libc.a(ctype.o)
                                 0x8b (size before relaxing)
 .comment       0x00000000       0x3d c:/program files (x86)/microchip/xc32/v1.33/bin/bin/../../lib/gcc/pic32mx/4.5.2/../../../../pic32mx/lib\libc.a(malloc.o)
 .comment       0x00000000       0x3d c:/program files (x86)/microchip/xc32/v1.33/bin/bin/../../lib/gcc/pic32mx/4.5.2/../../../../pic32mx/lib\libc.a(rand.o)
 .comment       0x00000000       0x3d c:/program files (x86)/microchip/xc32/v1.33/bin/bin/../../lib/gcc/pic32mx/4.5.2/../../../../pic32mx/lib\libc.a(strncpy.o)
 .comment       0x00000000       0x3d c:/program files (x86)/microchip/xc32/v1.33/bin/bin/../../lib/gcc/pic32mx/4.5.2/../../../../pic32mx/lib\libc.a(strtol.o)
 .comment       0x00000000       0x3d c:/program files (x86)/microchip/xc32/v1.33/bin/bin/../../lib/gcc/pic32mx/4.5.2/../../../../pic32mx/lib\libc.a(snprintf_cdnopsuxX.eo)
 .comment       0x00000000       0x3d c:/program files (x86)/microchip/xc32/v1.33/bin/bin/../../lib/gcc/pic32mx/4.5.2/../../../../pic32mx/lib\libc.a(sprintf_cdnopsuxX.eo)
 .comment       0x00000000       0x3d c:/program files (x86)/microchip/xc32/v1.33/bin/bin/../../lib/gcc/pic32mx/4.5.2/../../../../pic32mx/lib\libc.a(vsnprintf_cdnopsuxX.eo)
 .comment       0x00000000       0x3d c:/program files (x86)/microchip/xc32/v1.33/bin/bin/../../lib/gcc/pic32mx/4.5.2/../../../../pic32mx/lib\libc.a(vsnprintf.o)
 .comment       0x0000017d       0x4f c:/program files (x86)/microchip/xc32/v1.33/bin/bin/../../lib/gcc/pic32mx/4.5.2/../../../../pic32mx/lib\libc.a(ctypef.o)
                                 0x8c (size before relaxing)
 .comment       0x00000000       0x3d c:/program files (x86)/microchip/xc32/v1.33/bin/bin/../../lib/gcc/pic32mx/4.5.2/../../../../pic32mx/lib\libc.a(errno.o)
 .comment       0x00000000       0x3d c:/program files (x86)/microchip/xc32/v1.33/bin/bin/../../lib/gcc/pic32mx/4.5.2/../../../../pic32mx/lib\libc.a(doprnt_cdnopsuxX.eo)
 .comment       0x00000000       0x3d c:/program files (x86)/microchip/xc32/v1.33/bin/bin/../../lib/gcc/pic32mx/4.5.2/../../../../pic32mx/lib\libc.a(doprnt.o)
 .comment       0x00000000       0x3d c:/program files (x86)/microchip/xc32/v1.33/bin/bin/../../lib/gcc/pic32mx/4.5.2/../../../../pic32mx/lib\libc.a(_fputc_simple.o)
 .comment       0x00000000       0x3d c:/program files (x86)/microchip/xc32/v1.33/bin/bin/../../lib/gcc/pic32mx/4.5.2/../../../../pic32mx/lib\libc.a(powersf.o)
 .comment       0x00000000       0x3d c:/program files (x86)/microchip/xc32/v1.33/bin/bin/../../lib/gcc/pic32mx/4.5.2/../../../../pic32mx/lib\libc.a(_iob.o)
 .comment       0x00000000       0x3d c:/program files (x86)/microchip/xc32/v1.33/bin/bin/../../lib/gcc/pic32mx/4.5.2/../../../../pic32mx/lib\libc.a(_flsbuf_simple.o)
 .comment       0x000001cc       0x4b c:/program files (x86)/microchip/xc32/v1.33/bin/bin/../../lib/gcc/pic32mx/4.5.2/../../../../pic32mx/lib\libpic32.a(sbrk.o)
                                 0x88 (size before relaxing)
 .comment       0x00000000       0x3d c:/program files (x86)/microchip/xc32/v1.33/bin/bin/../../lib/gcc/pic32mx/4.5.2/../../../../pic32mx/lib\libpic32.a(write.o)
 .comment       0x00000000       0x3d c:/program files (x86)/microchip/xc32/v1.33/bin/bin/../../lib/gcc/pic32mx/4.5.2/../../../../pic32mx/lib\libpic32.a(_mon_putc.o)
 .comment       0x00000000       0x3d c:/program files (x86)/microchip/xc32/v1.33/bin/bin/../../lib/gcc/pic32mx/4.5.2/../../../../pic32mx/lib\libpic32.a(xc32_uart.o)
 .comment       0x00000217       0x9e c:/program files (x86)/microchip/xc32/v1.33/bin/bin/../../lib/gcc/pic32mx/4.5.2/../../../../pic32mx/lib\libe.a(_floatdisf.o)
                                 0xdb (size before relaxing)
 .comment       0x00000000       0x3d c:/program files (x86)/microchip/xc32/v1.33/bin/bin/../../lib/gcc/pic32mx/4.5.2\libgcc.a(_floatundisf.o)
 .comment       0x00000000       0x3d c:/program files (x86)/microchip/xc32/v1.33/bin/bin/../../lib/gcc/pic32mx/4.5.2\libgcc.a(_umoddi3.o)
 .comment       0x00000000       0x3d c:/program files (x86)/microchip/xc32/v1.33/bin/bin/../../lib/gcc/pic32mx/4.5.2\libgcc.a(floatunsisf.o)

.debug
 *(.debug)

.line
 *(.line)

.debug_srcinfo
 *(.debug_srcinfo)

.debug_sfnames
 *(.debug_sfnames)

.debug_aranges  0x00000000     0x23d0
 *(.debug_aranges)
 .debug_aranges
                0x00000000       0x38 build/default/production/_ext/595770632/random.o
 .debug_aranges
                0x00000038       0x28 build/default/production/_ext/595770632/arc4.o
 .debug_aranges
                0x00000060       0x58 build/default/production/_ext/595770632/crypto.o
 .debug_aranges
                0x000000b8      0x1a0 build/default/production/_ext/1986204992/drv_ethmac.o
 .debug_aranges
                0x00000258       0xf0 build/default/production/_ext/1986204992/drv_ethmac_lib.o
 .debug_aranges
                0x00000348      0x2c8 build/default/production/_ext/810051186/drv_ethphy.o
 .debug_aranges
                0x00000610       0x30 build/default/production/_ext/810051186/drv_extphy_smsc8740.o
 .debug_aranges
                0x00000640      0x198 build/default/production/_ext/304478105/drv_tmr.o
 .debug_aranges
                0x000007d8       0x78 build/default/production/_ext/335806368/sys_devcon.o
 .debug_aranges
                0x00000850       0x20 build/default/production/_ext/335806368/sys_devcon_pic32mx.o
 .debug_aranges
                0x00000870       0x38 build/default/production/_ext/1055666758/sys_int_pic32.o
 .debug_aranges
                0x000008a8       0xf8 build/default/production/_ext/1237536663/sys_ports.o
 .debug_aranges
                0x000009a0       0x68 build/default/production/_ext/323145514/sys_random.o
 .debug_aranges
                0x00000a08       0x20 build/default/production/_ext/346722522/sys_reset.o
 .debug_aranges
                0x00000a28       0xc8 build/default/production/_ext/2097170832/sys_tmr.o
 .debug_aranges
                0x00000af0      0x230 build/default/production/_ext/1144052859/tcp.o
 .debug_aranges
                0x00000d20      0x1b8 build/default/production/_ext/1144052859/udp.o
 .debug_aranges
                0x00000ed8      0x130 build/default/production/_ext/1144052859/arp.o
 .debug_aranges
                0x00001008       0xe0 build/default/production/_ext/1144052859/dhcp.o
 .debug_aranges
                0x000010e8      0x148 build/default/production/_ext/1144052859/dns.o
 .debug_aranges
                0x00001230       0x58 build/default/production/_ext/1144052859/icmp.o
 .debug_aranges
                0x00001288       0x38 build/default/production/_ext/1144052859/nbns.o
 .debug_aranges
                0x000012c0       0x20 build/default/production/_ext/1144052859/zero_conf_helper.o
 .debug_aranges
                0x000012e0       0x78 build/default/production/_ext/1144052859/zero_conf_link_local.o
 .debug_aranges
                0x00001358       0x50 build/default/production/_ext/1144052859/tcpip_announce.o
 .debug_aranges
                0x000013a8       0xd8 build/default/production/_ext/1144052859/tcpip_commands.o
 .debug_aranges
                0x00001480       0x80 build/default/production/_ext/1997815295/big_int.o
 .debug_aranges
                0x00001500       0x60 build/default/production/_ext/1997815295/hashes.o
 .debug_aranges
                0x00001560       0x58 build/default/production/_ext/1997815295/helpers.o
 .debug_aranges
                0x000015b8       0x28 build/default/production/_ext/1997815295/lfsr.o
 .debug_aranges
                0x000015e0       0x28 build/default/production/_ext/1144052859/hash_fnv.o
 .debug_aranges
                0x00001608       0x58 build/default/production/_ext/1144052859/oahash.o
 .debug_aranges
                0x00001660       0x60 build/default/production/_ext/1144052859/tcpip_heap_alloc.o
 .debug_aranges
                0x000016c0      0x1c8 build/default/production/_ext/1144052859/tcpip_helpers.o
 .debug_aranges
                0x00001888       0x20 build/default/production/_ext/1144052859/tcpip_helper_c32.o
 .debug_aranges
                0x000018a8      0x2f8 build/default/production/_ext/1144052859/tcpip_manager.o
 .debug_aranges
                0x00001ba0       0x40 build/default/production/_ext/1144052859/tcpip_notify.o
 .debug_aranges
                0x00001be0       0xa8 build/default/production/_ext/1144052859/tcpip_packet.o
 .debug_aranges
                0x00001c88       0xa0 build/default/production/_ext/1829665213/system_debug.o
 .debug_aranges
                0x00001d28       0x50 build/default/production/_ext/918699391/usart.o
 .debug_aranges
                0x00001d78       0xa8 build/default/production/_ext/1829665213/system_command.o
 .debug_aranges
                0x00001e20       0x68 build/default/production/_ext/1144052859/ipv4.o
 .debug_aranges
                0x00001e88       0x28 build/default/production/_ext/1360937237/app.o
 .debug_aranges
                0x00001eb0       0x38 build/default/production/_ext/639803181/sys_clk_static.o
 .debug_aranges
                0x00001ee8       0x20 build/default/production/_ext/822048611/sys_ports_static.o
 .debug_aranges
                0x00001f08       0x28 build/default/production/_ext/1688732426/system_init.o
 .debug_aranges
                0x00001f30       0x30 build/default/production/_ext/1688732426/system_interrupt.o
 .debug_aranges
                0x00001f60       0x20 build/default/production/_ext/1360937237/main.o
 .debug_aranges
                0x00001f80       0x20 build/default/production/_ext/1688732426/system_tasks.o
 .debug_aranges
                0x00001fa0       0x20 c:/program files (x86)/microchip/xc32/v1.33/bin/bin/../../lib/gcc/pic32mx/4.5.2\libgcc.a(_udivdi3.o)
 .debug_aranges
                0x00001fc0       0x20 c:/program files (x86)/microchip/xc32/v1.33/bin/bin/../../lib/gcc/pic32mx/4.5.2/../../../../pic32mx/lib\libpic32.a(default-bootstrap-exception-handler.o)
 .debug_aranges
                0x00001fe0       0x20 c:/program files (x86)/microchip/xc32/v1.33/bin/bin/../../lib/gcc/pic32mx/4.5.2/../../../../pic32mx/lib\libpic32.a(default-on-reset.o)
 .debug_aranges
                0x00002000       0x20 c:/program files (x86)/microchip/xc32/v1.33/bin/bin/../../lib/gcc/pic32mx/4.5.2/../../../../pic32mx/lib\libpic32.a(default-on-bootstrap.o)
 .debug_aranges
                0x00002020       0x20 c:/program files (x86)/microchip/xc32/v1.33/bin/bin/../../lib/gcc/pic32mx/4.5.2/../../../../pic32mx/lib\libpic32.a(defaultinterrupt.o)
 .debug_aranges
                0x00002040       0x20 c:/program files (x86)/microchip/xc32/v1.33/bin/bin/../../lib/gcc/pic32mx/4.5.2/../../../../pic32mx/lib\libc.a(atoi.o)
 .debug_aranges
                0x00002060       0x20 c:/program files (x86)/microchip/xc32/v1.33/bin/bin/../../lib/gcc/pic32mx/4.5.2/../../../../pic32mx/lib\libc.a(calloc.o)
 .debug_aranges
                0x00002080       0x30 c:/program files (x86)/microchip/xc32/v1.33/bin/bin/../../lib/gcc/pic32mx/4.5.2/../../../../pic32mx/lib\libc.a(malloc.o)
 .debug_aranges
                0x000020b0       0x28 c:/program files (x86)/microchip/xc32/v1.33/bin/bin/../../lib/gcc/pic32mx/4.5.2/../../../../pic32mx/lib\libc.a(rand.o)
 .debug_aranges
                0x000020d8       0x20 c:/program files (x86)/microchip/xc32/v1.33/bin/bin/../../lib/gcc/pic32mx/4.5.2/../../../../pic32mx/lib\libc.a(strncpy.o)
 .debug_aranges
                0x000020f8       0x28 c:/program files (x86)/microchip/xc32/v1.33/bin/bin/../../lib/gcc/pic32mx/4.5.2/../../../../pic32mx/lib\libc.a(strtol.o)
 .debug_aranges
                0x00002120       0x20 c:/program files (x86)/microchip/xc32/v1.33/bin/bin/../../lib/gcc/pic32mx/4.5.2/../../../../pic32mx/lib\libc.a(snprintf_cdnopsuxX.eo)
 .debug_aranges
                0x00002140       0x20 c:/program files (x86)/microchip/xc32/v1.33/bin/bin/../../lib/gcc/pic32mx/4.5.2/../../../../pic32mx/lib\libc.a(sprintf_cdnopsuxX.eo)
 .debug_aranges
                0x00002160       0x20 c:/program files (x86)/microchip/xc32/v1.33/bin/bin/../../lib/gcc/pic32mx/4.5.2/../../../../pic32mx/lib\libc.a(vsnprintf_cdnopsuxX.eo)
 .debug_aranges
                0x00002180       0x20 c:/program files (x86)/microchip/xc32/v1.33/bin/bin/../../lib/gcc/pic32mx/4.5.2/../../../../pic32mx/lib\libc.a(vsnprintf.o)
 .debug_aranges
                0x000021a0       0xa0 c:/program files (x86)/microchip/xc32/v1.33/bin/bin/../../lib/gcc/pic32mx/4.5.2/../../../../pic32mx/lib\libc.a(ctypef.o)
 .debug_aranges
                0x00002240       0x20 c:/program files (x86)/microchip/xc32/v1.33/bin/bin/../../lib/gcc/pic32mx/4.5.2/../../../../pic32mx/lib\libc.a(doprnt_cdnopsuxX.eo)
 .debug_aranges
                0x00002260       0x30 c:/program files (x86)/microchip/xc32/v1.33/bin/bin/../../lib/gcc/pic32mx/4.5.2/../../../../pic32mx/lib\libc.a(doprnt.o)
 .debug_aranges
                0x00002290       0x20 c:/program files (x86)/microchip/xc32/v1.33/bin/bin/../../lib/gcc/pic32mx/4.5.2/../../../../pic32mx/lib\libc.a(_fputc_simple.o)
 .debug_aranges
                0x000022b0       0x20 c:/program files (x86)/microchip/xc32/v1.33/bin/bin/../../lib/gcc/pic32mx/4.5.2/../../../../pic32mx/lib\libc.a(_flsbuf_simple.o)
 .debug_aranges
                0x000022d0       0x40 c:/program files (x86)/microchip/xc32/v1.33/bin/bin/../../lib/gcc/pic32mx/4.5.2/../../../../pic32mx/lib\libpic32.a(sbrk.o)
 .debug_aranges
                0x00002310       0x20 c:/program files (x86)/microchip/xc32/v1.33/bin/bin/../../lib/gcc/pic32mx/4.5.2/../../../../pic32mx/lib\libpic32.a(write.o)
 .debug_aranges
                0x00002330       0x20 c:/program files (x86)/microchip/xc32/v1.33/bin/bin/../../lib/gcc/pic32mx/4.5.2/../../../../pic32mx/lib\libpic32.a(_mon_putc.o)
 .debug_aranges
                0x00002350       0x20 c:/program files (x86)/microchip/xc32/v1.33/bin/bin/../../lib/gcc/pic32mx/4.5.2/../../../../pic32mx/lib\libe.a(_floatdisf.o)
 .debug_aranges
                0x00002370       0x20 c:/program files (x86)/microchip/xc32/v1.33/bin/bin/../../lib/gcc/pic32mx/4.5.2\libgcc.a(_floatundisf.o)
 .debug_aranges
                0x00002390       0x20 c:/program files (x86)/microchip/xc32/v1.33/bin/bin/../../lib/gcc/pic32mx/4.5.2\libgcc.a(_umoddi3.o)
 .debug_aranges
                0x000023b0       0x20 c:/program files (x86)/microchip/xc32/v1.33/bin/bin/../../lib/gcc/pic32mx/4.5.2\libgcc.a(floatunsisf.o)

.debug_pubnames
                0x00000000     0x5116
 *(.debug_pubnames)
 .debug_pubnames
                0x00000000       0x5a build/default/production/_ext/595770632/random.o
 .debug_pubnames
                0x0000005a       0x31 build/default/production/_ext/595770632/arc4.o
 .debug_pubnames
                0x0000008b       0xd4 build/default/production/_ext/595770632/crypto.o
 .debug_pubnames
                0x0000015f      0x34b build/default/production/_ext/1986204992/drv_ethmac.o
 .debug_pubnames
                0x000004aa      0x2cc build/default/production/_ext/1986204992/drv_ethmac_lib.o
 .debug_pubnames
                0x00000776      0x41f build/default/production/_ext/810051186/drv_ethphy.o
 .debug_pubnames
                0x00000b95       0x76 build/default/production/_ext/810051186/drv_extphy_smsc8740.o
 .debug_pubnames
                0x00000c0b      0x464 build/default/production/_ext/304478105/drv_tmr.o
 .debug_pubnames
                0x0000106f      0x160 build/default/production/_ext/335806368/sys_devcon.o
 .debug_pubnames
                0x000011cf       0x33 build/default/production/_ext/335806368/sys_devcon_pic32mx.o
 .debug_pubnames
                0x00001202       0x7f build/default/production/_ext/1055666758/sys_int_pic32.o
 .debug_pubnames
                0x00001281      0x376 build/default/production/_ext/1237536663/sys_ports.o
 .debug_pubnames
                0x000015f7      0x13f build/default/production/_ext/323145514/sys_random.o
 .debug_pubnames
                0x00001736       0x2e build/default/production/_ext/346722522/sys_reset.o
 .debug_pubnames
                0x00001764      0x1e5 build/default/production/_ext/2097170832/sys_tmr.o
 .debug_pubnames
                0x00001949      0x3e5 build/default/production/_ext/1144052859/tcp.o
 .debug_pubnames
                0x00001d2e      0x3a1 build/default/production/_ext/1144052859/udp.o
 .debug_pubnames
                0x000020cf      0x28c build/default/production/_ext/1144052859/arp.o
 .debug_pubnames
                0x0000235b      0x1af build/default/production/_ext/1144052859/dhcp.o
 .debug_pubnames
                0x0000250a      0x284 build/default/production/_ext/1144052859/dns.o
 .debug_pubnames
                0x0000278e       0xd0 build/default/production/_ext/1144052859/icmp.o
 .debug_pubnames
                0x0000285e       0x6c build/default/production/_ext/1144052859/nbns.o
 .debug_pubnames
                0x000028ca       0x4b build/default/production/_ext/1144052859/zero_conf_helper.o
 .debug_pubnames
                0x00002915       0xcb build/default/production/_ext/1144052859/zero_conf_link_local.o
 .debug_pubnames
                0x000029e0       0xa7 build/default/production/_ext/1144052859/tcpip_announce.o
 .debug_pubnames
                0x00002a87       0xa6 build/default/production/_ext/1144052859/tcpip_commands.o
 .debug_pubnames
                0x00002b2d       0xeb build/default/production/_ext/1997815295/big_int.o
 .debug_pubnames
                0x00002c18       0x97 build/default/production/_ext/1997815295/hashes.o
 .debug_pubnames
                0x00002caf       0x81 build/default/production/_ext/1997815295/helpers.o
 .debug_pubnames
                0x00002d30       0x30 build/default/production/_ext/1997815295/lfsr.o
 .debug_pubnames
                0x00002d60       0x33 build/default/production/_ext/1144052859/hash_fnv.o
 .debug_pubnames
                0x00002d93       0xc9 build/default/production/_ext/1144052859/oahash.o
 .debug_pubnames
                0x00002e5c       0xed build/default/production/_ext/1144052859/tcpip_heap_alloc.o
 .debug_pubnames
                0x00002f49      0x885 build/default/production/_ext/1144052859/tcpip_helpers.o
 .debug_pubnames
                0x000037ce      0xa80 build/default/production/_ext/1144052859/tcpip_manager.o
 .debug_pubnames
                0x0000424e       0xc2 build/default/production/_ext/1144052859/tcpip_notify.o
 .debug_pubnames
                0x00004310      0x209 build/default/production/_ext/1144052859/tcpip_packet.o
 .debug_pubnames
                0x00004519      0x178 build/default/production/_ext/1829665213/system_debug.o
 .debug_pubnames
                0x00004691       0xa4 build/default/production/_ext/918699391/usart.o
 .debug_pubnames
                0x00004735       0xae build/default/production/_ext/1829665213/system_command.o
 .debug_pubnames
                0x000047e3      0x100 build/default/production/_ext/1144052859/ipv4.o
 .debug_pubnames
                0x000048e3       0x4f build/default/production/_ext/1360937237/app.o
 .debug_pubnames
                0x00004932       0xa2 build/default/production/_ext/639803181/sys_clk_static.o
 .debug_pubnames
                0x000049d4       0x2b build/default/production/_ext/822048611/sys_ports_static.o
 .debug_pubnames
                0x000049ff      0x1a1 build/default/production/_ext/1688732426/system_init.o
 .debug_pubnames
                0x00004ba0       0x72 build/default/production/_ext/1688732426/system_interrupt.o
 .debug_pubnames
                0x00004c12       0x1b build/default/production/_ext/1360937237/main.o
 .debug_pubnames
                0x00004c2d       0x30 build/default/production/_ext/1688732426/system_tasks.o
 .debug_pubnames
                0x00004c5d       0x20 c:/program files (x86)/microchip/xc32/v1.33/bin/bin/../../lib/gcc/pic32mx/4.5.2\libgcc.a(_udivdi3.o)
 .debug_pubnames
                0x00004c7d       0x33 c:/program files (x86)/microchip/xc32/v1.33/bin/bin/../../lib/gcc/pic32mx/4.5.2/../../../../pic32mx/lib\libpic32.a(default-bootstrap-exception-handler.o)
 .debug_pubnames
                0x00004cb0       0x20 c:/program files (x86)/microchip/xc32/v1.33/bin/bin/../../lib/gcc/pic32mx/4.5.2/../../../../pic32mx/lib\libpic32.a(default-on-reset.o)
 .debug_pubnames
                0x00004cd0       0x24 c:/program files (x86)/microchip/xc32/v1.33/bin/bin/../../lib/gcc/pic32mx/4.5.2/../../../../pic32mx/lib\libpic32.a(default-on-bootstrap.o)
 .debug_pubnames
                0x00004cf4       0x28 c:/program files (x86)/microchip/xc32/v1.33/bin/bin/../../lib/gcc/pic32mx/4.5.2/../../../../pic32mx/lib\libpic32.a(defaultinterrupt.o)
 .debug_pubnames
                0x00004d1c       0x1b c:/program files (x86)/microchip/xc32/v1.33/bin/bin/../../lib/gcc/pic32mx/4.5.2/../../../../pic32mx/lib\libc.a(atoi.o)
 .debug_pubnames
                0x00004d37       0x1d c:/program files (x86)/microchip/xc32/v1.33/bin/bin/../../lib/gcc/pic32mx/4.5.2/../../../../pic32mx/lib\libc.a(calloc.o)
 .debug_pubnames
                0x00004d54       0x32 c:/program files (x86)/microchip/xc32/v1.33/bin/bin/../../lib/gcc/pic32mx/4.5.2/../../../../pic32mx/lib\libc.a(malloc.o)
 .debug_pubnames
                0x00004d86       0x25 c:/program files (x86)/microchip/xc32/v1.33/bin/bin/../../lib/gcc/pic32mx/4.5.2/../../../../pic32mx/lib\libc.a(rand.o)
 .debug_pubnames
                0x00004dab       0x1e c:/program files (x86)/microchip/xc32/v1.33/bin/bin/../../lib/gcc/pic32mx/4.5.2/../../../../pic32mx/lib\libc.a(strncpy.o)
 .debug_pubnames
                0x00004dc9       0x29 c:/program files (x86)/microchip/xc32/v1.33/bin/bin/../../lib/gcc/pic32mx/4.5.2/../../../../pic32mx/lib\libc.a(strtol.o)
 .debug_pubnames
                0x00004df2       0x2a c:/program files (x86)/microchip/xc32/v1.33/bin/bin/../../lib/gcc/pic32mx/4.5.2/../../../../pic32mx/lib\libc.a(snprintf_cdnopsuxX.eo)
 .debug_pubnames
                0x00004e1c       0x29 c:/program files (x86)/microchip/xc32/v1.33/bin/bin/../../lib/gcc/pic32mx/4.5.2/../../../../pic32mx/lib\libc.a(sprintf_cdnopsuxX.eo)
 .debug_pubnames
                0x00004e45       0x2b c:/program files (x86)/microchip/xc32/v1.33/bin/bin/../../lib/gcc/pic32mx/4.5.2/../../../../pic32mx/lib\libc.a(vsnprintf_cdnopsuxX.eo)
 .debug_pubnames
                0x00004e70       0x20 c:/program files (x86)/microchip/xc32/v1.33/bin/bin/../../lib/gcc/pic32mx/4.5.2/../../../../pic32mx/lib\libc.a(vsnprintf.o)
 .debug_pubnames
                0x00004e90       0xe1 c:/program files (x86)/microchip/xc32/v1.33/bin/bin/../../lib/gcc/pic32mx/4.5.2/../../../../pic32mx/lib\libc.a(ctypef.o)
 .debug_pubnames
                0x00004f71       0x2a c:/program files (x86)/microchip/xc32/v1.33/bin/bin/../../lib/gcc/pic32mx/4.5.2/../../../../pic32mx/lib\libc.a(doprnt_cdnopsuxX.eo)
 .debug_pubnames
                0x00004f9b       0x1f c:/program files (x86)/microchip/xc32/v1.33/bin/bin/../../lib/gcc/pic32mx/4.5.2/../../../../pic32mx/lib\libc.a(doprnt.o)
 .debug_pubnames
                0x00004fba       0x1c c:/program files (x86)/microchip/xc32/v1.33/bin/bin/../../lib/gcc/pic32mx/4.5.2/../../../../pic32mx/lib\libc.a(_fputc_simple.o)
 .debug_pubnames
                0x00004fd6       0x1e c:/program files (x86)/microchip/xc32/v1.33/bin/bin/../../lib/gcc/pic32mx/4.5.2/../../../../pic32mx/lib\libc.a(_flsbuf_simple.o)
 .debug_pubnames
                0x00004ff4       0x5c c:/program files (x86)/microchip/xc32/v1.33/bin/bin/../../lib/gcc/pic32mx/4.5.2/../../../../pic32mx/lib\libpic32.a(sbrk.o)
 .debug_pubnames
                0x00005050       0x1c c:/program files (x86)/microchip/xc32/v1.33/bin/bin/../../lib/gcc/pic32mx/4.5.2/../../../../pic32mx/lib\libpic32.a(write.o)
 .debug_pubnames
                0x0000506c       0x20 c:/program files (x86)/microchip/xc32/v1.33/bin/bin/../../lib/gcc/pic32mx/4.5.2/../../../../pic32mx/lib\libpic32.a(_mon_putc.o)
 .debug_pubnames
                0x0000508c       0x22 c:/program files (x86)/microchip/xc32/v1.33/bin/bin/../../lib/gcc/pic32mx/4.5.2/../../../../pic32mx/lib\libe.a(_floatdisf.o)
 .debug_pubnames
                0x000050ae       0x24 c:/program files (x86)/microchip/xc32/v1.33/bin/bin/../../lib/gcc/pic32mx/4.5.2\libgcc.a(_floatundisf.o)
 .debug_pubnames
                0x000050d2       0x20 c:/program files (x86)/microchip/xc32/v1.33/bin/bin/../../lib/gcc/pic32mx/4.5.2\libgcc.a(_umoddi3.o)
 .debug_pubnames
                0x000050f2       0x24 c:/program files (x86)/microchip/xc32/v1.33/bin/bin/../../lib/gcc/pic32mx/4.5.2\libgcc.a(floatunsisf.o)

.debug_info     0x00000000    0x85988
 *(.debug_info .gnu.linkonce.wi.*)
 .debug_info    0x00000000      0x3c9 build/default/production/_ext/595770632/random.o
 .debug_info    0x000003c9      0x398 build/default/production/_ext/595770632/arc4.o
 .debug_info    0x00000761      0xae7 build/default/production/_ext/595770632/crypto.o
 .debug_info    0x00001248     0x7708 build/default/production/_ext/1986204992/drv_ethmac.o
 .debug_info    0x00008950     0x804b build/default/production/_ext/1986204992/drv_ethmac_lib.o
 .debug_info    0x0001099b     0x5b1c build/default/production/_ext/810051186/drv_ethphy.o
 .debug_info    0x000164b7      0xebe build/default/production/_ext/810051186/drv_extphy_smsc8740.o
 .debug_info    0x00017375     0x6e7f build/default/production/_ext/304478105/drv_tmr.o
 .debug_info    0x0001e1f4     0x1194 build/default/production/_ext/335806368/sys_devcon.o
 .debug_info    0x0001f388      0xf90 build/default/production/_ext/335806368/sys_devcon_pic32mx.o
 .debug_info    0x00020318     0x14bc build/default/production/_ext/1055666758/sys_int_pic32.o
 .debug_info    0x000217d4     0x3354 build/default/production/_ext/1237536663/sys_ports.o
 .debug_info    0x00024b28      0x742 build/default/production/_ext/323145514/sys_random.o
 .debug_info    0x0002526a      0x598 build/default/production/_ext/346722522/sys_reset.o
 .debug_info    0x00025802     0x220f build/default/production/_ext/2097170832/sys_tmr.o
 .debug_info    0x00027a11     0x7733 build/default/production/_ext/1144052859/tcp.o
 .debug_info    0x0002f144     0x699b build/default/production/_ext/1144052859/udp.o
 .debug_info    0x00035adf     0x55fa build/default/production/_ext/1144052859/arp.o
 .debug_info    0x0003b0d9     0x4e51 build/default/production/_ext/1144052859/dhcp.o
 .debug_info    0x0003ff2a     0x5f2b build/default/production/_ext/1144052859/dns.o
 .debug_info    0x00045e55     0x43f0 build/default/production/_ext/1144052859/icmp.o
 .debug_info    0x0004a245     0x3600 build/default/production/_ext/1144052859/nbns.o
 .debug_info    0x0004d845     0x1077 build/default/production/_ext/1144052859/zero_conf_helper.o
 .debug_info    0x0004e8bc     0x3965 build/default/production/_ext/1144052859/zero_conf_link_local.o
 .debug_info    0x00052221     0x36b5 build/default/production/_ext/1144052859/tcpip_announce.o
 .debug_info    0x000558d6     0x5c55 build/default/production/_ext/1144052859/tcpip_commands.o
 .debug_info    0x0005b52b      0x759 build/default/production/_ext/1997815295/big_int.o
 .debug_info    0x0005bc84      0x861 build/default/production/_ext/1997815295/hashes.o
 .debug_info    0x0005c4e5      0x545 build/default/production/_ext/1997815295/helpers.o
 .debug_info    0x0005ca2a      0x242 build/default/production/_ext/1997815295/lfsr.o
 .debug_info    0x0005cc6c      0x296 build/default/production/_ext/1144052859/hash_fnv.o
 .debug_info    0x0005cf02      0x803 build/default/production/_ext/1144052859/oahash.o
 .debug_info    0x0005d705     0x1c96 build/default/production/_ext/1144052859/tcpip_heap_alloc.o
 .debug_info    0x0005f39b     0x4726 build/default/production/_ext/1144052859/tcpip_helpers.o
 .debug_info    0x00063ac1       0xd3 build/default/production/_ext/1144052859/tcpip_helper_c32.o
 .debug_info    0x00063b94     0x850b build/default/production/_ext/1144052859/tcpip_manager.o
 .debug_info    0x0006c09f     0x12d4 build/default/production/_ext/1144052859/tcpip_notify.o
 .debug_info    0x0006d373     0x2719 build/default/production/_ext/1144052859/tcpip_packet.o
 .debug_info    0x0006fa8c     0x1924 build/default/production/_ext/1829665213/system_debug.o
 .debug_info    0x000713b0     0x1aac build/default/production/_ext/918699391/usart.o
 .debug_info    0x00072e5c     0x1efd build/default/production/_ext/1829665213/system_command.o
 .debug_info    0x00074d59     0x4754 build/default/production/_ext/1144052859/ipv4.o